ARM Linker, RVCT4.0 [Build 524] for uVision [Professional]

==============================================================================

Section Cross References

    main.o(.text) refers to delay.o(.text) for delay_init
    main.o(.text) refers to usart.o(.text) for uart_init
    main.o(.text) refers to motor.o(.text) for Motor_Init
    main.o(.text) refers to noretval__2printf.o(.text) for __2printf
    main.o(.text) refers to ov7670.o(.text) for OV7670_Init
    main.o(.text) refers to exti.o(.text) for EXTI15_Init
    main.o(.text) refers to main.o(.data) for ov_sta
    system_stm32f10x.o(.text) refers to system_stm32f10x.o(.data) for SystemCoreClock
    exti.o(.text) refers to stm32f10x_exti.o(.text) for EXTI_GetITStatus
    exti.o(.text) refers to stm32f10x_gpio.o(.text) for GPIO_EXTILineConfig
    exti.o(.text) refers to sys.o(.text) for JTAG_Set
    exti.o(.text) refers to misc.o(.text) for NVIC_Init
    exti.o(.text) refers to main.o(.data) for ov_sta
    ov7670.o(.text) refers to stm32f10x_rcc.o(.text) for RCC_APB2PeriphClockCmd
    ov7670.o(.text) refers to stm32f10x_gpio.o(.text) for GPIO_Init
    ov7670.o(.text) refers to sys.o(.text) for JTAG_Set
    ov7670.o(.text) refers to sccb.o(.text) for SCCB_Init
    ov7670.o(.text) refers to delay.o(.text) for delay_ms
    ov7670.o(.text) refers to ov7670.o(.constdata) for ov7670_init_reg_tbl
    ov7670.o(.text) refers to main.o(.data) for ov_sta
    ov7670.o(.text) refers to ov7670.o(.data) for Array
    sccb.o(.text) refers to stm32f10x_rcc.o(.text) for RCC_APB2PeriphClockCmd
    sccb.o(.text) refers to stm32f10x_gpio.o(.text) for GPIO_Init
    sccb.o(.text) refers to delay.o(.text) for delay_us
    motor.o(.text) refers to stm32f10x_rcc.o(.text) for RCC_APB2PeriphClockCmd
    motor.o(.text) refers to stm32f10x_gpio.o(.text) for GPIO_Init
    motor.o(.text) refers to timer.o(.text) for Timer3_Init
    motor.o(.text) refers to main.o(.bss) for GmLeft
    motor.o(.text) refers to motor.o(.data) for .data
    timer.o(.text) refers to stm32f10x_rcc.o(.text) for RCC_APB1PeriphClockCmd
    timer.o(.text) refers to stm32f10x_tim.o(.text) for TIM_TimeBaseInit
    timer.o(.text) refers to misc.o(.text) for NVIC_PriorityGroupConfig
    timer.o(.text) refers to motor.o(.text) for StepLeft
    timer.o(.text) refers to sys.o(.text) for NVIC_Configuration
    timer.o(.text) refers to main.o(.bss) for GmLeft
    delay.o(.text) refers to misc.o(.text) for SysTick_CLKSourceConfig
    delay.o(.text) refers to system_stm32f10x.o(.data) for SystemCoreClock
    delay.o(.text) refers to delay.o(.data) for .data
    sys.o(.text) refers to misc.o(.text) for NVIC_PriorityGroupConfig
    usart.o(.text) refers (Special) to use_no_semi_2.o(.text) for __use_no_semihosting
    usart.o(.text) refers to stm32f10x_rcc.o(.text) for RCC_APB2PeriphClockCmd
    usart.o(.text) refers to stm32f10x_usart.o(.text) for USART_DeInit
    usart.o(.text) refers to stm32f10x_gpio.o(.text) for GPIO_Init
    usart.o(.text) refers to misc.o(.text) for NVIC_Init
    usart.o(.text) refers to usart.o(.data) for USART_RX_STA
    usart.o(.text) refers to usart.o(.bss) for USART_RX_BUF
    usart.o(.bss) refers (Special) to use_no_semi_2.o(.text) for __use_no_semihosting
    usart.o(.data) refers (Special) to use_no_semi_2.o(.text) for __use_no_semihosting
    startup_stm32f10x_md.o(STACK) refers (Special) to heapauxi.o(.text) for __use_two_region_memory
    startup_stm32f10x_md.o(HEAP) refers (Special) to heapauxi.o(.text) for __use_two_region_memory
    startup_stm32f10x_md.o(RESET) refers (Special) to heapauxi.o(.text) for __use_two_region_memory
    startup_stm32f10x_md.o(RESET) refers to startup_stm32f10x_md.o(STACK) for __initial_sp
    startup_stm32f10x_md.o(RESET) refers to startup_stm32f10x_md.o(.text) for Reset_Handler
    startup_stm32f10x_md.o(RESET) refers to stm32f10x_it.o(.text) for NMI_Handler
    startup_stm32f10x_md.o(RESET) refers to timer.o(.text) for TIM2_IRQHandler
    startup_stm32f10x_md.o(RESET) refers to usart.o(.text) for USART1_IRQHandler
    startup_stm32f10x_md.o(RESET) refers to exti.o(.text) for EXTI15_10_IRQHandler
    startup_stm32f10x_md.o(.text) refers (Special) to heapauxi.o(.text) for __use_two_region_memory
    startup_stm32f10x_md.o(.text) refers to system_stm32f10x.o(.text) for SystemInit
    startup_stm32f10x_md.o(.text) refers to __main.o(!!!main) for __main
    startup_stm32f10x_md.o(.text) refers to startup_stm32f10x_md.o(HEAP) for Heap_Mem
    startup_stm32f10x_md.o(.text) refers to startup_stm32f10x_md.o(STACK) for Stack_Mem
    stm32f10x_gpio.o(.text) refers to stm32f10x_rcc.o(.text) for RCC_APB2PeriphResetCmd
    stm32f10x_rcc.o(.text) refers to stm32f10x_rcc.o(.data) for .data
    stm32f10x_usart.o(.text) refers to stm32f10x_rcc.o(.text) for RCC_APB2PeriphResetCmd
    stm32f10x_tim.o(.text) refers to stm32f10x_rcc.o(.text) for RCC_APB2PeriphResetCmd
    use_no_semi_2.o(.text) refers (Special) to use_no_semi.o(.text) for __use_no_semihosting_swi
    __2printf.o(.text) refers to _printf_char_common.o(.text) for _printf_char_common
    __2printf.o(.text) refers to ferror.o(.text) for ferror
    __2printf.o(.text) refers to usart.o(.data) for __stdout
    __2printf.o(.text) refers to usart.o(.text) for fputc
    noretval__2printf.o(.text) refers to _printf_char_common.o(.text) for _printf_char_common
    noretval__2printf.o(.text) refers to usart.o(.data) for __stdout
    noretval__2printf.o(.text) refers to usart.o(.text) for fputc
    __main.o(!!!main) refers to rtentry.o(.ARM.Collect$$rtentry$$00000000) for __rt_entry
    rtentry.o(.ARM.Collect$$rtentry$$00000000) refers (Special) to rtentry2.o(.ARM.Collect$$rtentry$$0000000A) for __rt_entry_li
    rtentry.o(.ARM.Collect$$rtentry$$00000000) refers (Special) to rtentry2.o(.ARM.Collect$$rtentry$$0000000D) for __rt_entry_main
    rtentry.o(.ARM.Collect$$rtentry$$00000000) refers (Special) to rtentry2.o(.ARM.Collect$$rtentry$$0000000C) for __rt_entry_postli_1
    rtentry.o(.ARM.Collect$$rtentry$$00000000) refers (Special) to rtentry2.o(.ARM.Collect$$rtentry$$00000009) for __rt_entry_postsh_1
    rtentry.o(.ARM.Collect$$rtentry$$00000000) refers (Special) to rtentry2.o(.ARM.Collect$$rtentry$$00000002) for __rt_entry_presh_1
    rtentry.o(.ARM.Collect$$rtentry$$00000000) refers (Special) to rtentry4.o(.ARM.Collect$$rtentry$$00000004) for __rt_entry_sh
    rtentry.o(.ARM.exidx) refers (Special) to rtentry2.o(.ARM.Collect$$rtentry$$0000000A) for __rt_entry_li
    rtentry.o(.ARM.exidx) refers (Special) to rtentry2.o(.ARM.Collect$$rtentry$$0000000D) for __rt_entry_main
    rtentry.o(.ARM.exidx) refers (Special) to rtentry2.o(.ARM.Collect$$rtentry$$0000000C) for __rt_entry_postli_1
    rtentry.o(.ARM.exidx) refers (Special) to rtentry2.o(.ARM.Collect$$rtentry$$00000009) for __rt_entry_postsh_1
    rtentry.o(.ARM.exidx) refers (Special) to rtentry2.o(.ARM.Collect$$rtentry$$00000002) for __rt_entry_presh_1
    rtentry.o(.ARM.exidx) refers (Special) to rtentry4.o(.ARM.Collect$$rtentry$$00000004) for __rt_entry_sh
    rtentry.o(.ARM.exidx) refers to rtentry.o(.ARM.Collect$$rtentry$$00000000) for .ARM.Collect$$rtentry$$00000000
    _printf_char_common.o(.text) refers to __printf_nopercent.o(.text) for __printf
    rtentry2.o(.ARM.Collect$$rtentry$$00000008) refers to boardinit2.o(.text) for _platform_post_stackheap_init
    rtentry2.o(.ARM.Collect$$rtentry$$0000000A) refers to libinit.o(.ARM.Collect$$libinit$$00000000) for __rt_lib_init
    rtentry2.o(.ARM.Collect$$rtentry$$0000000B) refers to boardinit3.o(.text) for _platform_post_lib_init
    rtentry2.o(.ARM.Collect$$rtentry$$0000000D) refers to main.o(.text) for main
    rtentry2.o(.ARM.Collect$$rtentry$$0000000D) refers to exit.o(.text) for exit
    rtentry2.o(.ARM.exidx) refers to rtentry2.o(.ARM.Collect$$rtentry$$00000001) for .ARM.Collect$$rtentry$$00000001
    rtentry2.o(.ARM.exidx) refers to rtentry2.o(.ARM.Collect$$rtentry$$00000002) for .ARM.Collect$$rtentry$$00000002
    rtentry2.o(.ARM.exidx) refers to rtentry2.o(.ARM.Collect$$rtentry$$00000008) for .ARM.Collect$$rtentry$$00000008
    rtentry2.o(.ARM.exidx) refers to rtentry2.o(.ARM.Collect$$rtentry$$00000009) for .ARM.Collect$$rtentry$$00000009
    rtentry2.o(.ARM.exidx) refers to rtentry2.o(.ARM.Collect$$rtentry$$0000000A) for .ARM.Collect$$rtentry$$0000000A
    rtentry2.o(.ARM.exidx) refers to rtentry2.o(.ARM.Collect$$rtentry$$0000000B) for .ARM.Collect$$rtentry$$0000000B
    rtentry2.o(.ARM.exidx) refers to rtentry2.o(.ARM.Collect$$rtentry$$0000000C) for .ARM.Collect$$rtentry$$0000000C
    rtentry2.o(.ARM.exidx) refers to rtentry2.o(.ARM.Collect$$rtentry$$0000000D) for .ARM.Collect$$rtentry$$0000000D
    rtentry4.o(.ARM.Collect$$rtentry$$00000004) refers to sys_stackheap_outer.o(.text) for __user_setup_stackheap
    rtentry4.o(.ARM.exidx) refers to rtentry4.o(.ARM.Collect$$rtentry$$00000004) for .ARM.Collect$$rtentry$$00000004
    sys_stackheap_outer.o(.text) refers to libspace.o(.text) for __user_perproc_libspace
    sys_stackheap_outer.o(.text) refers to startup_stm32f10x_md.o(.text) for __user_initial_stackheap
    exit.o(.text) refers to rtexit.o(.ARM.Collect$$rtexit$$00000000) for __rt_exit
    libinit.o(.ARM.Collect$$libinit$$00000000) refers (Special) to libinit2.o(.ARM.Collect$$libinit$$0000002A) for __rt_lib_init_alloca_1
    libinit.o(.ARM.Collect$$libinit$$00000000) refers (Special) to libinit2.o(.ARM.Collect$$libinit$$00000028) for __rt_lib_init_argv_1
    libinit.o(.ARM.Collect$$libinit$$00000000) refers (Special) to libinit2.o(.ARM.Collect$$libinit$$00000017) for __rt_lib_init_atexit_1
    libinit.o(.ARM.Collect$$libinit$$00000000) refers (Special) to libinit2.o(.ARM.Collect$$libinit$$0000001D) for __rt_lib_init_clock_1
    libinit.o(.ARM.Collect$$libinit$$00000000) refers (Special) to libinit2.o(.ARM.Collect$$libinit$$0000002E) for __rt_lib_init_cpp_1
    libinit.o(.ARM.Collect$$libinit$$00000000) refers (Special) to libinit2.o(.ARM.Collect$$libinit$$0000002C) for __rt_lib_init_exceptions_1
    libinit.o(.ARM.Collect$$libinit$$00000000) refers (Special) to libinit2.o(.ARM.Collect$$libinit$$0000001B) for __rt_lib_init_fp_trap_1
    libinit.o(.ARM.Collect$$libinit$$00000000) refers (Special) to libinit2.o(.ARM.Collect$$libinit$$0000001F) for __rt_lib_init_getenv_1
    libinit.o(.ARM.Collect$$libinit$$00000000) refers (Special) to libinit2.o(.ARM.Collect$$libinit$$00000006) for __rt_lib_init_heap_1
    libinit.o(.ARM.Collect$$libinit$$00000000) refers (Special) to libinit2.o(.ARM.Collect$$libinit$$0000000D) for __rt_lib_init_lc_collate_1
    libinit.o(.ARM.Collect$$libinit$$00000000) refers (Special) to libinit2.o(.ARM.Collect$$libinit$$0000000F) for __rt_lib_init_lc_ctype_1
    libinit.o(.ARM.Collect$$libinit$$00000000) refers (Special) to libinit2.o(.ARM.Collect$$libinit$$00000011) for __rt_lib_init_lc_monetary_1
    libinit.o(.ARM.Collect$$libinit$$00000000) refers (Special) to libinit2.o(.ARM.Collect$$libinit$$00000013) for __rt_lib_init_lc_numeric_1
    libinit.o(.ARM.Collect$$libinit$$00000000) refers (Special) to libinit2.o(.ARM.Collect$$libinit$$00000015) for __rt_lib_init_lc_time_1
    libinit.o(.ARM.Collect$$libinit$$00000000) refers (Special) to libinit2.o(.ARM.Collect$$libinit$$0000000A) for __rt_lib_init_rand_1
    libinit.o(.ARM.Collect$$libinit$$00000000) refers (Special) to libinit2.o(.ARM.Collect$$libinit$$0000002F) for __rt_lib_init_return
    libinit.o(.ARM.Collect$$libinit$$00000000) refers (Special) to libinit2.o(.ARM.Collect$$libinit$$00000019) for __rt_lib_init_signal_1
    libinit.o(.ARM.Collect$$libinit$$00000000) refers (Special) to libinit2.o(.ARM.Collect$$libinit$$00000021) for __rt_lib_init_stdio_1
    libinit.o(.ARM.Collect$$libinit$$00000000) refers (Special) to libinit2.o(.ARM.Collect$$libinit$$00000008) for __rt_lib_init_user_alloc_1
    libspace.o(.text) refers to libspace.o(.bss) for __libspace_start
    rtexit.o(.ARM.Collect$$rtexit$$00000000) refers (Special) to rtexit2.o(.ARM.Collect$$rtexit$$00000004) for __rt_exit_exit
    rtexit.o(.ARM.Collect$$rtexit$$00000000) refers (Special) to rtexit2.o(.ARM.Collect$$rtexit$$00000003) for __rt_exit_ls
    rtexit.o(.ARM.Collect$$rtexit$$00000000) refers (Special) to rtexit2.o(.ARM.Collect$$rtexit$$00000002) for __rt_exit_prels_1
    rtexit.o(.ARM.exidx) refers (Special) to rtexit2.o(.ARM.Collect$$rtexit$$00000004) for __rt_exit_exit
    rtexit.o(.ARM.exidx) refers (Special) to rtexit2.o(.ARM.Collect$$rtexit$$00000003) for __rt_exit_ls
    rtexit.o(.ARM.exidx) refers (Special) to rtexit2.o(.ARM.Collect$$rtexit$$00000002) for __rt_exit_prels_1
    rtexit.o(.ARM.exidx) refers to rtexit.o(.ARM.Collect$$rtexit$$00000000) for .ARM.Collect$$rtexit$$00000000
    libinit2.o(.ARM.Collect$$libinit$$0000000C) refers to libinit2.o(.ARM.Collect$$libinit$$0000000B) for .ARM.Collect$$libinit$$0000000B
    libinit2.o(.ARM.Collect$$libinit$$0000000E) refers to libinit2.o(.ARM.Collect$$libinit$$0000000B) for .ARM.Collect$$libinit$$0000000B
    libinit2.o(.ARM.Collect$$libinit$$00000010) refers to libinit2.o(.ARM.Collect$$libinit$$0000000B) for .ARM.Collect$$libinit$$0000000B
    libinit2.o(.ARM.Collect$$libinit$$00000012) refers to libinit2.o(.ARM.Collect$$libinit$$0000000B) for .ARM.Collect$$libinit$$0000000B
    libinit2.o(.ARM.Collect$$libinit$$00000014) refers to libinit2.o(.ARM.Collect$$libinit$$0000000B) for .ARM.Collect$$libinit$$0000000B
    libinit2.o(.ARM.Collect$$libinit$$00000022) refers to argv_veneer.o(.emb_text) for __ARM_argv_veneer
    libinit2.o(.ARM.Collect$$libinit$$00000023) refers to argv_veneer.o(.emb_text) for __ARM_argv_veneer
    rtexit2.o(.ARM.Collect$$rtexit$$00000003) refers to libshutdown.o(.ARM.Collect$$libshutdown$$00000000) for __rt_lib_shutdown
    rtexit2.o(.ARM.Collect$$rtexit$$00000004) refers to usart.o(.text) for _sys_exit
    rtexit2.o(.ARM.exidx) refers to rtexit2.o(.ARM.Collect$$rtexit$$00000001) for .ARM.Collect$$rtexit$$00000001
    rtexit2.o(.ARM.exidx) refers to rtexit2.o(.ARM.Collect$$rtexit$$00000002) for .ARM.Collect$$rtexit$$00000002
    rtexit2.o(.ARM.exidx) refers to rtexit2.o(.ARM.Collect$$rtexit$$00000003) for .ARM.Collect$$rtexit$$00000003
    rtexit2.o(.ARM.exidx) refers to rtexit2.o(.ARM.Collect$$rtexit$$00000004) for .ARM.Collect$$rtexit$$00000004
    argv_veneer.o(.emb_text) refers to no_argv.o(.text) for __ARM_get_argv
    _get_argv_nomalloc.o(.text) refers (Special) to hrguard.o(.text) for __heap_region$guard
    _get_argv_nomalloc.o(.text) refers to defsig_rtmem_outer.o(.text) for __rt_SIGRTMEM
    _get_argv_nomalloc.o(.text) refers to sys_command.o(.text) for _sys_command_string
    libshutdown.o(.ARM.Collect$$libshutdown$$00000000) refers (Special) to libshutdown2.o(.ARM.Collect$$libshutdown$$00000006) for __rt_lib_shutdown_fp_trap_1
    libshutdown.o(.ARM.Collect$$libshutdown$$00000000) refers (Special) to libshutdown2.o(.ARM.Collect$$libshutdown$$0000000E) for __rt_lib_shutdown_heap_1
    libshutdown.o(.ARM.Collect$$libshutdown$$00000000) refers (Special) to libshutdown2.o(.ARM.Collect$$libshutdown$$0000000F) for __rt_lib_shutdown_return
    libshutdown.o(.ARM.Collect$$libshutdown$$00000000) refers (Special) to libshutdown2.o(.ARM.Collect$$libshutdown$$00000009) for __rt_lib_shutdown_signal_1
    libshutdown.o(.ARM.Collect$$libshutdown$$00000000) refers (Special) to libshutdown2.o(.ARM.Collect$$libshutdown$$00000003) for __rt_lib_shutdown_stdio_1
    libshutdown.o(.ARM.Collect$$libshutdown$$00000000) refers (Special) to libshutdown2.o(.ARM.Collect$$libshutdown$$0000000B) for __rt_lib_shutdown_user_alloc_1
    sys_command.o(.text) refers (Special) to use_no_semi.o(.text) for __I$use$semihosting
    defsig_rtmem_outer.o(.text) refers to defsig_rtmem_inner.o(.text) for __rt_SIGRTMEM_inner
    defsig_rtmem_outer.o(.text) refers to defsig_exit.o(.text) for __sig_exit
    defsig_rtmem_formal.o(.text) refers to rt_raise.o(.text) for __rt_raise
    rt_raise.o(.text) refers to __raise.o(.text) for __raise
    rt_raise.o(.text) refers to usart.o(.text) for _sys_exit
    defsig_exit.o(.text) refers to usart.o(.text) for _sys_exit
    defsig_rtmem_inner.o(.text) refers to defsig_general.o(.text) for __default_signal_display
    __raise.o(.text) refers to defsig.o(CL$$defsig) for __default_signal_handler
    defsig_general.o(.text) refers to sys_wrch.o(.text) for _ttywrch
    sys_wrch.o(.text) refers (Special) to use_no_semi.o(.text) for __I$use$semihosting
    defsig.o(CL$$defsig) refers to defsig_rtmem_inner.o(.text) for __rt_SIGRTMEM_inner
    defsig_abrt_inner.o(.text) refers to defsig_general.o(.text) for __default_signal_display
    defsig_fpe_inner.o(.text) refers to defsig_general.o(.text) for __default_signal_display
    defsig_rtred_inner.o(.text) refers to defsig_general.o(.text) for __default_signal_display
    defsig_stak_inner.o(.text) refers to defsig_general.o(.text) for __default_signal_display
    defsig_pvfn_inner.o(.text) refers to defsig_general.o(.text) for __default_signal_display
    defsig_cppl_inner.o(.text) refers to defsig_general.o(.text) for __default_signal_display
    defsig_segv_inner.o(.text) refers to defsig_general.o(.text) for __default_signal_display
    defsig_other.o(.text) refers to defsig_general.o(.text) for __default_signal_display


==============================================================================

Removing Unused input sections from the image.

    Removing core_cm3.o(.emb_text), (32 bytes).

1 unused section(s) (total 32 bytes) removed from the image.

==============================================================================

Image Symbol Table

    Local Symbols

    Symbol Name                              Value     Ov Type        Size  Object(Section)

    ../../angel/boardlib.s                   0x00000000   Number         0  boardinit3.o ABSOLUTE
    ../../angel/boardlib.s                   0x00000000   Number         0  boardinit2.o ABSOLUTE
    ../../angel/boardlib.s                   0x00000000   Number         0  boardshut.o ABSOLUTE
    ../../angel/boardlib.s                   0x00000000   Number         0  boardinit1.o ABSOLUTE
    ../../angel/handlers.s                   0x00000000   Number         0  __scatter_copy.o ABSOLUTE
    ../../angel/handlers.s                   0x00000000   Number         0  __scatter_zi.o ABSOLUTE
    ../../angel/kernel.s                     0x00000000   Number         0  rtexit2.o ABSOLUTE
    ../../angel/kernel.s                     0x00000000   Number         0  rtentry.o ABSOLUTE
    ../../angel/kernel.s                     0x00000000   Number         0  rtentry2.o ABSOLUTE
    ../../angel/kernel.s                     0x00000000   Number         0  rtentry4.o ABSOLUTE
    ../../angel/kernel.s                     0x00000000   Number         0  rtexit.o ABSOLUTE
    ../../angel/rt.s                         0x00000000   Number         0  rt_raise.o ABSOLUTE
    ../../angel/scatter.s                    0x00000000   Number         0  __scatter.o ABSOLUTE
    ../../angel/startup.s                    0x00000000   Number         0  __main.o ABSOLUTE
    ../../angel/sys.s                        0x00000000   Number         0  sys_stackheap_outer.o ABSOLUTE
    ../../angel/sys.s                        0x00000000   Number         0  use_no_semi.o ABSOLUTE
    ../../angel/sys.s                        0x00000000   Number         0  libspace.o ABSOLUTE
    ../../angel/sys.s                        0x00000000   Number         0  use_no_semi_2.o ABSOLUTE
    ../../angel/sysapp.c                     0x00000000   Number         0  sys_wrch.o ABSOLUTE
    ../../angel/sysapp.c                     0x00000000   Number         0  sys_command.o ABSOLUTE
    ../../armsys.c                           0x00000000   Number         0  argv_veneer.o ABSOLUTE
    ../../armsys.c                           0x00000000   Number         0  no_argv.o ABSOLUTE
    ../../armsys.c                           0x00000000   Number         0  _get_argv_nomalloc.o ABSOLUTE
    ../../armsys.c                           0x00000000   Number         0  argv_veneer.o ABSOLUTE
    ../../fpinit.s                           0x00000000   Number         0  fpinit.o ABSOLUTE
    ../../heapalloc.c                        0x00000000   Number         0  hrguard.o ABSOLUTE
    ../../heapaux.c                          0x00000000   Number         0  heapauxi.o ABSOLUTE
    ../../libinit.s                          0x00000000   Number         0  libshutdown2.o ABSOLUTE
    ../../libinit.s                          0x00000000   Number         0  libinit.o ABSOLUTE
    ../../libinit.s                          0x00000000   Number         0  libinit2.o ABSOLUTE
    ../../libinit.s                          0x00000000   Number         0  libshutdown.o ABSOLUTE
    ../../printf.c                           0x00000000   Number         0  noretval__2printf.o ABSOLUTE
    ../../printf.c                           0x00000000   Number         0  __2printf.o ABSOLUTE
    ../../printf.c                           0x00000000   Number         0  __printf_nopercent.o ABSOLUTE
    ../../printf.c                           0x00000000   Number         0  _printf_char_common.o ABSOLUTE
    ../../signal.c                           0x00000000   Number         0  __raise.o ABSOLUTE
    ../../signal.c                           0x00000000   Number         0  defsig_rtmem_inner.o ABSOLUTE
    ../../signal.c                           0x00000000   Number         0  defsig_exit.o ABSOLUTE
    ../../signal.c                           0x00000000   Number         0  defsig_general.o ABSOLUTE
    ../../signal.c                           0x00000000   Number         0  defsig_abrt_inner.o ABSOLUTE
    ../../signal.c                           0x00000000   Number         0  defsig_fpe_inner.o ABSOLUTE
    ../../signal.c                           0x00000000   Number         0  defsig_rtred_inner.o ABSOLUTE
    ../../signal.c                           0x00000000   Number         0  defsig_stak_inner.o ABSOLUTE
    ../../signal.c                           0x00000000   Number         0  defsig_pvfn_inner.o ABSOLUTE
    ../../signal.c                           0x00000000   Number         0  defsig_cppl_inner.o ABSOLUTE
    ../../signal.c                           0x00000000   Number         0  defsig_segv_inner.o ABSOLUTE
    ../../signal.c                           0x00000000   Number         0  defsig_other.o ABSOLUTE
    ../../signal.c                           0x00000000   Number         0  defsig_rtmem_outer.o ABSOLUTE
    ../../signal.c                           0x00000000   Number         0  defsig_rtmem_formal.o ABSOLUTE
    ../../signal.s                           0x00000000   Number         0  defsig.o ABSOLUTE
    ../../stdio.c                            0x00000000   Number         0  ferror_locked.o ABSOLUTE
    ../../stdio.c                            0x00000000   Number         0  ferror.o ABSOLUTE
    ../../stdlib.c                           0x00000000   Number         0  exit.o ABSOLUTE
    ..\CORE\core_cm3.c                       0x00000000   Number         0  core_cm3.o ABSOLUTE
    ..\CORE\startup_stm32f10x_md.s           0x00000000   Number         0  startup_stm32f10x_md.o ABSOLUTE
    ..\HARDWARE\EXTI\exti.c                  0x00000000   Number         0  exti.o ABSOLUTE
    ..\HARDWARE\Motor\motor.c                0x00000000   Number         0  motor.o ABSOLUTE
    ..\HARDWARE\OV7670\ov7670.c              0x00000000   Number         0  ov7670.o ABSOLUTE
    ..\HARDWARE\OV7670\sccb.c                0x00000000   Number         0  sccb.o ABSOLUTE
    ..\HARDWARE\TIMER\timer.c                0x00000000   Number         0  timer.o ABSOLUTE
    ..\STM32F10x_FWLib\src\misc.c            0x00000000   Number         0  misc.o ABSOLUTE
    ..\STM32F10x_FWLib\src\stm32f10x_exti.c  0x00000000   Number         0  stm32f10x_exti.o ABSOLUTE
    ..\STM32F10x_FWLib\src\stm32f10x_gpio.c  0x00000000   Number         0  stm32f10x_gpio.o ABSOLUTE
    ..\STM32F10x_FWLib\src\stm32f10x_rcc.c   0x00000000   Number         0  stm32f10x_rcc.o ABSOLUTE
    ..\STM32F10x_FWLib\src\stm32f10x_tim.c   0x00000000   Number         0  stm32f10x_tim.o ABSOLUTE
    ..\STM32F10x_FWLib\src\stm32f10x_usart.c 0x00000000   Number         0  stm32f10x_usart.o ABSOLUTE
    ..\SYSTEM\delay\delay.c                  0x00000000   Number         0  delay.o ABSOLUTE
    ..\SYSTEM\sys\sys.c                      0x00000000   Number         0  sys.o ABSOLUTE
    ..\SYSTEM\usart\usart.c                  0x00000000   Number         0  usart.o ABSOLUTE
    ..\\CORE\\core_cm3.c                     0x00000000   Number         0  core_cm3.o ABSOLUTE
    dc.s                                     0x00000000   Number         0  dc.o ABSOLUTE
    main.c                                   0x00000000   Number         0  main.o ABSOLUTE
    stm32f10x_it.c                           0x00000000   Number         0  stm32f10x_it.o ABSOLUTE
    system_stm32f10x.c                       0x00000000   Number         0  system_stm32f10x.o ABSOLUTE
    RESET                                    0x20000000   Section      236  startup_stm32f10x_md.o(RESET)
    !!!main                                  0x200000ec   Section        8  __main.o(!!!main)
    !!!scatter                               0x200000f4   Section       52  __scatter.o(!!!scatter)
    !!handler_copy                           0x20000128   Section       26  __scatter_copy.o(!!handler_copy)
    !!handler_zi                             0x20000144   Section       28  __scatter_zi.o(!!handler_zi)
    .ARM.Collect$$libinit$$00000000          0x20000160   Section        6  libinit.o(.ARM.Collect$$libinit$$00000000)
    .ARM.Collect$$libinit$$00000006          0x20000166   Section        0  libinit2.o(.ARM.Collect$$libinit$$00000006)
    .ARM.Collect$$libinit$$00000008          0x20000166   Section        0  libinit2.o(.ARM.Collect$$libinit$$00000008)
    .ARM.Collect$$libinit$$0000000A          0x20000166   Section        0  libinit2.o(.ARM.Collect$$libinit$$0000000A)
    .ARM.Collect$$libinit$$0000000D          0x20000166   Section        0  libinit2.o(.ARM.Collect$$libinit$$0000000D)
    .ARM.Collect$$libinit$$0000000F          0x20000166   Section        0  libinit2.o(.ARM.Collect$$libinit$$0000000F)
    .ARM.Collect$$libinit$$00000011          0x20000166   Section        0  libinit2.o(.ARM.Collect$$libinit$$00000011)
    .ARM.Collect$$libinit$$00000013          0x20000166   Section        0  libinit2.o(.ARM.Collect$$libinit$$00000013)
    .ARM.Collect$$libinit$$00000015          0x20000166   Section        0  libinit2.o(.ARM.Collect$$libinit$$00000015)
    .ARM.Collect$$libinit$$00000017          0x20000166   Section        0  libinit2.o(.ARM.Collect$$libinit$$00000017)
    .ARM.Collect$$libinit$$00000019          0x20000166   Section        0  libinit2.o(.ARM.Collect$$libinit$$00000019)
    .ARM.Collect$$libinit$$0000001B          0x20000166   Section        0  libinit2.o(.ARM.Collect$$libinit$$0000001B)
    .ARM.Collect$$libinit$$0000001D          0x20000166   Section        0  libinit2.o(.ARM.Collect$$libinit$$0000001D)
    .ARM.Collect$$libinit$$0000001F          0x20000166   Section        0  libinit2.o(.ARM.Collect$$libinit$$0000001F)
    .ARM.Collect$$libinit$$00000021          0x20000166   Section        0  libinit2.o(.ARM.Collect$$libinit$$00000021)
    .ARM.Collect$$libinit$$00000028          0x20000166   Section        0  libinit2.o(.ARM.Collect$$libinit$$00000028)
    .ARM.Collect$$libinit$$0000002A          0x20000166   Section        0  libinit2.o(.ARM.Collect$$libinit$$0000002A)
    .ARM.Collect$$libinit$$0000002C          0x20000166   Section        0  libinit2.o(.ARM.Collect$$libinit$$0000002C)
    .ARM.Collect$$libinit$$0000002E          0x20000166   Section        0  libinit2.o(.ARM.Collect$$libinit$$0000002E)
    .ARM.Collect$$libinit$$0000002F          0x20000166   Section        2  libinit2.o(.ARM.Collect$$libinit$$0000002F)
    .ARM.Collect$$libshutdown$$00000000      0x20000168   Section        2  libshutdown.o(.ARM.Collect$$libshutdown$$00000000)
    .ARM.Collect$$libshutdown$$00000003      0x2000016a   Section        0  libshutdown2.o(.ARM.Collect$$libshutdown$$00000003)
    .ARM.Collect$$libshutdown$$00000006      0x2000016a   Section        0  libshutdown2.o(.ARM.Collect$$libshutdown$$00000006)
    .ARM.Collect$$libshutdown$$00000009      0x2000016a   Section        0  libshutdown2.o(.ARM.Collect$$libshutdown$$00000009)
    .ARM.Collect$$libshutdown$$0000000B      0x2000016a   Section        0  libshutdown2.o(.ARM.Collect$$libshutdown$$0000000B)
    .ARM.Collect$$libshutdown$$0000000E      0x2000016a   Section        0  libshutdown2.o(.ARM.Collect$$libshutdown$$0000000E)
    .ARM.Collect$$libshutdown$$0000000F      0x2000016a   Section        2  libshutdown2.o(.ARM.Collect$$libshutdown$$0000000F)
    .ARM.Collect$$rtentry$$00000000          0x2000016c   Section        0  rtentry.o(.ARM.Collect$$rtentry$$00000000)
    .ARM.Collect$$rtentry$$00000002          0x2000016c   Section        0  rtentry2.o(.ARM.Collect$$rtentry$$00000002)
    .ARM.Collect$$rtentry$$00000004          0x2000016c   Section        6  rtentry4.o(.ARM.Collect$$rtentry$$00000004)
    .ARM.Collect$$rtentry$$00000009          0x20000172   Section        0  rtentry2.o(.ARM.Collect$$rtentry$$00000009)
    .ARM.Collect$$rtentry$$0000000A          0x20000172   Section        4  rtentry2.o(.ARM.Collect$$rtentry$$0000000A)
    .ARM.Collect$$rtentry$$0000000C          0x20000176   Section        0  rtentry2.o(.ARM.Collect$$rtentry$$0000000C)
    .ARM.Collect$$rtentry$$0000000D          0x20000176   Section        8  rtentry2.o(.ARM.Collect$$rtentry$$0000000D)
    .ARM.Collect$$rtexit$$00000000           0x2000017e   Section        0  rtexit.o(.ARM.Collect$$rtexit$$00000000)
    .ARM.Collect$$rtexit$$00000002           0x2000017e   Section        0  rtexit2.o(.ARM.Collect$$rtexit$$00000002)
    .ARM.Collect$$rtexit$$00000003           0x2000017e   Section        4  rtexit2.o(.ARM.Collect$$rtexit$$00000003)
    .ARM.Collect$$rtexit$$00000004           0x20000182   Section        4  rtexit2.o(.ARM.Collect$$rtexit$$00000004)
    .text                                    0x20000188   Section      156  main.o(.text)
    .text                                    0x20000224   Section       26  stm32f10x_it.o(.text)
    .text                                    0x20000240   Section      456  system_stm32f10x.o(.text)
    SetSysClockTo72                          0x20000241   Thumb Code   192  system_stm32f10x.o(.text)
    SetSysClock                              0x20000301   Thumb Code     8  system_stm32f10x.o(.text)
    .text                                    0x20000408   Section      180  exti.o(.text)
    .text                                    0x200004bc   Section     1012  ov7670.o(.text)
    .text                                    0x200008b0   Section      628  sccb.o(.text)
    .text                                    0x20000b24   Section      748  motor.o(.text)
    .text                                    0x20000e10   Section      396  timer.o(.text)
    .text                                    0x20000f9c   Section      192  delay.o(.text)
    .text                                    0x2000105c   Section       60  sys.o(.text)
    .text                                    0x20001098   Section      328  usart.o(.text)
    .text                                    0x200011e0   Section       64  startup_stm32f10x_md.o(.text)
    .text                                    0x20001220   Section      224  misc.o(.text)
    .text                                    0x20001300   Section      840  stm32f10x_gpio.o(.text)
    .text                                    0x20001648   Section      912  stm32f10x_rcc.o(.text)
    .text                                    0x200019d8   Section     1032  stm32f10x_usart.o(.text)
    .text                                    0x20001de0   Section      304  stm32f10x_exti.o(.text)
    .text                                    0x20001f10   Section     3426  stm32f10x_tim.o(.text)
    TI4_Config                               0x20002399   Thumb Code   114  stm32f10x_tim.o(.text)
    TI3_Config                               0x2000241d   Thumb Code   110  stm32f10x_tim.o(.text)
    TI2_Config                               0x200024a1   Thumb Code   114  stm32f10x_tim.o(.text)
    TI1_Config                               0x20002525   Thumb Code   102  stm32f10x_tim.o(.text)
    .text                                    0x20002c72   Section        2  use_no_semi_2.o(.text)
    .text                                    0x20002c74   Section       32  noretval__2printf.o(.text)
    .text                                    0x20002c94   Section        6  heapauxi.o(.text)
    .text                                    0x20002c9a   Section        2  use_no_semi.o(.text)
    .text                                    0x20002c9c   Section       48  _printf_char_common.o(.text)
    _printf_input_char                       0x20002c9d   Thumb Code    10  _printf_char_common.o(.text)
    .text                                    0x20002ccc   Section       36  __printf_nopercent.o(.text)
    .text                                    0x20002cf0   Section       74  sys_stackheap_outer.o(.text)
    .text                                    0x20002d3a   Section       12  exit.o(.text)
    .text                                    0x20002d48   Section        8  libspace.o(.text)
    .constdata                               0x20002d50   Section      342  ov7670.o(.constdata)
    .data                                    0x20004000   Section        1  main.o(.data)
    .data                                    0x20004004   Section       20  system_stm32f10x.o(.data)
    .data                                    0x20004018   Section      120  ov7670.o(.data)
    .data                                    0x20004090   Section        8  motor.o(.data)
    ucRunStepLft                             0x20004090   Data           4  motor.o(.data)
    ucRunStepRgt                             0x20004094   Data           4  motor.o(.data)
    .data                                    0x20004098   Section        4  delay.o(.data)
    fac_us                                   0x20004098   Data           1  delay.o(.data)
    fac_ms                                   0x2000409a   Data           2  delay.o(.data)
    .data                                    0x2000409c   Section        8  usart.o(.data)
    .data                                    0x200040a4   Section       20  stm32f10x_rcc.o(.data)
    APBAHBPrescTable                         0x200040a4   Data          16  stm32f10x_rcc.o(.data)
    ADCPrescTable                            0x200040b4   Data           4  stm32f10x_rcc.o(.data)
    .bss                                     0x200040b8   Section       32  main.o(.bss)
    .bss                                     0x200040d8   Section      200  usart.o(.bss)
    .bss                                     0x200041a0   Section       96  libspace.o(.bss)
    HEAP                                     0x20004200   Section      512  startup_stm32f10x_md.o(HEAP)
    Heap_Mem                                 0x20004200   Data         512  startup_stm32f10x_md.o(HEAP)
    STACK                                    0x20004400   Section     1024  startup_stm32f10x_md.o(STACK)
    Stack_Mem                                0x20004400   Data        1024  startup_stm32f10x_md.o(STACK)
    __initial_sp                             0x20004800   Data           0  startup_stm32f10x_md.o(STACK)

    Global Symbols

    Symbol Name                              Value     Ov Type        Size  Object(Section)

    BuildAttributes$$THM_ISAv4$P$D$K$B$S$PE$A:L22UL41UL21$X:L11$S22US41US21$IEEE1$IW$USESV6$~STKCKD$USESV7$~SHL$OSPACE$ROPI$EBA8$UX$STANDARDLIB$REQ8$PRES8$EABIv2 0x00000000   Number         0  anon$$obj.o ABSOLUTE
    __ARM_use_no_argv                        0x00000000   Number         0  main.o ABSOLUTE
    __ARM_exceptions_init                     - Undefined Weak Reference
    __alloca_initialize                       - Undefined Weak Reference
    __cpp_initialize__aeabi_                  - Undefined Weak Reference
    __cxa_finalize                            - Undefined Weak Reference
    __rt_locale                               - Undefined Weak Reference
    __sigvec_lookup                           - Undefined Weak Reference
    _atexit_init                              - Undefined Weak Reference
    _call_atexit_fns                          - Undefined Weak Reference
    _clock_init                               - Undefined Weak Reference
    _fp_trap_init                             - Undefined Weak Reference
    _fp_trap_shutdown                         - Undefined Weak Reference
    _get_lc_collate                           - Undefined Weak Reference
    _get_lc_ctype                             - Undefined Weak Reference
    _get_lc_monetary                          - Undefined Weak Reference
    _get_lc_numeric                           - Undefined Weak Reference
    _get_lc_time                              - Undefined Weak Reference
    _getenv_init                              - Undefined Weak Reference
    _handle_redirection                       - Undefined Weak Reference
    _init_alloc                               - Undefined Weak Reference
    _init_user_alloc                          - Undefined Weak Reference
    _initio                                   - Undefined Weak Reference
    _mutex_acquire                            - Undefined Weak Reference
    _mutex_release                            - Undefined Weak Reference
    _rand_init                                - Undefined Weak Reference
    _signal_finish                            - Undefined Weak Reference
    _signal_init                              - Undefined Weak Reference
    _terminate_alloc                          - Undefined Weak Reference
    _terminate_user_alloc                     - Undefined Weak Reference
    _terminateio                              - Undefined Weak Reference
    __Vectors_Size                           0x000000ec   Number         0  startup_stm32f10x_md.o ABSOLUTE
    __Vectors                                0x20000000   Data           4  startup_stm32f10x_md.o(RESET)
    __Vectors_End                            0x200000ec   Data           0  startup_stm32f10x_md.o(RESET)
    __main                                   0x200000ed   Thumb Code     8  __main.o(!!!main)
    __scatterload                            0x200000f5   Thumb Code     0  __scatter.o(!!!scatter)
    __scatterload_rt2                        0x200000f5   Thumb Code    44  __scatter.o(!!!scatter)
    __scatterload_rt2_thumb_only             0x200000f5   Thumb Code     0  __scatter.o(!!!scatter)
    __scatterload_null                       0x20000103   Thumb Code     0  __scatter.o(!!!scatter)
    __scatterload_copy                       0x20000129   Thumb Code    26  __scatter_copy.o(!!handler_copy)
    __scatterload_zeroinit                   0x20000145   Thumb Code    28  __scatter_zi.o(!!handler_zi)
    __rt_lib_init                            0x20000161   Thumb Code     0  libinit.o(.ARM.Collect$$libinit$$00000000)
    __rt_lib_init_alloca_1                   0x20000167   Thumb Code     0  libinit2.o(.ARM.Collect$$libinit$$0000002A)
    __rt_lib_init_argv_1                     0x20000167   Thumb Code     0  libinit2.o(.ARM.Collect$$libinit$$00000028)
    __rt_lib_init_atexit_1                   0x20000167   Thumb Code     0  libinit2.o(.ARM.Collect$$libinit$$00000017)
    __rt_lib_init_clock_1                    0x20000167   Thumb Code     0  libinit2.o(.ARM.Collect$$libinit$$0000001D)
    __rt_lib_init_cpp_1                      0x20000167   Thumb Code     0  libinit2.o(.ARM.Collect$$libinit$$0000002E)
    __rt_lib_init_exceptions_1               0x20000167   Thumb Code     0  libinit2.o(.ARM.Collect$$libinit$$0000002C)
    __rt_lib_init_fp_trap_1                  0x20000167   Thumb Code     0  libinit2.o(.ARM.Collect$$libinit$$0000001B)
    __rt_lib_init_getenv_1                   0x20000167   Thumb Code     0  libinit2.o(.ARM.Collect$$libinit$$0000001F)
    __rt_lib_init_heap_1                     0x20000167   Thumb Code     0  libinit2.o(.ARM.Collect$$libinit$$00000006)
    __rt_lib_init_lc_collate_1               0x20000167   Thumb Code     0  libinit2.o(.ARM.Collect$$libinit$$0000000D)
    __rt_lib_init_lc_ctype_1                 0x20000167   Thumb Code     0  libinit2.o(.ARM.Collect$$libinit$$0000000F)
    __rt_lib_init_lc_monetary_1              0x20000167   Thumb Code     0  libinit2.o(.ARM.Collect$$libinit$$00000011)
    __rt_lib_init_lc_numeric_1               0x20000167   Thumb Code     0  libinit2.o(.ARM.Collect$$libinit$$00000013)
    __rt_lib_init_lc_time_1                  0x20000167   Thumb Code     0  libinit2.o(.ARM.Collect$$libinit$$00000015)
    __rt_lib_init_rand_1                     0x20000167   Thumb Code     0  libinit2.o(.ARM.Collect$$libinit$$0000000A)
    __rt_lib_init_return                     0x20000167   Thumb Code     0  libinit2.o(.ARM.Collect$$libinit$$0000002F)
    __rt_lib_init_signal_1                   0x20000167   Thumb Code     0  libinit2.o(.ARM.Collect$$libinit$$00000019)
    __rt_lib_init_stdio_1                    0x20000167   Thumb Code     0  libinit2.o(.ARM.Collect$$libinit$$00000021)
    __rt_lib_init_user_alloc_1               0x20000167   Thumb Code     0  libinit2.o(.ARM.Collect$$libinit$$00000008)
    __rt_lib_shutdown                        0x20000169   Thumb Code     0  libshutdown.o(.ARM.Collect$$libshutdown$$00000000)
    __rt_lib_shutdown_fp_trap_1              0x2000016b   Thumb Code     0  libshutdown2.o(.ARM.Collect$$libshutdown$$00000006)
    __rt_lib_shutdown_heap_1                 0x2000016b   Thumb Code     0  libshutdown2.o(.ARM.Collect$$libshutdown$$0000000E)
    __rt_lib_shutdown_return                 0x2000016b   Thumb Code     0  libshutdown2.o(.ARM.Collect$$libshutdown$$0000000F)
    __rt_lib_shutdown_signal_1               0x2000016b   Thumb Code     0  libshutdown2.o(.ARM.Collect$$libshutdown$$00000009)
    __rt_lib_shutdown_stdio_1                0x2000016b   Thumb Code     0  libshutdown2.o(.ARM.Collect$$libshutdown$$00000003)
    __rt_lib_shutdown_user_alloc_1           0x2000016b   Thumb Code     0  libshutdown2.o(.ARM.Collect$$libshutdown$$0000000B)
    __rt_entry                               0x2000016d   Thumb Code     0  rtentry.o(.ARM.Collect$$rtentry$$00000000)
    __rt_entry_presh_1                       0x2000016d   Thumb Code     0  rtentry2.o(.ARM.Collect$$rtentry$$00000002)
    __rt_entry_sh                            0x2000016d   Thumb Code     0  rtentry4.o(.ARM.Collect$$rtentry$$00000004)
    __rt_entry_li                            0x20000173   Thumb Code     0  rtentry2.o(.ARM.Collect$$rtentry$$0000000A)
    __rt_entry_postsh_1                      0x20000173   Thumb Code     0  rtentry2.o(.ARM.Collect$$rtentry$$00000009)
    __rt_entry_main                          0x20000177   Thumb Code     0  rtentry2.o(.ARM.Collect$$rtentry$$0000000D)
    __rt_entry_postli_1                      0x20000177   Thumb Code     0  rtentry2.o(.ARM.Collect$$rtentry$$0000000C)
    __rt_exit                                0x2000017f   Thumb Code     0  rtexit.o(.ARM.Collect$$rtexit$$00000000)
    __rt_exit_ls                             0x2000017f   Thumb Code     0  rtexit2.o(.ARM.Collect$$rtexit$$00000003)
    __rt_exit_prels_1                        0x2000017f   Thumb Code     0  rtexit2.o(.ARM.Collect$$rtexit$$00000002)
    __rt_exit_exit                           0x20000183   Thumb Code     0  rtexit2.o(.ARM.Collect$$rtexit$$00000004)
    main                                     0x20000189   Thumb Code   140  main.o(.text)
    NMI_Handler                              0x20000225   Thumb Code     2  stm32f10x_it.o(.text)
    HardFault_Handler                        0x20000227   Thumb Code     4  stm32f10x_it.o(.text)
    MemManage_Handler                        0x2000022b   Thumb Code     4  stm32f10x_it.o(.text)
    BusFault_Handler                         0x2000022f   Thumb Code     4  stm32f10x_it.o(.text)
    UsageFault_Handler                       0x20000233   Thumb Code     4  stm32f10x_it.o(.text)
    SVC_Handler                              0x20000237   Thumb Code     2  stm32f10x_it.o(.text)
    DebugMon_Handler                         0x20000239   Thumb Code     2  stm32f10x_it.o(.text)
    PendSV_Handler                           0x2000023b   Thumb Code     2  stm32f10x_it.o(.text)
    SysTick_Handler                          0x2000023d   Thumb Code     2  stm32f10x_it.o(.text)
    SystemInit                               0x20000309   Thumb Code    78  system_stm32f10x.o(.text)
    SystemCoreClockUpdate                    0x20000357   Thumb Code   142  system_stm32f10x.o(.text)
    EXTI15_10_IRQHandler                     0x20000409   Thumb Code    90  exti.o(.text)
    EXTI15_Init                              0x20000463   Thumb Code    76  exti.o(.text)
    OV7670_Init                              0x200004bd   Thumb Code   182  ov7670.o(.text)
    OV7670_Light_Mode                        0x20000573   Thumb Code    92  ov7670.o(.text)
    OV7670_Color_Saturation                  0x200005cf   Thumb Code   122  ov7670.o(.text)
    OV7670_Brightness                        0x20000649   Thumb Code    50  ov7670.o(.text)
    OV7670_Contrast                          0x2000067b   Thumb Code    50  ov7670.o(.text)
    OV7670_Special_Effects                   0x200006ad   Thumb Code   106  ov7670.o(.text)
    OV7670_Window_Set                        0x20000717   Thumb Code   146  ov7670.o(.text)
    camera_refresh                           0x200007a9   Thumb Code   236  ov7670.o(.text)
    SCCB_Init                                0x200008b1   Thumb Code    68  sccb.o(.text)
    SCCB_Start                               0x200008f5   Thumb Code    42  sccb.o(.text)
    SCCB_Stop                                0x2000091f   Thumb Code    42  sccb.o(.text)
    SCCB_No_Ack                              0x20000949   Thumb Code    56  sccb.o(.text)
    SCCB_WR_Byte                             0x20000981   Thumb Code   158  sccb.o(.text)
    SCCB_RD_Byte                             0x20000a1f   Thumb Code   108  sccb.o(.text)
    SCCB_WR_Reg                              0x20000a8b   Thumb Code    62  sccb.o(.text)
    SCCB_RD_Reg                              0x20000ac9   Thumb Code    78  sccb.o(.text)
    Motor_Init                               0x20000b25   Thumb Code   124  motor.o(.text)
    StepLeft                                 0x20000ba1   Thumb Code   250  motor.o(.text)
    StepRight                                0x20000c9b   Thumb Code   268  motor.o(.text)
    Motor_GOStraight                         0x20000da7   Thumb Code    30  motor.o(.text)
    Motor_GOLeft                             0x20000dc5   Thumb Code    20  motor.o(.text)
    Motor_GORight                            0x20000dd9   Thumb Code    22  motor.o(.text)
    Motor_Stop                               0x20000def   Thumb Code    12  motor.o(.text)
    Timer2_Init                              0x20000e11   Thumb Code   100  timer.o(.text)
    TIM2_IRQHandler                          0x20000e75   Thumb Code    94  timer.o(.text)
    Timer3_Init                              0x20000ed3   Thumb Code    94  timer.o(.text)
    TIM3_IRQHandler                          0x20000f31   Thumb Code    94  timer.o(.text)
    delay_init                               0x20000f9d   Thumb Code    42  delay.o(.text)
    delay_us                                 0x20000fc7   Thumb Code    68  delay.o(.text)
    delay_ms                                 0x2000100b   Thumb Code    70  delay.o(.text)
    NVIC_Configuration                       0x2000105d   Thumb Code    12  sys.o(.text)
    JTAG_Set                                 0x20001069   Thumb Code    40  sys.o(.text)
    _sys_exit                                0x20001099   Thumb Code     6  usart.o(.text)
    fputc                                    0x2000109f   Thumb Code    22  usart.o(.text)
    uart_init                                0x200010b5   Thumb Code   158  usart.o(.text)
    USART1_IRQHandler                        0x20001153   Thumb Code   124  usart.o(.text)
    Reset_Handler                            0x200011e1   Thumb Code     8  startup_stm32f10x_md.o(.text)
    ADC1_2_IRQHandler                        0x200011fb   Thumb Code     0  startup_stm32f10x_md.o(.text)
    CAN1_RX1_IRQHandler                      0x200011fb   Thumb Code     0  startup_stm32f10x_md.o(.text)
    CAN1_SCE_IRQHandler                      0x200011fb   Thumb Code     0  startup_stm32f10x_md.o(.text)
    DMA1_Channel1_IRQHandler                 0x200011fb   Thumb Code     0  startup_stm32f10x_md.o(.text)
    DMA1_Channel2_IRQHandler                 0x200011fb   Thumb Code     0  startup_stm32f10x_md.o(.text)
    DMA1_Channel3_IRQHandler                 0x200011fb   Thumb Code     0  startup_stm32f10x_md.o(.text)
    DMA1_Channel4_IRQHandler                 0x200011fb   Thumb Code     0  startup_stm32f10x_md.o(.text)
    DMA1_Channel5_IRQHandler                 0x200011fb   Thumb Code     0  startup_stm32f10x_md.o(.text)
    DMA1_Channel6_IRQHandler                 0x200011fb   Thumb Code     0  startup_stm32f10x_md.o(.text)
    DMA1_Channel7_IRQHandler                 0x200011fb   Thumb Code     0  startup_stm32f10x_md.o(.text)
    EXTI0_IRQHandler                         0x200011fb   Thumb Code     0  startup_stm32f10x_md.o(.text)
    EXTI1_IRQHandler                         0x200011fb   Thumb Code     0  startup_stm32f10x_md.o(.text)
    EXTI2_IRQHandler                         0x200011fb   Thumb Code     0  startup_stm32f10x_md.o(.text)
    EXTI3_IRQHandler                         0x200011fb   Thumb Code     0  startup_stm32f10x_md.o(.text)
    EXTI4_IRQHandler                         0x200011fb   Thumb Code     0  startup_stm32f10x_md.o(.text)
    EXTI9_5_IRQHandler                       0x200011fb   Thumb Code     0  startup_stm32f10x_md.o(.text)
    FLASH_IRQHandler                         0x200011fb   Thumb Code     0  startup_stm32f10x_md.o(.text)
    I2C1_ER_IRQHandler                       0x200011fb   Thumb Code     0  startup_stm32f10x_md.o(.text)
    I2C1_EV_IRQHandler                       0x200011fb   Thumb Code     0  startup_stm32f10x_md.o(.text)
    I2C2_ER_IRQHandler                       0x200011fb   Thumb Code     0  startup_stm32f10x_md.o(.text)
    I2C2_EV_IRQHandler                       0x200011fb   Thumb Code     0  startup_stm32f10x_md.o(.text)
    PVD_IRQHandler                           0x200011fb   Thumb Code     0  startup_stm32f10x_md.o(.text)
    RCC_IRQHandler                           0x200011fb   Thumb Code     0  startup_stm32f10x_md.o(.text)
    RTCAlarm_IRQHandler                      0x200011fb   Thumb Code     0  startup_stm32f10x_md.o(.text)
    RTC_IRQHandler                           0x200011fb   Thumb Code     0  startup_stm32f10x_md.o(.text)
    SPI1_IRQHandler                          0x200011fb   Thumb Code     0  startup_stm32f10x_md.o(.text)
    SPI2_IRQHandler                          0x200011fb   Thumb Code     0  startup_stm32f10x_md.o(.text)
    TAMPER_IRQHandler                        0x200011fb   Thumb Code     0  startup_stm32f10x_md.o(.text)
    TIM1_BRK_IRQHandler                      0x200011fb   Thumb Code     0  startup_stm32f10x_md.o(.text)
    TIM1_CC_IRQHandler                       0x200011fb   Thumb Code     0  startup_stm32f10x_md.o(.text)
    TIM1_TRG_COM_IRQHandler                  0x200011fb   Thumb Code     0  startup_stm32f10x_md.o(.text)
    TIM1_UP_IRQHandler                       0x200011fb   Thumb Code     0  startup_stm32f10x_md.o(.text)
    TIM4_IRQHandler                          0x200011fb   Thumb Code     0  startup_stm32f10x_md.o(.text)
    USART2_IRQHandler                        0x200011fb   Thumb Code     0  startup_stm32f10x_md.o(.text)
    USART3_IRQHandler                        0x200011fb   Thumb Code     0  startup_stm32f10x_md.o(.text)
    USBWakeUp_IRQHandler                     0x200011fb   Thumb Code     0  startup_stm32f10x_md.o(.text)
    USB_HP_CAN1_TX_IRQHandler                0x200011fb   Thumb Code     0  startup_stm32f10x_md.o(.text)
    USB_LP_CAN1_RX0_IRQHandler               0x200011fb   Thumb Code     0  startup_stm32f10x_md.o(.text)
    WWDG_IRQHandler                          0x200011fb   Thumb Code     0  startup_stm32f10x_md.o(.text)
    __user_initial_stackheap                 0x200011fd   Thumb Code     0  startup_stm32f10x_md.o(.text)
    NVIC_PriorityGroupConfig                 0x20001221   Thumb Code    10  misc.o(.text)
    NVIC_Init                                0x2000122b   Thumb Code   102  misc.o(.text)
    NVIC_SetVectorTable                      0x20001291   Thumb Code    14  misc.o(.text)
    NVIC_SystemLPConfig                      0x2000129f   Thumb Code    38  misc.o(.text)
    SysTick_CLKSourceConfig                  0x200012c5   Thumb Code    40  misc.o(.text)
    GPIO_DeInit                              0x20001301   Thumb Code   172  stm32f10x_gpio.o(.text)
    GPIO_AFIODeInit                          0x200013ad   Thumb Code    20  stm32f10x_gpio.o(.text)
    GPIO_Init                                0x200013c1   Thumb Code   268  stm32f10x_gpio.o(.text)
    GPIO_StructInit                          0x200014cd   Thumb Code    16  stm32f10x_gpio.o(.text)
    GPIO_ReadInputDataBit                    0x200014dd   Thumb Code    18  stm32f10x_gpio.o(.text)
    GPIO_ReadInputData                       0x200014ef   Thumb Code     8  stm32f10x_gpio.o(.text)
    GPIO_ReadOutputDataBit                   0x200014f7   Thumb Code    18  stm32f10x_gpio.o(.text)
    GPIO_ReadOutputData                      0x20001509   Thumb Code     8  stm32f10x_gpio.o(.text)
    GPIO_SetBits                             0x20001511   Thumb Code     4  stm32f10x_gpio.o(.text)
    GPIO_ResetBits                           0x20001515   Thumb Code     4  stm32f10x_gpio.o(.text)
    GPIO_WriteBit                            0x20001519   Thumb Code    10  stm32f10x_gpio.o(.text)
    GPIO_Write                               0x20001523   Thumb Code     4  stm32f10x_gpio.o(.text)
    GPIO_PinLockConfig                       0x20001527   Thumb Code    18  stm32f10x_gpio.o(.text)
    GPIO_EventOutputConfig                   0x20001539   Thumb Code    24  stm32f10x_gpio.o(.text)
    GPIO_EventOutputCmd                      0x20001551   Thumb Code     6  stm32f10x_gpio.o(.text)
    GPIO_PinRemapConfig                      0x20001557   Thumb Code   136  stm32f10x_gpio.o(.text)
    GPIO_EXTILineConfig                      0x200015df   Thumb Code    60  stm32f10x_gpio.o(.text)
    GPIO_ETH_MediaInterfaceConfig            0x2000161b   Thumb Code     8  stm32f10x_gpio.o(.text)
    RCC_DeInit                               0x20001649   Thumb Code    64  stm32f10x_rcc.o(.text)
    RCC_HSEConfig                            0x20001689   Thumb Code    70  stm32f10x_rcc.o(.text)
    RCC_GetFlagStatus                        0x200016cf   Thumb Code    56  stm32f10x_rcc.o(.text)
    RCC_WaitForHSEStartUp                    0x20001707   Thumb Code    48  stm32f10x_rcc.o(.text)
    RCC_AdjustHSICalibrationValue            0x20001737   Thumb Code    18  stm32f10x_rcc.o(.text)
    RCC_HSICmd                               0x20001749   Thumb Code     6  stm32f10x_rcc.o(.text)
    RCC_PLLConfig                            0x2000174f   Thumb Code    22  stm32f10x_rcc.o(.text)
    RCC_PLLCmd                               0x20001765   Thumb Code     6  stm32f10x_rcc.o(.text)
    RCC_SYSCLKConfig                         0x2000176b   Thumb Code    16  stm32f10x_rcc.o(.text)
    RCC_GetSYSCLKSource                      0x2000177b   Thumb Code    10  stm32f10x_rcc.o(.text)
    RCC_HCLKConfig                           0x20001785   Thumb Code    16  stm32f10x_rcc.o(.text)
    RCC_PCLK1Config                          0x20001795   Thumb Code    16  stm32f10x_rcc.o(.text)
    RCC_PCLK2Config                          0x200017a5   Thumb Code    18  stm32f10x_rcc.o(.text)
    RCC_ITConfig                             0x200017b7   Thumb Code    30  stm32f10x_rcc.o(.text)
    RCC_USBCLKConfig                         0x200017d5   Thumb Code     8  stm32f10x_rcc.o(.text)
    RCC_ADCCLKConfig                         0x200017dd   Thumb Code    16  stm32f10x_rcc.o(.text)
    RCC_LSEConfig                            0x200017ed   Thumb Code    50  stm32f10x_rcc.o(.text)
    RCC_LSICmd                               0x2000181f   Thumb Code     6  stm32f10x_rcc.o(.text)
    RCC_RTCCLKConfig                         0x20001825   Thumb Code    12  stm32f10x_rcc.o(.text)
    RCC_RTCCLKCmd                            0x20001831   Thumb Code     8  stm32f10x_rcc.o(.text)
    RCC_GetClocksFreq                        0x20001839   Thumb Code   194  stm32f10x_rcc.o(.text)
    RCC_AHBPeriphClockCmd                    0x200018fb   Thumb Code    26  stm32f10x_rcc.o(.text)
    RCC_APB2PeriphClockCmd                   0x20001915   Thumb Code    26  stm32f10x_rcc.o(.text)
    RCC_APB1PeriphClockCmd                   0x2000192f   Thumb Code    26  stm32f10x_rcc.o(.text)
    RCC_APB2PeriphResetCmd                   0x20001949   Thumb Code    26  stm32f10x_rcc.o(.text)
    RCC_APB1PeriphResetCmd                   0x20001963   Thumb Code    26  stm32f10x_rcc.o(.text)
    RCC_BackupResetCmd                       0x2000197d   Thumb Code     8  stm32f10x_rcc.o(.text)
    RCC_ClockSecuritySystemCmd               0x20001985   Thumb Code     6  stm32f10x_rcc.o(.text)
    RCC_MCOConfig                            0x2000198b   Thumb Code     6  stm32f10x_rcc.o(.text)
    RCC_ClearFlag                            0x20001991   Thumb Code    14  stm32f10x_rcc.o(.text)
    RCC_GetITStatus                          0x2000199f   Thumb Code    20  stm32f10x_rcc.o(.text)
    RCC_ClearITPendingBit                    0x200019b3   Thumb Code     6  stm32f10x_rcc.o(.text)
    USART_DeInit                             0x200019d9   Thumb Code   134  stm32f10x_usart.o(.text)
    USART_Init                               0x20001a5f   Thumb Code   210  stm32f10x_usart.o(.text)
    USART_StructInit                         0x20001b31   Thumb Code    24  stm32f10x_usart.o(.text)
    USART_ClockInit                          0x20001b49   Thumb Code    32  stm32f10x_usart.o(.text)
    USART_ClockStructInit                    0x20001b69   Thumb Code    12  stm32f10x_usart.o(.text)
    USART_Cmd                                0x20001b75   Thumb Code    24  stm32f10x_usart.o(.text)
    USART_ITConfig                           0x20001b8d   Thumb Code    72  stm32f10x_usart.o(.text)
    USART_DMACmd                             0x20001bd5   Thumb Code    24  stm32f10x_usart.o(.text)
    USART_SetAddress                         0x20001bed   Thumb Code    18  stm32f10x_usart.o(.text)
    USART_WakeUpConfig                       0x20001bff   Thumb Code    18  stm32f10x_usart.o(.text)
    USART_ReceiverWakeUpCmd                  0x20001c11   Thumb Code    24  stm32f10x_usart.o(.text)
    USART_LINBreakDetectLengthConfig         0x20001c29   Thumb Code    18  stm32f10x_usart.o(.text)
    USART_LINCmd                             0x20001c3b   Thumb Code    24  stm32f10x_usart.o(.text)
    USART_SendData                           0x20001c53   Thumb Code     8  stm32f10x_usart.o(.text)
    USART_ReceiveData                        0x20001c5b   Thumb Code    10  stm32f10x_usart.o(.text)
    USART_SendBreak                          0x20001c65   Thumb Code    10  stm32f10x_usart.o(.text)
    USART_SetGuardTime                       0x20001c6f   Thumb Code    16  stm32f10x_usart.o(.text)
    USART_SetPrescaler                       0x20001c7f   Thumb Code    16  stm32f10x_usart.o(.text)
    USART_SmartCardCmd                       0x20001c8f   Thumb Code    24  stm32f10x_usart.o(.text)
    USART_SmartCardNACKCmd                   0x20001ca7   Thumb Code    24  stm32f10x_usart.o(.text)
    USART_HalfDuplexCmd                      0x20001cbf   Thumb Code    24  stm32f10x_usart.o(.text)
    USART_OverSampling8Cmd                   0x20001cd7   Thumb Code    22  stm32f10x_usart.o(.text)
    USART_OneBitMethodCmd                    0x20001ced   Thumb Code    24  stm32f10x_usart.o(.text)
    USART_IrDAConfig                         0x20001d05   Thumb Code    18  stm32f10x_usart.o(.text)
    USART_IrDACmd                            0x20001d17   Thumb Code    24  stm32f10x_usart.o(.text)
    USART_GetFlagStatus                      0x20001d2f   Thumb Code    26  stm32f10x_usart.o(.text)
    USART_ClearFlag                          0x20001d49   Thumb Code    18  stm32f10x_usart.o(.text)
    USART_GetITStatus                        0x20001d5b   Thumb Code    84  stm32f10x_usart.o(.text)
    USART_ClearITPendingBit                  0x20001daf   Thumb Code    50  stm32f10x_usart.o(.text)
    EXTI_DeInit                              0x20001de1   Thumb Code    32  stm32f10x_exti.o(.text)
    EXTI_Init                                0x20001e01   Thumb Code   154  stm32f10x_exti.o(.text)
    EXTI_StructInit                          0x20001e9b   Thumb Code    16  stm32f10x_exti.o(.text)
    EXTI_GenerateSWInterrupt                 0x20001eab   Thumb Code    16  stm32f10x_exti.o(.text)
    EXTI_GetFlagStatus                       0x20001ebb   Thumb Code    22  stm32f10x_exti.o(.text)
    EXTI_ClearFlag                           0x20001ed1   Thumb Code     8  stm32f10x_exti.o(.text)
    EXTI_GetITStatus                         0x20001ed9   Thumb Code    34  stm32f10x_exti.o(.text)
    EXTI_ClearITPendingBit                   0x20001efb   Thumb Code     8  stm32f10x_exti.o(.text)
    TIM_DeInit                               0x20001f11   Thumb Code   424  stm32f10x_tim.o(.text)
    TIM_TimeBaseInit                         0x200020b9   Thumb Code   122  stm32f10x_tim.o(.text)
    TIM_OC1Init                              0x20002133   Thumb Code   132  stm32f10x_tim.o(.text)
    TIM_OC2Init                              0x200021b7   Thumb Code   146  stm32f10x_tim.o(.text)
    TIM_OC3Init                              0x20002249   Thumb Code   142  stm32f10x_tim.o(.text)
    TIM_OC4Init                              0x200022d7   Thumb Code   172  stm32f10x_tim.o(.text)
    TIM_SetIC4Prescaler                      0x20002383   Thumb Code    22  stm32f10x_tim.o(.text)
    TIM_SetIC3Prescaler                      0x2000240b   Thumb Code    18  stm32f10x_tim.o(.text)
    TIM_SetIC2Prescaler                      0x2000248b   Thumb Code    22  stm32f10x_tim.o(.text)
    TIM_SetIC1Prescaler                      0x20002513   Thumb Code    18  stm32f10x_tim.o(.text)
    TIM_ICInit                               0x2000258b   Thumb Code   150  stm32f10x_tim.o(.text)
    TIM_PWMIConfig                           0x20002621   Thumb Code   124  stm32f10x_tim.o(.text)
    TIM_BDTRConfig                           0x2000269d   Thumb Code    32  stm32f10x_tim.o(.text)
    TIM_TimeBaseStructInit                   0x200026bd   Thumb Code    18  stm32f10x_tim.o(.text)
    TIM_OCStructInit                         0x200026cf   Thumb Code    20  stm32f10x_tim.o(.text)
    TIM_ICStructInit                         0x200026e3   Thumb Code    18  stm32f10x_tim.o(.text)
    TIM_BDTRStructInit                       0x200026f5   Thumb Code    18  stm32f10x_tim.o(.text)
    TIM_Cmd                                  0x20002707   Thumb Code    24  stm32f10x_tim.o(.text)
    TIM_CtrlPWMOutputs                       0x2000271f   Thumb Code    50  stm32f10x_tim.o(.text)
    TIM_ITConfig                             0x20002751   Thumb Code    24  stm32f10x_tim.o(.text)
    TIM_GenerateEvent                        0x20002769   Thumb Code     4  stm32f10x_tim.o(.text)
    TIM_DMAConfig                            0x2000276d   Thumb Code    10  stm32f10x_tim.o(.text)
    TIM_DMACmd                               0x20002777   Thumb Code    24  stm32f10x_tim.o(.text)
    TIM_InternalClockConfig                  0x2000278f   Thumb Code    12  stm32f10x_tim.o(.text)
    TIM_SelectInputTrigger                   0x2000279b   Thumb Code    16  stm32f10x_tim.o(.text)
    TIM_ITRxExternalClockConfig              0x200027ab   Thumb Code    24  stm32f10x_tim.o(.text)
    TIM_TIxExternalClockConfig               0x200027c3   Thumb Code    62  stm32f10x_tim.o(.text)
    TIM_ETRConfig                            0x20002801   Thumb Code    22  stm32f10x_tim.o(.text)
    TIM_ETRClockMode1Config                  0x20002817   Thumb Code    54  stm32f10x_tim.o(.text)
    TIM_ETRClockMode2Config                  0x2000284d   Thumb Code    32  stm32f10x_tim.o(.text)
    TIM_PrescalerConfig                      0x2000286d   Thumb Code     6  stm32f10x_tim.o(.text)
    TIM_CounterModeConfig                    0x20002873   Thumb Code    16  stm32f10x_tim.o(.text)
    TIM_EncoderInterfaceConfig               0x20002883   Thumb Code    56  stm32f10x_tim.o(.text)
    TIM_ForcedOC1Config                      0x200028bb   Thumb Code    16  stm32f10x_tim.o(.text)
    TIM_ForcedOC2Config                      0x200028cb   Thumb Code    20  stm32f10x_tim.o(.text)
    TIM_ForcedOC3Config                      0x200028df   Thumb Code    16  stm32f10x_tim.o(.text)
    TIM_ForcedOC4Config                      0x200028ef   Thumb Code    20  stm32f10x_tim.o(.text)
    TIM_ARRPreloadConfig                     0x20002903   Thumb Code    24  stm32f10x_tim.o(.text)
    TIM_SelectCOM                            0x2000291b   Thumb Code    24  stm32f10x_tim.o(.text)
    TIM_SelectCCDMA                          0x20002933   Thumb Code    24  stm32f10x_tim.o(.text)
    TIM_CCPreloadControl                     0x2000294b   Thumb Code    24  stm32f10x_tim.o(.text)
    TIM_OC1PreloadConfig                     0x20002963   Thumb Code    16  stm32f10x_tim.o(.text)
    TIM_OC2PreloadConfig                     0x20002973   Thumb Code    20  stm32f10x_tim.o(.text)
    TIM_OC3PreloadConfig                     0x20002987   Thumb Code    16  stm32f10x_tim.o(.text)
    TIM_OC4PreloadConfig                     0x20002997   Thumb Code    20  stm32f10x_tim.o(.text)
    TIM_OC1FastConfig                        0x200029ab   Thumb Code    16  stm32f10x_tim.o(.text)
    TIM_OC2FastConfig                        0x200029bb   Thumb Code    20  stm32f10x_tim.o(.text)
    TIM_OC3FastConfig                        0x200029cf   Thumb Code    16  stm32f10x_tim.o(.text)
    TIM_OC4FastConfig                        0x200029df   Thumb Code    20  stm32f10x_tim.o(.text)
    TIM_ClearOC1Ref                          0x200029f3   Thumb Code    16  stm32f10x_tim.o(.text)
    TIM_ClearOC2Ref                          0x20002a03   Thumb Code    18  stm32f10x_tim.o(.text)
    TIM_ClearOC3Ref                          0x20002a15   Thumb Code    16  stm32f10x_tim.o(.text)
    TIM_ClearOC4Ref                          0x20002a25   Thumb Code    18  stm32f10x_tim.o(.text)
    TIM_OC1PolarityConfig                    0x20002a37   Thumb Code    16  stm32f10x_tim.o(.text)
    TIM_OC1NPolarityConfig                   0x20002a47   Thumb Code    16  stm32f10x_tim.o(.text)
    TIM_OC2PolarityConfig                    0x20002a57   Thumb Code    20  stm32f10x_tim.o(.text)
    TIM_OC2NPolarityConfig                   0x20002a6b   Thumb Code    20  stm32f10x_tim.o(.text)
    TIM_OC3PolarityConfig                    0x20002a7f   Thumb Code    20  stm32f10x_tim.o(.text)
    TIM_OC3NPolarityConfig                   0x20002a93   Thumb Code    20  stm32f10x_tim.o(.text)
    TIM_OC4PolarityConfig                    0x20002aa7   Thumb Code    20  stm32f10x_tim.o(.text)
    TIM_CCxCmd                               0x20002abb   Thumb Code    34  stm32f10x_tim.o(.text)
    TIM_CCxNCmd                              0x20002add   Thumb Code    34  stm32f10x_tim.o(.text)
    TIM_SelectOCxM                           0x20002aff   Thumb Code    82  stm32f10x_tim.o(.text)
    TIM_UpdateDisableConfig                  0x20002b51   Thumb Code    24  stm32f10x_tim.o(.text)
    TIM_UpdateRequestConfig                  0x20002b69   Thumb Code    24  stm32f10x_tim.o(.text)
    TIM_SelectHallSensor                     0x20002b81   Thumb Code    24  stm32f10x_tim.o(.text)
    TIM_SelectOnePulseMode                   0x20002b99   Thumb Code    18  stm32f10x_tim.o(.text)
    TIM_SelectOutputTrigger                  0x20002bab   Thumb Code    18  stm32f10x_tim.o(.text)
    TIM_SelectSlaveMode                      0x20002bbd   Thumb Code    18  stm32f10x_tim.o(.text)
    TIM_SelectMasterSlaveMode                0x20002bcf   Thumb Code    18  stm32f10x_tim.o(.text)
    TIM_SetCounter                           0x20002be1   Thumb Code     4  stm32f10x_tim.o(.text)
    TIM_SetAutoreload                        0x20002be5   Thumb Code     4  stm32f10x_tim.o(.text)
    TIM_SetCompare1                          0x20002be9   Thumb Code     4  stm32f10x_tim.o(.text)
    TIM_SetCompare2                          0x20002bed   Thumb Code     4  stm32f10x_tim.o(.text)
    TIM_SetCompare3                          0x20002bf1   Thumb Code     4  stm32f10x_tim.o(.text)
    TIM_SetCompare4                          0x20002bf5   Thumb Code     6  stm32f10x_tim.o(.text)
    TIM_SetClockDivision                     0x20002bfb   Thumb Code    18  stm32f10x_tim.o(.text)
    TIM_GetCapture1                          0x20002c0d   Thumb Code     6  stm32f10x_tim.o(.text)
    TIM_GetCapture2                          0x20002c13   Thumb Code     6  stm32f10x_tim.o(.text)
    TIM_GetCapture3                          0x20002c19   Thumb Code     6  stm32f10x_tim.o(.text)
    TIM_GetCapture4                          0x20002c1f   Thumb Code     8  stm32f10x_tim.o(.text)
    TIM_GetCounter                           0x20002c27   Thumb Code     6  stm32f10x_tim.o(.text)
    TIM_GetPrescaler                         0x20002c2d   Thumb Code     6  stm32f10x_tim.o(.text)
    TIM_GetFlagStatus                        0x20002c33   Thumb Code    18  stm32f10x_tim.o(.text)
    TIM_ClearFlag                            0x20002c45   Thumb Code     6  stm32f10x_tim.o(.text)
    TIM_GetITStatus                          0x20002c4b   Thumb Code    34  stm32f10x_tim.o(.text)
    TIM_ClearITPendingBit                    0x20002c6d   Thumb Code     6  stm32f10x_tim.o(.text)
    __use_no_semihosting                     0x20002c73   Thumb Code     2  use_no_semi_2.o(.text)
    __2printf                                0x20002c75   Thumb Code    24  noretval__2printf.o(.text)
    __use_two_region_memory                  0x20002c95   Thumb Code     2  heapauxi.o(.text)
    __rt_heap_escrow$2region                 0x20002c97   Thumb Code     2  heapauxi.o(.text)
    __rt_heap_expand$2region                 0x20002c99   Thumb Code     2  heapauxi.o(.text)
    __I$use$semihosting                      0x20002c9b   Thumb Code     0  use_no_semi.o(.text)
    __use_no_semihosting_swi                 0x20002c9b   Thumb Code     2  use_no_semi.o(.text)
    _printf_char_common                      0x20002ca7   Thumb Code    34  _printf_char_common.o(.text)
    __printf                                 0x20002ccd   Thumb Code    36  __printf_nopercent.o(.text)
    __user_setup_stackheap                   0x20002cf1   Thumb Code    74  sys_stackheap_outer.o(.text)
    exit                                     0x20002d3b   Thumb Code    12  exit.o(.text)
    __user_libspace                          0x20002d49   Thumb Code     8  libspace.o(.text)
    __user_perproc_libspace                  0x20002d49   Thumb Code     0  libspace.o(.text)
    __user_perthread_libspace                0x20002d49   Thumb Code     0  libspace.o(.text)
    ov7670_init_reg_tbl                      0x20002d50   Data         342  ov7670.o(.constdata)
    Region$$Table$$Base                      0x20002ea8   Number         0  anon$$obj.o(Region$$Table)
    Region$$Table$$Limit                     0x20002ec8   Number         0  anon$$obj.o(Region$$Table)
    ov_sta                                   0x20004000   Data           1  main.o(.data)
    SystemCoreClock                          0x20004004   Data           4  system_stm32f10x.o(.data)
    AHBPrescTable                            0x20004008   Data          16  system_stm32f10x.o(.data)
    Array                                    0x20004018   Data         120  ov7670.o(.data)
    USART_RX_STA                             0x2000409c   Data           2  usart.o(.data)
    __stdout                                 0x200040a0   Data           4  usart.o(.data)
    GmLeft                                   0x200040b8   Data          16  main.o(.bss)
    GmRight                                  0x200040c8   Data          16  main.o(.bss)
    USART_RX_BUF                             0x200040d8   Data         200  usart.o(.bss)
    __libspace_start                         0x200041a0   Data          96  libspace.o(.bss)
    __temporary_stack_top$libspace           0x20004200   Data           0  libspace.o(.bss)



==============================================================================

Memory Map of the image

  Image Entry point : 0x200000ed

  Load Region LR_IROM1 (Base: 0x20000000, Size: 0x00002f80, Max: 0x00004000, ABSOLUTE)

    Execution Region ER_IROM1 (Base: 0x20000000, Size: 0x00002ec8, Max: 0x00004000, ABSOLUTE)

    Base Addr    Size         Type   Attr      Idx    E Section Name        Object

    0x20000000   0x000000ec   Data   RO          337    RESET               startup_stm32f10x_md.o
    0x200000ec   0x00000008   Code   RO          426  * !!!main             __main.o(c_w.l)
    0x200000f4   0x00000034   Code   RO          589    !!!scatter          __scatter.o(c_w.l)
    0x20000128   0x0000001a   Code   RO          591    !!handler_copy      __scatter_copy.o(c_w.l)
    0x20000142   0x00000002   PAD
    0x20000144   0x0000001c   Code   RO          593    !!handler_zi        __scatter_zi.o(c_w.l)
    0x20000160   0x00000006   Code   RO          468    .ARM.Collect$$libinit$$00000000  libinit.o(c_w.l)
    0x20000166   0x00000000   Code   RO          476    .ARM.Collect$$libinit$$00000006  libinit2.o(c_w.l)
    0x20000166   0x00000000   Code   RO          478    .ARM.Collect$$libinit$$00000008  libinit2.o(c_w.l)
    0x20000166   0x00000000   Code   RO          480    .ARM.Collect$$libinit$$0000000A  libinit2.o(c_w.l)
    0x20000166   0x00000000   Code   RO          483    .ARM.Collect$$libinit$$0000000D  libinit2.o(c_w.l)
    0x20000166   0x00000000   Code   RO          485    .ARM.Collect$$libinit$$0000000F  libinit2.o(c_w.l)
    0x20000166   0x00000000   Code   RO          487    .ARM.Collect$$libinit$$00000011  libinit2.o(c_w.l)
    0x20000166   0x00000000   Code   RO          489    .ARM.Collect$$libinit$$00000013  libinit2.o(c_w.l)
    0x20000166   0x00000000   Code   RO          491    .ARM.Collect$$libinit$$00000015  libinit2.o(c_w.l)
    0x20000166   0x00000000   Code   RO          493    .ARM.Collect$$libinit$$00000017  libinit2.o(c_w.l)
    0x20000166   0x00000000   Code   RO          495    .ARM.Collect$$libinit$$00000019  libinit2.o(c_w.l)
    0x20000166   0x00000000   Code   RO          497    .ARM.Collect$$libinit$$0000001B  libinit2.o(c_w.l)
    0x20000166   0x00000000   Code   RO          499    .ARM.Collect$$libinit$$0000001D  libinit2.o(c_w.l)
    0x20000166   0x00000000   Code   RO          501    .ARM.Collect$$libinit$$0000001F  libinit2.o(c_w.l)
    0x20000166   0x00000000   Code   RO          503    .ARM.Collect$$libinit$$00000021  libinit2.o(c_w.l)
    0x20000166   0x00000000   Code   RO          507    .ARM.Collect$$libinit$$00000028  libinit2.o(c_w.l)
    0x20000166   0x00000000   Code   RO          509    .ARM.Collect$$libinit$$0000002A  libinit2.o(c_w.l)
    0x20000166   0x00000000   Code   RO          511    .ARM.Collect$$libinit$$0000002C  libinit2.o(c_w.l)
    0x20000166   0x00000000   Code   RO          513    .ARM.Collect$$libinit$$0000002E  libinit2.o(c_w.l)
    0x20000166   0x00000002   Code   RO          514    .ARM.Collect$$libinit$$0000002F  libinit2.o(c_w.l)
    0x20000168   0x00000002   Code   RO          533    .ARM.Collect$$libshutdown$$00000000  libshutdown.o(c_w.l)
    0x2000016a   0x00000000   Code   RO          544    .ARM.Collect$$libshutdown$$00000003  libshutdown2.o(c_w.l)
    0x2000016a   0x00000000   Code   RO          547    .ARM.Collect$$libshutdown$$00000006  libshutdown2.o(c_w.l)
    0x2000016a   0x00000000   Code   RO          550    .ARM.Collect$$libshutdown$$00000009  libshutdown2.o(c_w.l)
    0x2000016a   0x00000000   Code   RO          552    .ARM.Collect$$libshutdown$$0000000B  libshutdown2.o(c_w.l)
    0x2000016a   0x00000000   Code   RO          555    .ARM.Collect$$libshutdown$$0000000E  libshutdown2.o(c_w.l)
    0x2000016a   0x00000002   Code   RO          556    .ARM.Collect$$libshutdown$$0000000F  libshutdown2.o(c_w.l)
    0x2000016c   0x00000000   Code   RO          430    .ARM.Collect$$rtentry$$00000000  rtentry.o(c_w.l)
    0x2000016c   0x00000000   Code   RO          439    .ARM.Collect$$rtentry$$00000002  rtentry2.o(c_w.l)
    0x2000016c   0x00000006   Code   RO          454    .ARM.Collect$$rtentry$$00000004  rtentry4.o(c_w.l)
    0x20000172   0x00000000   Code   RO          441    .ARM.Collect$$rtentry$$00000009  rtentry2.o(c_w.l)
    0x20000172   0x00000004   Code   RO          442    .ARM.Collect$$rtentry$$0000000A  rtentry2.o(c_w.l)
    0x20000176   0x00000000   Code   RO          444    .ARM.Collect$$rtentry$$0000000C  rtentry2.o(c_w.l)
    0x20000176   0x00000008   Code   RO          445    .ARM.Collect$$rtentry$$0000000D  rtentry2.o(c_w.l)
    0x2000017e   0x00000000   Code   RO          472    .ARM.Collect$$rtexit$$00000000  rtexit.o(c_w.l)
    0x2000017e   0x00000000   Code   RO          518    .ARM.Collect$$rtexit$$00000002  rtexit2.o(c_w.l)
    0x2000017e   0x00000004   Code   RO          519    .ARM.Collect$$rtexit$$00000003  rtexit2.o(c_w.l)
    0x20000182   0x00000004   Code   RO          520    .ARM.Collect$$rtexit$$00000004  rtexit2.o(c_w.l)
    0x20000186   0x00000002   PAD
    0x20000188   0x0000009c   Code   RO            1    .text               main.o
    0x20000224   0x0000001a   Code   RO           87    .text               stm32f10x_it.o
    0x2000023e   0x00000002   PAD
    0x20000240   0x000001c8   Code   RO          137    .text               system_stm32f10x.o
    0x20000408   0x000000b4   Code   RO          155    .text               exti.o
    0x200004bc   0x000003f4   Code   RO          208    .text               ov7670.o
    0x200008b0   0x00000274   Code   RO          231    .text               sccb.o
    0x20000b24   0x000002ec   Code   RO          243    .text               motor.o
    0x20000e10   0x0000018c   Code   RO          263    .text               timer.o
    0x20000f9c   0x000000c0   Code   RO          275    .text               delay.o
    0x2000105c   0x0000003c   Code   RO          289    .text               sys.o
    0x20001098   0x00000148   Code   RO          301    .text               usart.o
    0x200011e0   0x00000040   Code   RO          338    .text               startup_stm32f10x_md.o
    0x20001220   0x000000e0   Code   RO          342    .text               misc.o
    0x20001300   0x00000348   Code   RO          354    .text               stm32f10x_gpio.o
    0x20001648   0x00000390   Code   RO          366    .text               stm32f10x_rcc.o
    0x200019d8   0x00000408   Code   RO          380    .text               stm32f10x_usart.o
    0x20001de0   0x00000130   Code   RO          392    .text               stm32f10x_exti.o
    0x20001f10   0x00000d62   Code   RO          404    .text               stm32f10x_tim.o
    0x20002c72   0x00000002   Code   RO          418    .text               use_no_semi_2.o(c_w.l)
    0x20002c74   0x00000020   Code   RO          422    .text               noretval__2printf.o(c_w.l)
    0x20002c94   0x00000006   Code   RO          424    .text               heapauxi.o(c_w.l)
    0x20002c9a   0x00000002   Code   RO          428    .text               use_no_semi.o(c_w.l)
    0x20002c9c   0x00000030   Code   RO          432    .text               _printf_char_common.o(c_w.l)
    0x20002ccc   0x00000024   Code   RO          456    .text               __printf_nopercent.o(c_w.l)
    0x20002cf0   0x0000004a   Code   RO          458    .text               sys_stackheap_outer.o(c_w.l)
    0x20002d3a   0x0000000c   Code   RO          460    .text               exit.o(c_w.l)
    0x20002d46   0x00000002   PAD
    0x20002d48   0x00000008   Code   RO          469    .text               libspace.o(c_w.l)
    0x20002d50   0x00000156   Data   RO          209    .constdata          ov7670.o
    0x20002ea6   0x00000002   PAD
    0x20002ea8   0x00000020   Data   RO          587    Region$$Table       anon$$obj.o


    Execution Region RW_IRAM1 (Base: 0x20004000, Size: 0x00000800, Max: 0x00001000, ABSOLUTE)

    Base Addr    Size         Type   Attr      Idx    E Section Name        Object

    0x20004000   0x00000001   Data   RW            3    .data               main.o
    0x20004001   0x00000003   PAD
    0x20004004   0x00000014   Data   RW          138    .data               system_stm32f10x.o
    0x20004018   0x00000078   Data   RW          210    .data               ov7670.o
    0x20004090   0x00000008   Data   RW          244    .data               motor.o
    0x20004098   0x00000004   Data   RW          276    .data               delay.o
    0x2000409c   0x00000008   Data   RW          303    .data               usart.o
    0x200040a4   0x00000014   Data   RW          367    .data               stm32f10x_rcc.o
    0x200040b8   0x00000020   Zero   RW            2    .bss                main.o
    0x200040d8   0x000000c8   Zero   RW          302    .bss                usart.o
    0x200041a0   0x00000060   Zero   RW          470    .bss                libspace.o(c_w.l)
    0x20004200   0x00000200   Zero   RW          336    HEAP                startup_stm32f10x_md.o
    0x20004400   0x00000400   Zero   RW          335    STACK               startup_stm32f10x_md.o


==============================================================================

Image component sizes


      Code (inc. data)   RO Data    RW Data    ZI Data      Debug   Object Name

         0          0          0          0          0         20   core_cm3.o
       192         12          0          4          0       1167   delay.o
       180         14          0          0          0     206567   exti.o
       156         16          0          1         32     210127   main.o
       224         20          0          0          0       1945   misc.o
       748         38          0          8          0       1599   motor.o
      1012         36        342        120          0       4367   ov7670.o
       628         14          0          0          0       2099   sccb.o
        64         26        236          0       1536        580   startup_stm32f10x_md.o
       304         14          0          0          0       2403   stm32f10x_exti.o
       840         38          0          0          0       5829   stm32f10x_gpio.o
        26          0          0          0          0      45058   stm32f10x_it.o
       912         32          0         20          0       9036   stm32f10x_rcc.o
      3426         84          0          0          0      22540   stm32f10x_tim.o
      1032         20          0          0          0       8584   stm32f10x_usart.o
        60          8          0          0          0        678   sys.o
       456         36          0         20          0       1983   system_stm32f10x.o
       396         14          0          0          0       1414   timer.o
       328         18          0          8        200       3314   usart.o

    ----------------------------------------------------------------------
     10986        440        612        184       1768     529310   Object Totals
         0          0         32          0          0          0   (incl. Generated)
         2          0          2          3          0          2   (incl. Padding)

    ----------------------------------------------------------------------

      Code (inc. data)   RO Data    RW Data    ZI Data      Debug   Library Member Name

         8          0          0          0          0         68   __main.o
        36          0          0          0          0         84   __printf_nopercent.o
        52          8          0          0          0          0   __scatter.o
        26          0          0          0          0          0   __scatter_copy.o
        28          0          0          0          0          0   __scatter_zi.o
        48          4          0          0          0         96   _printf_char_common.o
        12          0          0          0          0         68   exit.o
         6          0          0          0          0        148   heapauxi.o
         6          0          0          0          0          0   libinit.o
         2          0          0          0          0          0   libinit2.o
         2          0          0          0          0          0   libshutdown.o
         2          0          0          0          0          0   libshutdown2.o
         8          4          0          0         96         68   libspace.o
        32          8          0          0          0         80   noretval__2printf.o
         0          0          0          0          0          0   rtentry.o
        12          0          0          0          0          0   rtentry2.o
         6          0          0          0          0          0   rtentry4.o
         0          0          0          0          0          0   rtexit.o
         8          0          0          0          0          0   rtexit2.o
        74          0          0          0          0         80   sys_stackheap_outer.o
         2          0          0          0          0         68   use_no_semi.o
         2          0          0          0          0         68   use_no_semi_2.o

    ----------------------------------------------------------------------
       378         24          0          0         96        828   Library Totals
         6          0          0          0          0          0   (incl. Padding)

    ----------------------------------------------------------------------

      Code (inc. data)   RO Data    RW Data    ZI Data      Debug   Library Name

       372         24          0          0         96        828   c_w.l

    ----------------------------------------------------------------------
       378         24          0          0         96        828   Library Totals

    ----------------------------------------------------------------------

==============================================================================


      Code (inc. data)   RO Data    RW Data    ZI Data      Debug   

     11364        464        612        184       1864     528340   Grand Totals
     11364        464        612        184       1864     528340   ELF Image Totals
     11364        464        612        184          0          0   ROM Totals

==============================================================================

    Total RO  Size (Code + RO Data)                11976 (  11.70kB)
    Total RW  Size (RW Data + ZI Data)              2048 (   2.00kB)
    Total ROM Size (Code + RO Data + RW Data)      12160 (  11.88kB)

==============================================================================

