ARM Linker, 5.03 [Build 76] [MDK-ARM Basic]

==============================================================================

Section Cross References

    system_stm32f10x.o(.text) refers to system_stm32f10x.o(.data) for .data
    delay.o(.text) refers to delay.o(.data) for .data
    gui_32.o(.text) refers to ili9325_32.o(.text) for LCD_setwindow
    gui_32.o(.text) refers to gui_32.o(.constdata) for .constdata
    i2c.o(.text) refers to stm32f10x_rcc.o(.text) for RCC_APB2PeriphClockCmd
    i2c.o(.text) refers to stm32f10x_gpio.o(.text) for GPIO_Init
    ili9325_32.o(.text) refers to stm32f10x_rcc.o(.text) for RCC_APB2PeriphClockCmd
    ili9325_32.o(.text) refers to stm32f10x_gpio.o(.text) for GPIO_Init
    ili9325_32.o(.text) refers to delay.o(.text) for delay_us
    ili9325_32.o(.text) refers to ili9325_32.o(.data) for .data
    main.o(.text) refers to led.o(.text) for LED_GPIO_Config
    main.o(.text) refers to delay.o(.text) for delay_init
    main.o(.text) refers to ili9325_32.o(.text) for ILI9325_initial
    main.o(.text) refers to i2c.o(.text) for Anal_I2C_Init
    main.o(.text) refers to ov7670.o(.text) for ov7670_PortConfig
    main.o(.text) refers to gui_32.o(.text) for GUI_clearscreen
    main.o(.text) refers to nvic_exit.o(.text) for Exit_Init
    main.o(.text) refers to tim1.o(.text) for TIM1_Init
    main.o(.text) refers to pictureanalyse.o(.data) for PictureContorl
    ov7670.o(.text) refers to stm32f10x_rcc.o(.text) for RCC_APB2PeriphClockCmd
    ov7670.o(.text) refers to stm32f10x_gpio.o(.text) for GPIO_Init
    ov7670.o(.text) refers to i2c.o(.text) for Multiple_read
    ov7670.o(.text) refers to delay.o(.text) for delay_us
    ov7670.o(.text) refers to ov7670.o(.constdata) for .constdata
    stm32f10x_it.o(.text) refers to stm32f10x_tim.o(.text) for TIM_Cmd
    stm32f10x_it.o(.text) refers to pictureanalyse.o(.text) for PictureAnalyse
    nvic_exit.o(.text) refers to misc.o(.text) for NVIC_PriorityGroupConfig
    nvic_exit.o(.text) refers to stm32f10x_rcc.o(.text) for RCC_APB2PeriphClockCmd
    nvic_exit.o(.text) refers to stm32f10x_gpio.o(.text) for GPIO_Init
    nvic_exit.o(.text) refers to stm32f10x_exti.o(.text) for EXTI_Init
    nvic_exit.o(.text) refers to nvic_exit.o(.constdata) for .constdata
    nvic_exit.o(.text) refers to nvic_exit.o(.data) for .data
    led.o(.text) refers to stm32f10x_rcc.o(.text) for RCC_APB2PeriphClockCmd
    led.o(.text) refers to stm32f10x_gpio.o(.text) for GPIO_Init
    pictureanalyse.o(.text) refers to stm32f10x_exti.o(.text) for EXTI_ClearITPendingBit
    pictureanalyse.o(.text) refers to stm32f10x_gpio.o(.text) for GPIO_SetBits
    pictureanalyse.o(.text) refers to ili9325_32.o(.text) for write_cmd_data
    pictureanalyse.o(.text) refers to stm32f10x_tim.o(.text) for TIM_Cmd
    pictureanalyse.o(.text) refers to pictureanalyse.o(.data) for .data
    tim1.o(.text) refers to stm32f10x_rcc.o(.text) for RCC_APB2PeriphClockCmd
    tim1.o(.text) refers to stm32f10x_tim.o(.text) for TIM_DeInit
    tim1.o(.text) refers to misc.o(.text) for NVIC_Init
    stm32f10x_gpio.o(.text) refers to stm32f10x_rcc.o(.text) for RCC_APB2PeriphResetCmd
    stm32f10x_i2c.o(.text) refers to stm32f10x_rcc.o(.text) for RCC_APB1PeriphResetCmd
    stm32f10x_rcc.o(.text) refers to stm32f10x_rcc.o(.data) for .data
    stm32f10x_tim.o(.text) refers to stm32f10x_rcc.o(.text) for RCC_APB1PeriphResetCmd
    stm32f10x_usart.o(.text) refers to stm32f10x_rcc.o(.text) for RCC_APB2PeriphResetCmd
    startup_stm32f10x_hd.o(RESET) refers to startup_stm32f10x_hd.o(STACK) for __initial_sp
    startup_stm32f10x_hd.o(RESET) refers to startup_stm32f10x_hd.o(.text) for Reset_Handler
    startup_stm32f10x_hd.o(RESET) refers to stm32f10x_it.o(.text) for NMI_Handler
    startup_stm32f10x_hd.o(.text) refers to system_stm32f10x.o(.text) for SystemInit
    startup_stm32f10x_hd.o(.text) refers to entry.o(.ARM.Collect$$$$00000000) for __main
    entry.o(.ARM.Collect$$$$00000000) refers (Special) to entry10a.o(.ARM.Collect$$$$0000000D) for __rt_final_cpp
    entry.o(.ARM.Collect$$$$00000000) refers (Special) to entry11a.o(.ARM.Collect$$$$0000000F) for __rt_final_exit
    entry.o(.ARM.Collect$$$$00000000) refers (Special) to entry7b.o(.ARM.Collect$$$$00000008) for _main_clock
    entry.o(.ARM.Collect$$$$00000000) refers (Special) to entry8b.o(.ARM.Collect$$$$0000000A) for _main_cpp_init
    entry.o(.ARM.Collect$$$$00000000) refers (Special) to entry9a.o(.ARM.Collect$$$$0000000B) for _main_init
    entry.o(.ARM.Collect$$$$00000000) refers (Special) to entry5.o(.ARM.Collect$$$$00000004) for _main_scatterload
    entry.o(.ARM.Collect$$$$00000000) refers (Special) to entry2.o(.ARM.Collect$$$$00000001) for _main_stk
    entry2.o(.ARM.Collect$$$$00000001) refers to entry2.o(.ARM.Collect$$$$00002712) for __lit__00000000
    entry2.o(.ARM.Collect$$$$00002712) refers to startup_stm32f10x_hd.o(STACK) for __initial_sp
    entry2.o(__vectab_stack_and_reset_area) refers to startup_stm32f10x_hd.o(STACK) for __initial_sp
    entry2.o(__vectab_stack_and_reset_area) refers to entry.o(.ARM.Collect$$$$00000000) for __main
    entry5.o(.ARM.Collect$$$$00000004) refers to init.o(.text) for __scatterload
    entry9a.o(.ARM.Collect$$$$0000000B) refers to main.o(.text) for main
    entry9b.o(.ARM.Collect$$$$0000000C) refers to main.o(.text) for main
    init.o(.text) refers to entry5.o(.ARM.Collect$$$$00000004) for __main_after_scatterload


==============================================================================

Removing Unused input sections from the image.

    Removing core_cm3.o(.emb_text), (32 bytes).
    Removing delay.o(.rev16_text), (4 bytes).
    Removing delay.o(.revsh_text), (4 bytes).
    Removing gui_32.o(.rev16_text), (4 bytes).
    Removing gui_32.o(.revsh_text), (4 bytes).
    Removing gui_32.o(.constdata), (5000 bytes).
    Removing i2c.o(.rev16_text), (4 bytes).
    Removing i2c.o(.revsh_text), (4 bytes).
    Removing ili9325_32.o(.rev16_text), (4 bytes).
    Removing ili9325_32.o(.revsh_text), (4 bytes).
    Removing ili9325_32.o(.constdata), (448 bytes).
    Removing ili9325_32.o(.constdata), (400 bytes).
    Removing main.o(.rev16_text), (4 bytes).
    Removing main.o(.revsh_text), (4 bytes).
    Removing ov7670.o(.rev16_text), (4 bytes).
    Removing ov7670.o(.revsh_text), (4 bytes).
    Removing stm32f10x_it.o(.rev16_text), (4 bytes).
    Removing stm32f10x_it.o(.revsh_text), (4 bytes).
    Removing sys.o(.rev16_text), (4 bytes).
    Removing sys.o(.revsh_text), (4 bytes).
    Removing sys.o(.text), (40 bytes).
    Removing nvic_exit.o(.rev16_text), (4 bytes).
    Removing nvic_exit.o(.revsh_text), (4 bytes).
    Removing led.o(.rev16_text), (4 bytes).
    Removing led.o(.revsh_text), (4 bytes).
    Removing pictureanalyse.o(.rev16_text), (4 bytes).
    Removing pictureanalyse.o(.revsh_text), (4 bytes).
    Removing pictureanalyse.o(.bss), (1000 bytes).
    Removing pictureanalyse.o(.data), (2 bytes).
    Removing pictureanalyse.o(.data), (2 bytes).
    Removing tim1.o(.rev16_text), (4 bytes).
    Removing tim1.o(.revsh_text), (4 bytes).
    Removing tim1.o(.data), (4 bytes).
    Removing misc.o(.rev16_text), (4 bytes).
    Removing misc.o(.revsh_text), (4 bytes).
    Removing stm32f10x_exti.o(.rev16_text), (4 bytes).
    Removing stm32f10x_exti.o(.revsh_text), (4 bytes).
    Removing stm32f10x_gpio.o(.rev16_text), (4 bytes).
    Removing stm32f10x_gpio.o(.revsh_text), (4 bytes).
    Removing stm32f10x_i2c.o(.rev16_text), (4 bytes).
    Removing stm32f10x_i2c.o(.revsh_text), (4 bytes).
    Removing stm32f10x_i2c.o(.text), (804 bytes).
    Removing stm32f10x_rcc.o(.rev16_text), (4 bytes).
    Removing stm32f10x_rcc.o(.revsh_text), (4 bytes).
    Removing stm32f10x_tim.o(.rev16_text), (4 bytes).
    Removing stm32f10x_tim.o(.revsh_text), (4 bytes).
    Removing stm32f10x_usart.o(.rev16_text), (4 bytes).
    Removing stm32f10x_usart.o(.revsh_text), (4 bytes).
    Removing stm32f10x_usart.o(.text), (816 bytes).
    Removing startup_stm32f10x_hd.o(HEAP), (512 bytes).

50 unused section(s) (total 9212 bytes) removed from the image.

==============================================================================

Image Symbol Table

    Local Symbols

    Symbol Name                              Value     Ov Type        Size  Object(Section)

    ../clib/microlib/init/entry.s            0x00000000   Number         0  entry9a.o ABSOLUTE
    ../clib/microlib/init/entry.s            0x00000000   Number         0  entry.o ABSOLUTE
    ../clib/microlib/init/entry.s            0x00000000   Number         0  entry2.o ABSOLUTE
    ../clib/microlib/init/entry.s            0x00000000   Number         0  entry5.o ABSOLUTE
    ../clib/microlib/init/entry.s            0x00000000   Number         0  entry11b.o ABSOLUTE
    ../clib/microlib/init/entry.s            0x00000000   Number         0  entry11a.o ABSOLUTE
    ../clib/microlib/init/entry.s            0x00000000   Number         0  entry7a.o ABSOLUTE
    ../clib/microlib/init/entry.s            0x00000000   Number         0  entry7b.o ABSOLUTE
    ../clib/microlib/init/entry.s            0x00000000   Number         0  entry10b.o ABSOLUTE
    ../clib/microlib/init/entry.s            0x00000000   Number         0  entry8a.o ABSOLUTE
    ../clib/microlib/init/entry.s            0x00000000   Number         0  entry8b.o ABSOLUTE
    ../clib/microlib/init/entry.s            0x00000000   Number         0  entry10a.o ABSOLUTE
    ../clib/microlib/init/entry.s            0x00000000   Number         0  entry9b.o ABSOLUTE
    CMSIS\\core_cm3.c                        0x00000000   Number         0  core_cm3.o ABSOLUTE
    CMSIS\core_cm3.c                         0x00000000   Number         0  core_cm3.o ABSOLUTE
    CMSIS\startup\startup_stm32f10x_hd.s     0x00000000   Number         0  startup_stm32f10x_hd.o ABSOLUTE
    CMSIS\system_stm32f10x.c                 0x00000000   Number         0  system_stm32f10x.o ABSOLUTE
    FWlib\\src\\misc.c                       0x00000000   Number         0  misc.o ABSOLUTE
    FWlib\\src\\stm32f10x_exti.c             0x00000000   Number         0  stm32f10x_exti.o ABSOLUTE
    FWlib\\src\\stm32f10x_gpio.c             0x00000000   Number         0  stm32f10x_gpio.o ABSOLUTE
    FWlib\\src\\stm32f10x_i2c.c              0x00000000   Number         0  stm32f10x_i2c.o ABSOLUTE
    FWlib\\src\\stm32f10x_rcc.c              0x00000000   Number         0  stm32f10x_rcc.o ABSOLUTE
    FWlib\\src\\stm32f10x_tim.c              0x00000000   Number         0  stm32f10x_tim.o ABSOLUTE
    FWlib\\src\\stm32f10x_usart.c            0x00000000   Number         0  stm32f10x_usart.o ABSOLUTE
    FWlib\src\misc.c                         0x00000000   Number         0  misc.o ABSOLUTE
    FWlib\src\stm32f10x_exti.c               0x00000000   Number         0  stm32f10x_exti.o ABSOLUTE
    FWlib\src\stm32f10x_gpio.c               0x00000000   Number         0  stm32f10x_gpio.o ABSOLUTE
    FWlib\src\stm32f10x_i2c.c                0x00000000   Number         0  stm32f10x_i2c.o ABSOLUTE
    FWlib\src\stm32f10x_rcc.c                0x00000000   Number         0  stm32f10x_rcc.o ABSOLUTE
    FWlib\src\stm32f10x_tim.c                0x00000000   Number         0  stm32f10x_tim.o ABSOLUTE
    FWlib\src\stm32f10x_usart.c              0x00000000   Number         0  stm32f10x_usart.o ABSOLUTE
    USER\GUI_32.c                            0x00000000   Number         0  gui_32.o ABSOLUTE
    USER\I2C.c                               0x00000000   Number         0  i2c.o ABSOLUTE
    USER\ILI9325_32.c                        0x00000000   Number         0  ili9325_32.o ABSOLUTE
    USER\Nvic_Exit.c                         0x00000000   Number         0  nvic_exit.o ABSOLUTE
    USER\OV7670.c                            0x00000000   Number         0  ov7670.o ABSOLUTE
    USER\PictureAnalyse.c                    0x00000000   Number         0  pictureanalyse.o ABSOLUTE
    USER\Tim1.c                              0x00000000   Number         0  tim1.o ABSOLUTE
    USER\\GUI_32.c                           0x00000000   Number         0  gui_32.o ABSOLUTE
    USER\\I2C.c                              0x00000000   Number         0  i2c.o ABSOLUTE
    USER\\ILI9325_32.c                       0x00000000   Number         0  ili9325_32.o ABSOLUTE
    USER\\Nvic_Exit.c                        0x00000000   Number         0  nvic_exit.o ABSOLUTE
    USER\\OV7670.c                           0x00000000   Number         0  ov7670.o ABSOLUTE
    USER\\PictureAnalyse.c                   0x00000000   Number         0  pictureanalyse.o ABSOLUTE
    USER\\Tim1.c                             0x00000000   Number         0  tim1.o ABSOLUTE
    USER\\delay.c                            0x00000000   Number         0  delay.o ABSOLUTE
    USER\\led.c                              0x00000000   Number         0  led.o ABSOLUTE
    USER\\main.c                             0x00000000   Number         0  main.o ABSOLUTE
    USER\\stm32f10x_it.c                     0x00000000   Number         0  stm32f10x_it.o ABSOLUTE
    USER\\sys.c                              0x00000000   Number         0  sys.o ABSOLUTE
    USER\delay.c                             0x00000000   Number         0  delay.o ABSOLUTE
    USER\led.c                               0x00000000   Number         0  led.o ABSOLUTE
    USER\main.c                              0x00000000   Number         0  main.o ABSOLUTE
    USER\stm32f10x_it.c                      0x00000000   Number         0  stm32f10x_it.o ABSOLUTE
    USER\sys.c                               0x00000000   Number         0  sys.o ABSOLUTE
    dc.s                                     0x00000000   Number         0  dc.o ABSOLUTE
    handlers.s                               0x00000000   Number         0  handlers.o ABSOLUTE
    init.s                                   0x00000000   Number         0  init.o ABSOLUTE
    RESET                                    0x08000000   Section      304  startup_stm32f10x_hd.o(RESET)
    .ARM.Collect$$$$00000000                 0x08000130   Section        0  entry.o(.ARM.Collect$$$$00000000)
    .ARM.Collect$$$$00000001                 0x08000130   Section        4  entry2.o(.ARM.Collect$$$$00000001)
    .ARM.Collect$$$$00000004                 0x08000134   Section        4  entry5.o(.ARM.Collect$$$$00000004)
    .ARM.Collect$$$$00000008                 0x08000138   Section        0  entry7b.o(.ARM.Collect$$$$00000008)
    .ARM.Collect$$$$0000000A                 0x08000138   Section        0  entry8b.o(.ARM.Collect$$$$0000000A)
    .ARM.Collect$$$$0000000B                 0x08000138   Section        8  entry9a.o(.ARM.Collect$$$$0000000B)
    .ARM.Collect$$$$0000000D                 0x08000140   Section        0  entry10a.o(.ARM.Collect$$$$0000000D)
    .ARM.Collect$$$$0000000F                 0x08000140   Section        0  entry11a.o(.ARM.Collect$$$$0000000F)
    .ARM.Collect$$$$00002712                 0x08000140   Section        4  entry2.o(.ARM.Collect$$$$00002712)
    __lit__00000000                          0x08000140   Data           4  entry2.o(.ARM.Collect$$$$00002712)
    .text                                    0x08000144   Section        0  system_stm32f10x.o(.text)
    SetSysClockTo72                          0x08000145   Thumb Code   160  system_stm32f10x.o(.text)
    .text                                    0x0800029c   Section        0  delay.o(.text)
    .text                                    0x08000310   Section        0  gui_32.o(.text)
    .text                                    0x08000c68   Section        0  i2c.o(.text)
    .text                                    0x080010c4   Section        0  ili9325_32.o(.text)
    .text                                    0x08001548   Section        0  main.o(.text)
    .text                                    0x08001684   Section        0  ov7670.o(.text)
    .text                                    0x08001820   Section        0  stm32f10x_it.o(.text)
    .text                                    0x08001854   Section        0  nvic_exit.o(.text)
    GetGpioPortNumber                        0x08001939   Thumb Code    26  nvic_exit.o(.text)
    .text                                    0x0800195c   Section        0  led.o(.text)
    .text                                    0x080019bc   Section        0  pictureanalyse.o(.text)
    .text                                    0x08001b5c   Section        0  tim1.o(.text)
    .text                                    0x08001bd0   Section        0  misc.o(.text)
    .text                                    0x08001c80   Section        0  stm32f10x_exti.o(.text)
    .text                                    0x08001d68   Section        0  stm32f10x_gpio.o(.text)
    .text                                    0x08001fc8   Section        0  stm32f10x_rcc.o(.text)
    .text                                    0x08002280   Section        0  stm32f10x_tim.o(.text)
    TI2_Config                               0x08002613   Thumb Code   166  stm32f10x_tim.o(.text)
    TI1_Config                               0x080026c9   Thumb Code    88  stm32f10x_tim.o(.text)
    .text                                    0x08002d70   Section       36  startup_stm32f10x_hd.o(.text)
    .text                                    0x08002d94   Section       36  init.o(.text)
    i.__scatterload_copy                     0x08002db8   Section       14  handlers.o(i.__scatterload_copy)
    i.__scatterload_null                     0x08002dc6   Section        2  handlers.o(i.__scatterload_null)
    i.__scatterload_zeroinit                 0x08002dc8   Section       14  handlers.o(i.__scatterload_zeroinit)
    .constdata                               0x08002dd6   Section     2192  gui_32.o(.constdata)
    .constdata                               0x08003666   Section      664  ov7670.o(.constdata)
    .constdata                               0x08003900   Section      164  nvic_exit.o(.constdata)
    .data                                    0x20000000   Section       20  system_stm32f10x.o(.data)
    .data                                    0x20000014   Section        4  delay.o(.data)
    fac_us                                   0x20000014   Data           1  delay.o(.data)
    fac_ms                                   0x20000016   Data           2  delay.o(.data)
    .data                                    0x20000018   Section       32  ili9325_32.o(.data)
    .data                                    0x20000038   Section       28  nvic_exit.o(.data)
    .data                                    0x20000054   Section       12  pictureanalyse.o(.data)
    .data                                    0x20000060   Section       20  stm32f10x_rcc.o(.data)
    ADCPrescTable                            0x20000060   Data           4  stm32f10x_rcc.o(.data)
    APBAHBPrescTable                         0x20000064   Data          16  stm32f10x_rcc.o(.data)
    STACK                                    0x20000078   Section     1024  startup_stm32f10x_hd.o(STACK)

    Global Symbols

    Symbol Name                              Value     Ov Type        Size  Object(Section)

    BuildAttributes$$THM_ISAv4$P$D$K$B$S$PE$A:L22UL41UL21$X:L11$S22US41US21$IEEE1$IW$USESV6$~STKCKD$USESV7$~SHL$OSPACE$EBA8$MICROLIB$REQ8$PRES8$EABIv2 0x00000000   Number         0  anon$$obj.o ABSOLUTE
    __ARM_use_no_argv                        0x00000000   Number         0  main.o ABSOLUTE
    __cpp_initialize__aeabi_                  - Undefined Weak Reference
    __cxa_finalize                            - Undefined Weak Reference
    __decompress                              - Undefined Weak Reference
    _clock_init                               - Undefined Weak Reference
    _microlib_exit                            - Undefined Weak Reference
    __Vectors_Size                           0x00000130   Number         0  startup_stm32f10x_hd.o ABSOLUTE
    __Vectors                                0x08000000   Data           4  startup_stm32f10x_hd.o(RESET)
    __Vectors_End                            0x08000130   Data           0  startup_stm32f10x_hd.o(RESET)
    __main                                   0x08000131   Thumb Code     0  entry.o(.ARM.Collect$$$$00000000)
    _main_stk                                0x08000131   Thumb Code     0  entry2.o(.ARM.Collect$$$$00000001)
    _main_scatterload                        0x08000135   Thumb Code     0  entry5.o(.ARM.Collect$$$$00000004)
    __main_after_scatterload                 0x08000139   Thumb Code     0  entry5.o(.ARM.Collect$$$$00000004)
    _main_clock                              0x08000139   Thumb Code     0  entry7b.o(.ARM.Collect$$$$00000008)
    _main_cpp_init                           0x08000139   Thumb Code     0  entry8b.o(.ARM.Collect$$$$0000000A)
    _main_init                               0x08000139   Thumb Code     0  entry9a.o(.ARM.Collect$$$$0000000B)
    __rt_final_cpp                           0x08000141   Thumb Code     0  entry10a.o(.ARM.Collect$$$$0000000D)
    __rt_final_exit                          0x08000141   Thumb Code     0  entry11a.o(.ARM.Collect$$$$0000000F)
    SystemInit                               0x080001e5   Thumb Code    64  system_stm32f10x.o(.text)
    SystemCoreClockUpdate                    0x08000225   Thumb Code    86  system_stm32f10x.o(.text)
    delay_init                               0x0800029d   Thumb Code    38  delay.o(.text)
    delay_ms                                 0x080002c3   Thumb Code    36  delay.o(.text)
    delay_us                                 0x080002e7   Thumb Code    36  delay.o(.text)
    GUI_clearscreen                          0x08000311   Thumb Code    48  gui_32.o(.text)
    GUI_Point                                0x08000341   Thumb Code    18  gui_32.o(.text)
    GUI_sprintf_nu                           0x08000353   Thumb Code   102  gui_32.o(.text)
    GUI_sprintf_chartobit                    0x080003b9   Thumb Code    62  gui_32.o(.text)
    GUI_sprintf_chartohex                    0x080003f7   Thumb Code    44  gui_32.o(.text)
    GUI_sprintf_char                         0x08000423   Thumb Code    92  gui_32.o(.text)
    GUI_sprintf_chartodec                    0x0800047f   Thumb Code    88  gui_32.o(.text)
    GUI_HLine                                0x080004d7   Thumb Code    34  gui_32.o(.text)
    GUI_RLine                                0x080004f9   Thumb Code    28  gui_32.o(.text)
    GUI_line                                 0x08000515   Thumb Code   148  gui_32.o(.text)
    GUI_DisPicture                           0x080005a9   Thumb Code    52  gui_32.o(.text)
    GUI_sprintf_string                       0x080005dd   Thumb Code    42  gui_32.o(.text)
    GUI_sprintf_HZ1                          0x08000607   Thumb Code   194  gui_32.o(.text)
    GUI_sprintf_HZ2                          0x080006c9   Thumb Code   204  gui_32.o(.text)
    GUI_box                                  0x08000795   Thumb Code    58  gui_32.o(.text)
    GUI_rectangle                            0x080007cf   Thumb Code    66  gui_32.o(.text)
    GUI_wrul                                 0x08000811   Thumb Code    92  gui_32.o(.text)
    GUI_wrlval                               0x0800086d   Thumb Code   244  gui_32.o(.text)
    RGB                                      0x08000961   Thumb Code    20  gui_32.o(.text)
    GUI_xyFrame                              0x08000975   Thumb Code   756  gui_32.o(.text)
    Anal_I2C_delay                           0x08000c69   Thumb Code     6  i2c.o(.text)
    Anal_I2C_Init                            0x08000c6f   Thumb Code    94  i2c.o(.text)
    Anal_I2C_START                           0x08000ccd   Thumb Code   104  i2c.o(.text)
    Anal_I2C_STOP                            0x08000d35   Thumb Code    54  i2c.o(.text)
    Anal_I2C_SendACK                         0x08000d6b   Thumb Code    54  i2c.o(.text)
    Anal_I2C_SendNACK                        0x08000da1   Thumb Code    54  i2c.o(.text)
    Anal_I2C_SendByte                        0x08000dd7   Thumb Code   160  i2c.o(.text)
    Anal_I2C_ReceiveByte                     0x08000e77   Thumb Code   106  i2c.o(.text)
    Anal_I2C_ReceiveByte_WithACK             0x08000ee1   Thumb Code   108  i2c.o(.text)
    Anal_I2C_ReceiveBuf                      0x08000f4d   Thumb Code   218  i2c.o(.text)
    Single_Read                              0x08001027   Thumb Code    52  i2c.o(.text)
    Multiple_read                            0x0800105b   Thumb Code    66  i2c.o(.text)
    Single_Write                             0x0800109d   Thumb Code    38  i2c.o(.text)
    TFT_GPIO_Config                          0x080010c5   Thumb Code    70  ili9325_32.o(.text)
    write_data                               0x0800110b   Thumb Code   112  ili9325_32.o(.text)
    write_cmd                                0x0800117b   Thumb Code   112  ili9325_32.o(.text)
    write_cmd_data                           0x080011eb   Thumb Code    26  ili9325_32.o(.text)
    ILI9325_initial                          0x08001205   Thumb Code   578  ili9325_32.o(.text)
    write_data_u16                           0x08001447   Thumb Code    10  ili9325_32.o(.text)
    LCD_WriteRAM_Prepare                     0x08001451   Thumb Code     6  ili9325_32.o(.text)
    LCD_WriteRAM                             0x08001457   Thumb Code     2  ili9325_32.o(.text)
    LCD_setwindow                            0x08001459   Thumb Code    70  ili9325_32.o(.text)
    Write_RRR                                0x0800149f   Thumb Code     8  ili9325_32.o(.text)
    Write_GGG                                0x080014a7   Thumb Code     8  ili9325_32.o(.text)
    LCD_setxy                                0x080014af   Thumb Code     6  ili9325_32.o(.text)
    LCD_test                                 0x080014b5   Thumb Code   146  ili9325_32.o(.text)
    main                                     0x08001549   Thumb Code   228  main.o(.text)
    ov7670_PortConfig                        0x08001685   Thumb Code    98  ov7670.o(.text)
    RdCmos7670                               0x080016e7   Thumb Code    18  ov7670.o(.text)
    WrCmos7670                               0x080016f9   Thumb Code    22  ov7670.o(.text)
    set7670ToRGB_QVGA                        0x0800170f   Thumb Code    30  ov7670.o(.text)
    set7670ToYUV_QVGA                        0x0800172d   Thumb Code    30  ov7670.o(.text)
    Mode_RGB_QICF                            0x0800174b   Thumb Code     6  ov7670.o(.text)
    Cmos7670_init                            0x08001751   Thumb Code    32  ov7670.o(.text)
    OV7670_config_window                     0x08001771   Thumb Code   160  ov7670.o(.text)
    NMI_Handler                              0x08001821   Thumb Code     2  stm32f10x_it.o(.text)
    HardFault_Handler                        0x08001823   Thumb Code     2  stm32f10x_it.o(.text)
    MemManage_Handler                        0x08001825   Thumb Code     2  stm32f10x_it.o(.text)
    BusFault_Handler                         0x08001827   Thumb Code     2  stm32f10x_it.o(.text)
    UsageFault_Handler                       0x08001829   Thumb Code     2  stm32f10x_it.o(.text)
    SVC_Handler                              0x0800182b   Thumb Code     2  stm32f10x_it.o(.text)
    DebugMon_Handler                         0x0800182d   Thumb Code     2  stm32f10x_it.o(.text)
    PendSV_Handler                           0x0800182f   Thumb Code     2  stm32f10x_it.o(.text)
    USB_HP_CAN1_TX_IRQHandler                0x08001831   Thumb Code     2  stm32f10x_it.o(.text)
    USB_LP_CAN1_RX0_IRQHandler               0x08001833   Thumb Code     2  stm32f10x_it.o(.text)
    SDIO_IRQHandler                          0x08001835   Thumb Code     2  stm32f10x_it.o(.text)
    EXTI15_10_IRQHandler                     0x08001837   Thumb Code    26  stm32f10x_it.o(.text)
    NVIC_Config                              0x08001855   Thumb Code    20  nvic_exit.o(.text)
    GpioInit                                 0x08001869   Thumb Code    50  nvic_exit.o(.text)
    Exit_Init                                0x0800189b   Thumb Code   158  nvic_exit.o(.text)
    LED_GPIO_Config                          0x0800195d   Thumb Code    86  led.o(.text)
    PictureAnalyse                           0x080019bd   Thumb Code   374  pictureanalyse.o(.text)
    TakeVerfPhoto                            0x08001b33   Thumb Code    10  pictureanalyse.o(.text)
    TIM_Configuration                        0x08001b5d   Thumb Code    78  tim1.o(.text)
    TIM1_Init                                0x08001bab   Thumb Code     2  tim1.o(.text)
    TIM1_NVIC_Configuration                  0x08001bad   Thumb Code    32  tim1.o(.text)
    NVIC_PriorityGroupConfig                 0x08001bd1   Thumb Code    10  misc.o(.text)
    NVIC_Init                                0x08001bdb   Thumb Code    90  misc.o(.text)
    NVIC_SetVectorTable                      0x08001c35   Thumb Code    14  misc.o(.text)
    NVIC_SystemLPConfig                      0x08001c43   Thumb Code    20  misc.o(.text)
    SysTick_CLKSourceConfig                  0x08001c57   Thumb Code    24  misc.o(.text)
    EXTI_DeInit                              0x08001c81   Thumb Code    28  stm32f10x_exti.o(.text)
    EXTI_Init                                0x08001c9d   Thumb Code   108  stm32f10x_exti.o(.text)
    EXTI_StructInit                          0x08001d09   Thumb Code    14  stm32f10x_exti.o(.text)
    EXTI_GenerateSWInterrupt                 0x08001d17   Thumb Code    12  stm32f10x_exti.o(.text)
    EXTI_GetFlagStatus                       0x08001d23   Thumb Code    18  stm32f10x_exti.o(.text)
    EXTI_ClearFlag                           0x08001d35   Thumb Code     8  stm32f10x_exti.o(.text)
    EXTI_GetITStatus                         0x08001d3d   Thumb Code    28  stm32f10x_exti.o(.text)
    EXTI_ClearITPendingBit                   0x08001d59   Thumb Code     8  stm32f10x_exti.o(.text)
    GPIO_DeInit                              0x08001d69   Thumb Code   152  stm32f10x_gpio.o(.text)
    GPIO_AFIODeInit                          0x08001e01   Thumb Code    22  stm32f10x_gpio.o(.text)
    GPIO_Init                                0x08001e17   Thumb Code   152  stm32f10x_gpio.o(.text)
    GPIO_StructInit                          0x08001eaf   Thumb Code    16  stm32f10x_gpio.o(.text)
    GPIO_ReadInputDataBit                    0x08001ebf   Thumb Code    14  stm32f10x_gpio.o(.text)
    GPIO_ReadInputData                       0x08001ecd   Thumb Code     6  stm32f10x_gpio.o(.text)
    GPIO_ReadOutputDataBit                   0x08001ed3   Thumb Code    14  stm32f10x_gpio.o(.text)
    GPIO_ReadOutputData                      0x08001ee1   Thumb Code     6  stm32f10x_gpio.o(.text)
    GPIO_SetBits                             0x08001ee7   Thumb Code     4  stm32f10x_gpio.o(.text)
    GPIO_ResetBits                           0x08001eeb   Thumb Code     4  stm32f10x_gpio.o(.text)
    GPIO_WriteBit                            0x08001eef   Thumb Code    10  stm32f10x_gpio.o(.text)
    GPIO_Write                               0x08001ef9   Thumb Code     4  stm32f10x_gpio.o(.text)
    GPIO_PinLockConfig                       0x08001efd   Thumb Code    16  stm32f10x_gpio.o(.text)
    GPIO_EventOutputConfig                   0x08001f0d   Thumb Code    22  stm32f10x_gpio.o(.text)
    GPIO_EventOutputCmd                      0x08001f23   Thumb Code     6  stm32f10x_gpio.o(.text)
    GPIO_PinRemapConfig                      0x08001f29   Thumb Code    82  stm32f10x_gpio.o(.text)
    GPIO_EXTILineConfig                      0x08001f7b   Thumb Code    34  stm32f10x_gpio.o(.text)
    GPIO_ETH_MediaInterfaceConfig            0x08001f9d   Thumb Code     8  stm32f10x_gpio.o(.text)
    RCC_DeInit                               0x08001fc9   Thumb Code    50  stm32f10x_rcc.o(.text)
    RCC_HSEConfig                            0x08001ffb   Thumb Code    48  stm32f10x_rcc.o(.text)
    RCC_GetFlagStatus                        0x0800202b   Thumb Code    42  stm32f10x_rcc.o(.text)
    RCC_WaitForHSEStartUp                    0x08002055   Thumb Code    44  stm32f10x_rcc.o(.text)
    RCC_AdjustHSICalibrationValue            0x08002081   Thumb Code    16  stm32f10x_rcc.o(.text)
    RCC_HSICmd                               0x08002091   Thumb Code     6  stm32f10x_rcc.o(.text)
    RCC_PLLConfig                            0x08002097   Thumb Code    16  stm32f10x_rcc.o(.text)
    RCC_PLLCmd                               0x080020a7   Thumb Code     6  stm32f10x_rcc.o(.text)
    RCC_SYSCLKConfig                         0x080020ad   Thumb Code    14  stm32f10x_rcc.o(.text)
    RCC_GetSYSCLKSource                      0x080020bb   Thumb Code    10  stm32f10x_rcc.o(.text)
    RCC_HCLKConfig                           0x080020c5   Thumb Code    14  stm32f10x_rcc.o(.text)
    RCC_PCLK1Config                          0x080020d3   Thumb Code    14  stm32f10x_rcc.o(.text)
    RCC_PCLK2Config                          0x080020e1   Thumb Code    16  stm32f10x_rcc.o(.text)
    RCC_ITConfig                             0x080020f1   Thumb Code    18  stm32f10x_rcc.o(.text)
    RCC_USBCLKConfig                         0x08002103   Thumb Code     8  stm32f10x_rcc.o(.text)
    RCC_ADCCLKConfig                         0x0800210b   Thumb Code    14  stm32f10x_rcc.o(.text)
    RCC_LSEConfig                            0x08002119   Thumb Code    28  stm32f10x_rcc.o(.text)
    RCC_LSICmd                               0x08002135   Thumb Code     6  stm32f10x_rcc.o(.text)
    RCC_RTCCLKConfig                         0x0800213b   Thumb Code    10  stm32f10x_rcc.o(.text)
    RCC_RTCCLKCmd                            0x08002145   Thumb Code     8  stm32f10x_rcc.o(.text)
    RCC_GetClocksFreq                        0x0800214d   Thumb Code   132  stm32f10x_rcc.o(.text)
    RCC_AHBPeriphClockCmd                    0x080021d1   Thumb Code    18  stm32f10x_rcc.o(.text)
    RCC_APB2PeriphClockCmd                   0x080021e3   Thumb Code    18  stm32f10x_rcc.o(.text)
    RCC_APB1PeriphClockCmd                   0x080021f5   Thumb Code    18  stm32f10x_rcc.o(.text)
    RCC_APB2PeriphResetCmd                   0x08002207   Thumb Code    18  stm32f10x_rcc.o(.text)
    RCC_APB1PeriphResetCmd                   0x08002219   Thumb Code    18  stm32f10x_rcc.o(.text)
    RCC_BackupResetCmd                       0x0800222b   Thumb Code     8  stm32f10x_rcc.o(.text)
    RCC_ClockSecuritySystemCmd               0x08002233   Thumb Code     6  stm32f10x_rcc.o(.text)
    RCC_MCOConfig                            0x08002239   Thumb Code     6  stm32f10x_rcc.o(.text)
    RCC_ClearFlag                            0x0800223f   Thumb Code    12  stm32f10x_rcc.o(.text)
    RCC_GetITStatus                          0x0800224b   Thumb Code    16  stm32f10x_rcc.o(.text)
    RCC_ClearITPendingBit                    0x0800225b   Thumb Code     6  stm32f10x_rcc.o(.text)
    TIM_DeInit                               0x08002281   Thumb Code   304  stm32f10x_tim.o(.text)
    TIM_TimeBaseInit                         0x080023b1   Thumb Code   114  stm32f10x_tim.o(.text)
    TIM_OC1Init                              0x08002423   Thumb Code   106  stm32f10x_tim.o(.text)
    TIM_OC2Init                              0x0800248d   Thumb Code   120  stm32f10x_tim.o(.text)
    TIM_OC3Init                              0x08002505   Thumb Code   116  stm32f10x_tim.o(.text)
    TIM_OC4Init                              0x08002579   Thumb Code    90  stm32f10x_tim.o(.text)
    TIM_SetIC4Prescaler                      0x080025d3   Thumb Code    24  stm32f10x_tim.o(.text)
    TIM_SetIC3Prescaler                      0x080025eb   Thumb Code    16  stm32f10x_tim.o(.text)
    TIM_SetIC2Prescaler                      0x080025fb   Thumb Code    24  stm32f10x_tim.o(.text)
    TIM_SetIC1Prescaler                      0x080026b9   Thumb Code    16  stm32f10x_tim.o(.text)
    TIM_ICInit                               0x08002721   Thumb Code   270  stm32f10x_tim.o(.text)
    TIM_PWMIConfig                           0x0800282f   Thumb Code   104  stm32f10x_tim.o(.text)
    TIM_BDTRConfig                           0x08002897   Thumb Code    34  stm32f10x_tim.o(.text)
    TIM_TimeBaseStructInit                   0x080028b9   Thumb Code    18  stm32f10x_tim.o(.text)
    TIM_OCStructInit                         0x080028cb   Thumb Code    20  stm32f10x_tim.o(.text)
    TIM_ICStructInit                         0x080028df   Thumb Code    16  stm32f10x_tim.o(.text)
    TIM_BDTRStructInit                       0x080028ef   Thumb Code    18  stm32f10x_tim.o(.text)
    TIM_Cmd                                  0x08002901   Thumb Code    20  stm32f10x_tim.o(.text)
    TIM_CtrlPWMOutputs                       0x08002915   Thumb Code    22  stm32f10x_tim.o(.text)
    TIM_ITConfig                             0x0800292b   Thumb Code    16  stm32f10x_tim.o(.text)
    TIM_GenerateEvent                        0x0800293b   Thumb Code     4  stm32f10x_tim.o(.text)
    TIM_DMAConfig                            0x0800293f   Thumb Code     8  stm32f10x_tim.o(.text)
    TIM_DMACmd                               0x08002947   Thumb Code    16  stm32f10x_tim.o(.text)
    TIM_InternalClockConfig                  0x08002957   Thumb Code    10  stm32f10x_tim.o(.text)
    TIM_SelectInputTrigger                   0x08002961   Thumb Code    12  stm32f10x_tim.o(.text)
    TIM_ITRxExternalClockConfig              0x0800296d   Thumb Code    18  stm32f10x_tim.o(.text)
    TIM_TIxExternalClockConfig               0x0800297f   Thumb Code    46  stm32f10x_tim.o(.text)
    TIM_ETRConfig                            0x080029ad   Thumb Code    24  stm32f10x_tim.o(.text)
    TIM_ETRClockMode1Config                  0x080029c5   Thumb Code    18  stm32f10x_tim.o(.text)
    TIM_ETRClockMode2Config                  0x080029d7   Thumb Code    18  stm32f10x_tim.o(.text)
    TIM_PrescalerConfig                      0x080029e9   Thumb Code     6  stm32f10x_tim.o(.text)
    TIM_CounterModeConfig                    0x080029ef   Thumb Code    12  stm32f10x_tim.o(.text)
    TIM_EncoderInterfaceConfig               0x080029fb   Thumb Code    50  stm32f10x_tim.o(.text)
    TIM_ForcedOC1Config                      0x08002a2d   Thumb Code    12  stm32f10x_tim.o(.text)
    TIM_ForcedOC2Config                      0x08002a39   Thumb Code    20  stm32f10x_tim.o(.text)
    TIM_ForcedOC3Config                      0x08002a4d   Thumb Code    12  stm32f10x_tim.o(.text)
    TIM_ForcedOC4Config                      0x08002a59   Thumb Code    20  stm32f10x_tim.o(.text)
    TIM_ARRPreloadConfig                     0x08002a6d   Thumb Code    20  stm32f10x_tim.o(.text)
    TIM_SelectCOM                            0x08002a81   Thumb Code    20  stm32f10x_tim.o(.text)
    TIM_SelectCCDMA                          0x08002a95   Thumb Code    20  stm32f10x_tim.o(.text)
    TIM_CCPreloadControl                     0x08002aa9   Thumb Code    20  stm32f10x_tim.o(.text)
    TIM_OC1PreloadConfig                     0x08002abd   Thumb Code    32  stm32f10x_tim.o(.text)
    TIM_OC2PreloadConfig                     0x08002add   Thumb Code    20  stm32f10x_tim.o(.text)
    TIM_OC3PreloadConfig                     0x08002af1   Thumb Code    12  stm32f10x_tim.o(.text)
    TIM_OC4PreloadConfig                     0x08002afd   Thumb Code    20  stm32f10x_tim.o(.text)
    TIM_OC1FastConfig                        0x08002b11   Thumb Code    12  stm32f10x_tim.o(.text)
    TIM_OC2FastConfig                        0x08002b1d   Thumb Code    20  stm32f10x_tim.o(.text)
    TIM_OC3FastConfig                        0x08002b31   Thumb Code    12  stm32f10x_tim.o(.text)
    TIM_OC4FastConfig                        0x08002b3d   Thumb Code    20  stm32f10x_tim.o(.text)
    TIM_ClearOC1Ref                          0x08002b51   Thumb Code    12  stm32f10x_tim.o(.text)
    TIM_ClearOC2Ref                          0x08002b5d   Thumb Code    20  stm32f10x_tim.o(.text)
    TIM_ClearOC3Ref                          0x08002b71   Thumb Code    12  stm32f10x_tim.o(.text)
    TIM_ClearOC4Ref                          0x08002b7d   Thumb Code    20  stm32f10x_tim.o(.text)
    TIM_OC1PolarityConfig                    0x08002b91   Thumb Code    12  stm32f10x_tim.o(.text)
    TIM_OC1NPolarityConfig                   0x08002b9d   Thumb Code    12  stm32f10x_tim.o(.text)
    TIM_OC2PolarityConfig                    0x08002ba9   Thumb Code    20  stm32f10x_tim.o(.text)
    TIM_OC2NPolarityConfig                   0x08002bbd   Thumb Code    20  stm32f10x_tim.o(.text)
    TIM_OC3PolarityConfig                    0x08002bd1   Thumb Code    20  stm32f10x_tim.o(.text)
    TIM_OC3NPolarityConfig                   0x08002be5   Thumb Code    20  stm32f10x_tim.o(.text)
    TIM_OC4PolarityConfig                    0x08002bf9   Thumb Code    20  stm32f10x_tim.o(.text)
    TIM_CCxCmd                               0x08002c0d   Thumb Code    22  stm32f10x_tim.o(.text)
    TIM_CCxNCmd                              0x08002c23   Thumb Code    22  stm32f10x_tim.o(.text)
    TIM_SelectOCxM                           0x08002c39   Thumb Code    70  stm32f10x_tim.o(.text)
    TIM_UpdateDisableConfig                  0x08002c7f   Thumb Code    20  stm32f10x_tim.o(.text)
    TIM_UpdateRequestConfig                  0x08002c93   Thumb Code    20  stm32f10x_tim.o(.text)
    TIM_SelectHallSensor                     0x08002ca7   Thumb Code    20  stm32f10x_tim.o(.text)
    TIM_SelectOnePulseMode                   0x08002cbb   Thumb Code    16  stm32f10x_tim.o(.text)
    TIM_SelectOutputTrigger                  0x08002ccb   Thumb Code    16  stm32f10x_tim.o(.text)
    TIM_SelectSlaveMode                      0x08002cdb   Thumb Code    16  stm32f10x_tim.o(.text)
    TIM_SelectMasterSlaveMode                0x08002ceb   Thumb Code    16  stm32f10x_tim.o(.text)
    TIM_SetCounter                           0x08002cfb   Thumb Code     4  stm32f10x_tim.o(.text)
    TIM_SetAutoreload                        0x08002cff   Thumb Code     4  stm32f10x_tim.o(.text)
    TIM_SetCompare1                          0x08002d03   Thumb Code     4  stm32f10x_tim.o(.text)
    TIM_SetCompare2                          0x08002d07   Thumb Code     4  stm32f10x_tim.o(.text)
    TIM_SetCompare3                          0x08002d0b   Thumb Code     4  stm32f10x_tim.o(.text)
    TIM_SetCompare4                          0x08002d0f   Thumb Code     6  stm32f10x_tim.o(.text)
    TIM_SetClockDivision                     0x08002d15   Thumb Code    16  stm32f10x_tim.o(.text)
    TIM_GetCapture1                          0x08002d25   Thumb Code     4  stm32f10x_tim.o(.text)
    TIM_GetCapture2                          0x08002d29   Thumb Code     4  stm32f10x_tim.o(.text)
    TIM_GetCapture3                          0x08002d2d   Thumb Code     4  stm32f10x_tim.o(.text)
    TIM_GetCapture4                          0x08002d31   Thumb Code     6  stm32f10x_tim.o(.text)
    TIM_GetCounter                           0x08002d37   Thumb Code     4  stm32f10x_tim.o(.text)
    TIM_GetPrescaler                         0x08002d3b   Thumb Code     4  stm32f10x_tim.o(.text)
    TIM_GetFlagStatus                        0x08002d3f   Thumb Code    14  stm32f10x_tim.o(.text)
    TIM_ClearFlag                            0x08002d4d   Thumb Code     6  stm32f10x_tim.o(.text)
    TIM_GetITStatus                          0x08002d53   Thumb Code    24  stm32f10x_tim.o(.text)
    TIM_ClearITPendingBit                    0x08002d6b   Thumb Code     6  stm32f10x_tim.o(.text)
    Reset_Handler                            0x08002d71   Thumb Code     8  startup_stm32f10x_hd.o(.text)
    SysTick_Handler                          0x08002d89   Thumb Code     2  startup_stm32f10x_hd.o(.text)
    ADC1_2_IRQHandler                        0x08002d8b   Thumb Code     0  startup_stm32f10x_hd.o(.text)
    ADC3_IRQHandler                          0x08002d8b   Thumb Code     0  startup_stm32f10x_hd.o(.text)
    CAN1_RX1_IRQHandler                      0x08002d8b   Thumb Code     0  startup_stm32f10x_hd.o(.text)
    CAN1_SCE_IRQHandler                      0x08002d8b   Thumb Code     0  startup_stm32f10x_hd.o(.text)
    DMA1_Channel1_IRQHandler                 0x08002d8b   Thumb Code     0  startup_stm32f10x_hd.o(.text)
    DMA1_Channel2_IRQHandler                 0x08002d8b   Thumb Code     0  startup_stm32f10x_hd.o(.text)
    DMA1_Channel3_IRQHandler                 0x08002d8b   Thumb Code     0  startup_stm32f10x_hd.o(.text)
    DMA1_Channel4_IRQHandler                 0x08002d8b   Thumb Code     0  startup_stm32f10x_hd.o(.text)
    DMA1_Channel5_IRQHandler                 0x08002d8b   Thumb Code     0  startup_stm32f10x_hd.o(.text)
    DMA1_Channel6_IRQHandler                 0x08002d8b   Thumb Code     0  startup_stm32f10x_hd.o(.text)
    DMA1_Channel7_IRQHandler                 0x08002d8b   Thumb Code     0  startup_stm32f10x_hd.o(.text)
    DMA2_Channel1_IRQHandler                 0x08002d8b   Thumb Code     0  startup_stm32f10x_hd.o(.text)
    DMA2_Channel2_IRQHandler                 0x08002d8b   Thumb Code     0  startup_stm32f10x_hd.o(.text)
    DMA2_Channel3_IRQHandler                 0x08002d8b   Thumb Code     0  startup_stm32f10x_hd.o(.text)
    DMA2_Channel4_5_IRQHandler               0x08002d8b   Thumb Code     0  startup_stm32f10x_hd.o(.text)
    EXTI0_IRQHandler                         0x08002d8b   Thumb Code     0  startup_stm32f10x_hd.o(.text)
    EXTI1_IRQHandler                         0x08002d8b   Thumb Code     0  startup_stm32f10x_hd.o(.text)
    EXTI2_IRQHandler                         0x08002d8b   Thumb Code     0  startup_stm32f10x_hd.o(.text)
    EXTI3_IRQHandler                         0x08002d8b   Thumb Code     0  startup_stm32f10x_hd.o(.text)
    EXTI4_IRQHandler                         0x08002d8b   Thumb Code     0  startup_stm32f10x_hd.o(.text)
    EXTI9_5_IRQHandler                       0x08002d8b   Thumb Code     0  startup_stm32f10x_hd.o(.text)
    FLASH_IRQHandler                         0x08002d8b   Thumb Code     0  startup_stm32f10x_hd.o(.text)
    FSMC_IRQHandler                          0x08002d8b   Thumb Code     0  startup_stm32f10x_hd.o(.text)
    I2C1_ER_IRQHandler                       0x08002d8b   Thumb Code     0  startup_stm32f10x_hd.o(.text)
    I2C1_EV_IRQHandler                       0x08002d8b   Thumb Code     0  startup_stm32f10x_hd.o(.text)
    I2C2_ER_IRQHandler                       0x08002d8b   Thumb Code     0  startup_stm32f10x_hd.o(.text)
    I2C2_EV_IRQHandler                       0x08002d8b   Thumb Code     0  startup_stm32f10x_hd.o(.text)
    PVD_IRQHandler                           0x08002d8b   Thumb Code     0  startup_stm32f10x_hd.o(.text)
    RCC_IRQHandler                           0x08002d8b   Thumb Code     0  startup_stm32f10x_hd.o(.text)
    RTCAlarm_IRQHandler                      0x08002d8b   Thumb Code     0  startup_stm32f10x_hd.o(.text)
    RTC_IRQHandler                           0x08002d8b   Thumb Code     0  startup_stm32f10x_hd.o(.text)
    SPI1_IRQHandler                          0x08002d8b   Thumb Code     0  startup_stm32f10x_hd.o(.text)
    SPI2_IRQHandler                          0x08002d8b   Thumb Code     0  startup_stm32f10x_hd.o(.text)
    SPI3_IRQHandler                          0x08002d8b   Thumb Code     0  startup_stm32f10x_hd.o(.text)
    TAMPER_IRQHandler                        0x08002d8b   Thumb Code     0  startup_stm32f10x_hd.o(.text)
    TIM1_BRK_IRQHandler                      0x08002d8b   Thumb Code     0  startup_stm32f10x_hd.o(.text)
    TIM1_CC_IRQHandler                       0x08002d8b   Thumb Code     0  startup_stm32f10x_hd.o(.text)
    TIM1_TRG_COM_IRQHandler                  0x08002d8b   Thumb Code     0  startup_stm32f10x_hd.o(.text)
    TIM1_UP_IRQHandler                       0x08002d8b   Thumb Code     0  startup_stm32f10x_hd.o(.text)
    TIM2_IRQHandler                          0x08002d8b   Thumb Code     0  startup_stm32f10x_hd.o(.text)
    TIM3_IRQHandler                          0x08002d8b   Thumb Code     0  startup_stm32f10x_hd.o(.text)
    TIM4_IRQHandler                          0x08002d8b   Thumb Code     0  startup_stm32f10x_hd.o(.text)
    TIM5_IRQHandler                          0x08002d8b   Thumb Code     0  startup_stm32f10x_hd.o(.text)
    TIM6_IRQHandler                          0x08002d8b   Thumb Code     0  startup_stm32f10x_hd.o(.text)
    TIM7_IRQHandler                          0x08002d8b   Thumb Code     0  startup_stm32f10x_hd.o(.text)
    TIM8_BRK_IRQHandler                      0x08002d8b   Thumb Code     0  startup_stm32f10x_hd.o(.text)
    TIM8_CC_IRQHandler                       0x08002d8b   Thumb Code     0  startup_stm32f10x_hd.o(.text)
    TIM8_TRG_COM_IRQHandler                  0x08002d8b   Thumb Code     0  startup_stm32f10x_hd.o(.text)
    TIM8_UP_IRQHandler                       0x08002d8b   Thumb Code     0  startup_stm32f10x_hd.o(.text)
    UART4_IRQHandler                         0x08002d8b   Thumb Code     0  startup_stm32f10x_hd.o(.text)
    UART5_IRQHandler                         0x08002d8b   Thumb Code     0  startup_stm32f10x_hd.o(.text)
    USART1_IRQHandler                        0x08002d8b   Thumb Code     0  startup_stm32f10x_hd.o(.text)
    USART2_IRQHandler                        0x08002d8b   Thumb Code     0  startup_stm32f10x_hd.o(.text)
    USART3_IRQHandler                        0x08002d8b   Thumb Code     0  startup_stm32f10x_hd.o(.text)
    USBWakeUp_IRQHandler                     0x08002d8b   Thumb Code     0  startup_stm32f10x_hd.o(.text)
    WWDG_IRQHandler                          0x08002d8b   Thumb Code     0  startup_stm32f10x_hd.o(.text)
    __scatterload                            0x08002d95   Thumb Code    28  init.o(.text)
    __scatterload_rt2                        0x08002d95   Thumb Code     0  init.o(.text)
    __scatterload_copy                       0x08002db9   Thumb Code    14  handlers.o(i.__scatterload_copy)
    __scatterload_null                       0x08002dc7   Thumb Code     2  handlers.o(i.__scatterload_null)
    __scatterload_zeroinit                   0x08002dc9   Thumb Code    14  handlers.o(i.__scatterload_zeroinit)
    font16x8                                 0x08002dd6   Data        1520  gui_32.o(.constdata)
    china_char                               0x080033c6   Data         480  gui_32.o(.constdata)
    china_char1                              0x080035a6   Data         192  gui_32.o(.constdata)
    ov7670_Normal                            0x08003666   Data         328  ov7670.o(.constdata)
    ov7670_YUV                               0x080037ae   Data         336  ov7670.o(.constdata)
    GPIO_PortSuorce                          0x08003900   Data           7  nvic_exit.o(.constdata)
    GPIO_Pin                                 0x08003908   Data          32  nvic_exit.o(.constdata)
    GPIO_PortClk                             0x08003928   Data          28  nvic_exit.o(.constdata)
    GPIO_PinSource                           0x08003944   Data          16  nvic_exit.o(.constdata)
    EXINT_Line                               0x08003954   Data          64  nvic_exit.o(.constdata)
    Exit_IRQn                                0x08003994   Data          16  nvic_exit.o(.constdata)
    Region$$Table$$Base                      0x080039a4   Number         0  anon$$obj.o(Region$$Table)
    Region$$Table$$Limit                     0x080039c4   Number         0  anon$$obj.o(Region$$Table)
    SystemCoreClock                          0x20000000   Data           4  system_stm32f10x.o(.data)
    AHBPrescTable                            0x20000004   Data          16  system_stm32f10x.o(.data)
    color                                    0x20000018   Data          32  ili9325_32.o(.data)
    GPIO_PORT                                0x20000038   Data          28  nvic_exit.o(.data)
    VSYNCCnt                                 0x20000054   Data           1  pictureanalyse.o(.data)
    p                                        0x20000056   Data           2  pictureanalyse.o(.data)
    PictureContorl                           0x20000058   Data           8  pictureanalyse.o(.data)
    __initial_sp                             0x20000478   Data           0  startup_stm32f10x_hd.o(STACK)



==============================================================================

Memory Map of the image

  Image Entry point : 0x08000131

  Load Region LR_IROM1 (Base: 0x08000000, Size: 0x00003a38, Max: 0x00080000, ABSOLUTE)

    Execution Region ER_IROM1 (Base: 0x08000000, Size: 0x000039c4, Max: 0x00080000, ABSOLUTE)

    Base Addr    Size         Type   Attr      Idx    E Section Name        Object

    0x08000000   0x00000130   Data   RO          603    RESET               startup_stm32f10x_hd.o
    0x08000130   0x00000000   Code   RO          608  * .ARM.Collect$$$$00000000  mc_w.l(entry.o)
    0x08000130   0x00000004   Code   RO          611    .ARM.Collect$$$$00000001  mc_w.l(entry2.o)
    0x08000134   0x00000004   Code   RO          614    .ARM.Collect$$$$00000004  mc_w.l(entry5.o)
    0x08000138   0x00000000   Code   RO          616    .ARM.Collect$$$$00000008  mc_w.l(entry7b.o)
    0x08000138   0x00000000   Code   RO          618    .ARM.Collect$$$$0000000A  mc_w.l(entry8b.o)
    0x08000138   0x00000008   Code   RO          619    .ARM.Collect$$$$0000000B  mc_w.l(entry9a.o)
    0x08000140   0x00000000   Code   RO          621    .ARM.Collect$$$$0000000D  mc_w.l(entry10a.o)
    0x08000140   0x00000000   Code   RO          623    .ARM.Collect$$$$0000000F  mc_w.l(entry11a.o)
    0x08000140   0x00000004   Code   RO          612    .ARM.Collect$$$$00002712  mc_w.l(entry2.o)
    0x08000144   0x00000158   Code   RO           17    .text               system_stm32f10x.o
    0x0800029c   0x00000074   Code   RO           65    .text               delay.o
    0x08000310   0x00000958   Code   RO          113    .text               gui_32.o
    0x08000c68   0x0000045a   Code   RO          147    .text               i2c.o
    0x080010c2   0x00000002   PAD
    0x080010c4   0x00000482   Code   RO          171    .text               ili9325_32.o
    0x08001546   0x00000002   PAD
    0x08001548   0x0000013c   Code   RO          201    .text               main.o
    0x08001684   0x0000019c   Code   RO          255    .text               ov7670.o
    0x08001820   0x00000034   Code   RO          282    .text               stm32f10x_it.o
    0x08001854   0x00000108   Code   RO          352    .text               nvic_exit.o
    0x0800195c   0x00000060   Code   RO          376    .text               led.o
    0x080019bc   0x000001a0   Code   RO          399    .text               pictureanalyse.o
    0x08001b5c   0x00000074   Code   RO          431    .text               tim1.o
    0x08001bd0   0x000000b0   Code   RO          457    .text               misc.o
    0x08001c80   0x000000e8   Code   RO          477    .text               stm32f10x_exti.o
    0x08001d68   0x00000260   Code   RO          497    .text               stm32f10x_gpio.o
    0x08001fc8   0x000002b8   Code   RO          540    .text               stm32f10x_rcc.o
    0x08002280   0x00000af0   Code   RO          562    .text               stm32f10x_tim.o
    0x08002d70   0x00000024   Code   RO          604    .text               startup_stm32f10x_hd.o
    0x08002d94   0x00000024   Code   RO          625    .text               mc_w.l(init.o)
    0x08002db8   0x0000000e   Code   RO          629    i.__scatterload_copy  mc_w.l(handlers.o)
    0x08002dc6   0x00000002   Code   RO          630    i.__scatterload_null  mc_w.l(handlers.o)
    0x08002dc8   0x0000000e   Code   RO          631    i.__scatterload_zeroinit  mc_w.l(handlers.o)
    0x08002dd6   0x00000890   Data   RO          114    .constdata          gui_32.o
    0x08003666   0x00000298   Data   RO          256    .constdata          ov7670.o
    0x080038fe   0x00000002   PAD
    0x08003900   0x000000a4   Data   RO          353    .constdata          nvic_exit.o
    0x080039a4   0x00000020   Data   RO          627    Region$$Table       anon$$obj.o


    Execution Region RW_IRAM1 (Base: 0x20000000, Size: 0x00000478, Max: 0x00010000, ABSOLUTE)

    Base Addr    Size         Type   Attr      Idx    E Section Name        Object

    0x20000000   0x00000014   Data   RW           18    .data               system_stm32f10x.o
    0x20000014   0x00000004   Data   RW           66    .data               delay.o
    0x20000018   0x00000020   Data   RW          174    .data               ili9325_32.o
    0x20000038   0x0000001c   Data   RW          354    .data               nvic_exit.o
    0x20000054   0x0000000c   Data   RW          401    .data               pictureanalyse.o
    0x20000060   0x00000014   Data   RW          541    .data               stm32f10x_rcc.o
    0x20000074   0x00000004   PAD
    0x20000078   0x00000400   Zero   RW          601    STACK               startup_stm32f10x_hd.o


==============================================================================

Image component sizes


      Code (inc. data)   RO Data    RW Data    ZI Data      Debug   Object Name

         0          0          0          0          0       4244   core_cm3.o
       116          6          0          4          0     207867   delay.o
      2392         12       2192          0          0       7635   gui_32.o
      1114         14          0          0          0       4756   i2c.o
      1154         12          0         32          0       3758   ili9325_32.o
        96         10          0          0          0        522   led.o
       316         88          0          0          0       2707   main.o
       176         18          0          0          0       1629   misc.o
       264         10        164         28          0       2611   nvic_exit.o
       412         16        664          0          0       2868   ov7670.o
       416         32          0         12          0       1815   pictureanalyse.o
        36          8        304          0       1024        756   startup_stm32f10x_hd.o
       232          8          0          0          0       2059   stm32f10x_exti.o
       608         36          0          0          0       4901   stm32f10x_gpio.o
        52          4          0          0          0       1628   stm32f10x_it.o
       696         32          0         20          0       8012   stm32f10x_rcc.o
      2800         84          0          0          0      18126   stm32f10x_tim.o
       344         34          0         20          0      39271   system_stm32f10x.o
       116          4          0          0          0        786   tim1.o

    ----------------------------------------------------------------------
     11344        428       3358        116       1028     315951   Object Totals
         0          0         32          0          0          0   (incl. Generated)
         4          0          2          0          4          0   (incl. Padding)

    ----------------------------------------------------------------------

      Code (inc. data)   RO Data    RW Data    ZI Data      Debug   Library Member Name

         0          0          0          0          0          0   entry.o
         0          0          0          0          0          0   entry10a.o
         0          0          0          0          0          0   entry11a.o
         8          4          0          0          0          0   entry2.o
         4          0          0          0          0          0   entry5.o
         0          0          0          0          0          0   entry7b.o
         0          0          0          0          0          0   entry8b.o
         8          4          0          0          0          0   entry9a.o
        30          0          0          0          0          0   handlers.o
        36          8          0          0          0         68   init.o

    ----------------------------------------------------------------------
        86         16          0          0          0         68   Library Totals
         0          0          0          0          0          0   (incl. Padding)

    ----------------------------------------------------------------------

      Code (inc. data)   RO Data    RW Data    ZI Data      Debug   Library Name

        86         16          0          0          0         68   mc_w.l

    ----------------------------------------------------------------------
        86         16          0          0          0         68   Library Totals

    ----------------------------------------------------------------------

==============================================================================


      Code (inc. data)   RO Data    RW Data    ZI Data      Debug   

     11430        444       3358        116       1028     314303   Grand Totals
     11430        444       3358        116       1028     314303   ELF Image Totals
     11430        444       3358        116          0          0   ROM Totals

==============================================================================

    Total RO  Size (Code + RO Data)                14788 (  14.44kB)
    Total RW  Size (RW Data + ZI Data)              1144 (   1.12kB)
    Total ROM Size (Code + RO Data + RW Data)      14904 (  14.55kB)

==============================================================================

