<html>
<body>
<pre>
<h1>µVision Build Log</h1>
<h2>Project:</h2>
E:\ARM project\¹¤³ÌÄ£°åF4\Project\project.uvproj
Project File Date:  11/26/2014

<h2>Output:</h2>
Build target 'Target 1'
compiling main.c...
compiling stm32f4xx_it.c...
compiling misc.c...
compiling stm32f4xx_exti.c...
compiling stm32f4xx_gpio.c...
compiling stm32f4xx_rcc.c...
compiling stm32f4xx_tim.c...
compiling stm32f4xx_usart.c...
compiling system_stm32f4xx.c...
assembling startup_stm32f4xx.s...
linking...
Program Size: Code=676 RO-data=424 RW-data=20 ZI-data=1028  
FromELF: creating hex file...
".\Obj\project.axf" - 0 Error(s), 0 Warning(s).
</pre>
</body>
</html>
