<html>
<body>
<pre>
<h1>礦ision Build Log</h1>
<h2>Project:</h2>
F:\STM32学习历程\27 摄像头基础程序\OV7670.uvproj
Project File Date:  07/24/2014

<h2>Output:</h2>
Rebuild target 'Target 1'
compiling core_cm3.c...
compiling system_stm32f10x.c...
compiling delay.c...
compiling GUI_32.c...
USER\GUI_32.c(657): warning:  #1-D: last line of file ends without a newline
  }
USER\GUI_32.c: 1 warning, 0 errors
compiling I2C.c...
compiling ILI9325_32.c...
USER\ILI9325REG.H(118): warning:  #1-D: last line of file ends without a newline
     
USER\ILI9325_32.c(28): warning:  #177-D: variable "i" was declared but never referenced
        uint8_t i;
USER\ILI9325_32.c: 2 warnings, 0 errors
compiling main.c...
USER\Systick.h(8): warning:  #1295-D: Deprecated declaration Systick_Start - give arg types
  void Systick_Start();
USER\Systick.h(9): warning:  #1295-D: Deprecated declaration Systick_End - give arg types
  void Systick_End();
USER\main.c: 2 warnings, 0 errors
compiling OV7670.c...
compiling stm32f10x_it.c...
USER\Systick.h(8): warning:  #1295-D: Deprecated declaration Systick_Start - give arg types
  void Systick_Start();
USER\Systick.h(9): warning:  #1295-D: Deprecated declaration Systick_End - give arg types
  void Systick_End();
USER\stm32f10x_it.c: 2 warnings, 0 errors
compiling sys.c...
compiling Nvic_Exit.c...
compiling led.c...
USER\led.c(43): warning:  #1-D: last line of file ends without a newline
  }
USER\led.c: 1 warning, 0 errors
compiling hcsr04.c...
compiling misc.c...
compiling stm32f10x_adc.c...
compiling stm32f10x_bkp.c...
compiling stm32f10x_can.c...
compiling stm32f10x_cec.c...
compiling stm32f10x_crc.c...
compiling stm32f10x_dac.c...
compiling stm32f10x_dbgmcu.c...
compiling stm32f10x_dma.c...
compiling stm32f10x_exti.c...
compiling stm32f10x_flash.c...
compiling stm32f10x_fsmc.c...
compiling stm32f10x_gpio.c...
compiling stm32f10x_i2c.c...
compiling stm32f10x_iwdg.c...
compiling stm32f10x_pwr.c...
compiling stm32f10x_rcc.c...
compiling stm32f10x_rtc.c...
compiling stm32f10x_sdio.c...
compiling stm32f10x_spi.c...
compiling stm32f10x_tim.c...
compiling stm32f10x_usart.c...
compiling stm32f10x_wwdg.c...
assembling startup_stm32f10x_hd.s...
linking...
Program Size: Code=9450 RO-data=2694 RW-data=120 ZI-data=1632  
".\Output\OV7670.axf" - 0 Error(s), 8 Warning(s).
</pre>
</body>
</html>
