<html>
<body>
<pre>
<h1>礦ision Build Log</h1>
<h2>Tool Versions:</h2>
IDE-Version: μVision V5.15
Copyright (C) 2015 ARM Ltd and ARM Germany GmbH. All rights reserved.
License Information: q a, a, LIC=VGX01-C001M-72PL9-4SYC4-JTC5Z-ZW3WC
 
Tool Versions:
Toolchain:       MDK-ARM Standard  Version: 5.15.0
Toolchain Path:  D:\Keil\ARM\ARMCC\Bin
C Compiler:      Armcc.exe V5.05 update 2 (build 169)
Assembler:       Armasm.exe V5.05 update 2 (build 169)
Linker/Locator:  ArmLink.exe V5.05 update 2 (build 169)
Library Manager: ArmAr.exe V5.05 update 2 (build 169)
Hex Converter:   FromElf.exe V5.05 update 2 (build 169)
CPU DLL:         SARMCM3.DLL V5.15.0
Dialog DLL:      DCM.DLL V1.13.2.0
Target DLL:      Segger\JL2CM3.dll V2.99.15.0
Dialog DLL:      TCM.DLL V1.14.5.0
 
<h2>Project:</h2>
F:\GCML\主控板\软件部分\三代车\160624 - 小组赛2\160601 - 主控蓝场2\MasterRobot\Project\project.uvprojx
Project File Date:  06/23/2016

<h2>Output:</h2>
*** Using Compiler 'V5.05 update 2 (build 169)', folder: 'D:\Keil\ARM\ARMCC\Bin'
Build target 'Target 1'
compiling motor.c...
..\User\src\motor.c(348): warning:  #1035-D: single-precision operand implicitly converted to double-precision
      return 189200*sin(0.004109f*x+2.562f) +  67060*sin(0.008668f*x-1.883f) + 18090*sin(0.01453f*x-1.153) + 
..\User\src\motor.c(350): warning:  #1035-D: single-precision operand implicitly converted to double-precision
..\User\src\motor.c(375): warning:  #1035-D: single-precision operand implicitly converted to double-precision
..\User\src\motor.c(429): warning:  #1035-D: single-precision operand implicitly converted to double-precision
..\User\src\motor.c: 4 warnings, 0 errors
linking...
Program Size: Code=102436 RO-data=7084 RW-data=1080 ZI-data=17264  
FromELF: creating hex file...
".\Obj\project.axf" - 0 Error(s), 4 Warning(s).

<h2>Software Packages used:</h2>

Package Vendor: ARM
                http://www.keil.com/pack/ARM.CMSIS.4.3.0.pack
                ARM::CMSIS:CORE:4.1.0
                CMSIS (Cortex Microcontroller Software Interface Standard)
   * Component: CORE Version: 4.1.0

<h2>Collection of Component include folders:</h2>
  F:\GCML\主控板\软件部分\三代车\160624 - 小组赛2\160601 - 主控蓝场2\MasterRobot\Project\RTE
  D:\Keil\ARM\PACK\ARM\CMSIS\4.3.0\CMSIS\Include
  D:\Keil\ARM\PACK\Keil\STM32F4xx_DFP\1.0.5\Device\Include

<h2>Collection of Component Files used:</h2>

   * Component: ARM::CMSIS:CORE:4.1.0
</pre>
</body>
</html>
