<html>
<body>
<pre>
<h1>礦ision Build Log</h1>
<h2>Project:</h2>
E:\タカラモノ\ROBOCON机器人队\F4板子和工程\摄像头驱动及循线\摄像头及循线资料\OV7670模块（资料总包）\OV7670模块\2，程序源码\1，战舰板\实验35 摄像头实验\USER\OV7670.uvprojx
Project File Date:  04/30/2015

<h2>Output:</h2>
Build target 'OV7670'
compiling main.c...
compiling stm32f10x_it.c...
compiling system_stm32f10x.c...
compiling led.c...
compiling key.c...
compiling lcd.c...
compiling tpad.c...
compiling exti.c...
compiling timer.c...
compiling ov7670.c...
compiling sccb.c...
compiling delay.c...
compiling sys.c...
compiling usart.c...
compiling core_cm3.c...
assembling startup_stm32f10x_hd.s...
compiling misc.c...
compiling stm32f10x_fsmc.c...
compiling stm32f10x_gpio.c...
compiling stm32f10x_rcc.c...
compiling stm32f10x_usart.c...
compiling stm32f10x_exti.c...
compiling stm32f10x_tim.c...
compiling usmart.c...
..\USMART\usmart.c(309): warning: C4017W: res may be used before being set
        u32 res;                   
..\USMART\usmart.c: 1 warning, 0 errors
compiling usmart_config.c...
compiling usmart_str.c...
linking...
Program Size: Code=27532 RO-data=7140 RW-data=444 ZI-data=1340  
FromELF: creating hex file...
"..\OBJ\OV7670.axf" - 0 Error(s), 1 Warning(s).
</pre>
</body>
</html>
