ARM Linker, 5.03 [Build 76] [MDK-ARM Standard]

==============================================================================

Section Cross References

    main.o(.text) refers to system_stm32f4xx.o(.text) for SystemInit
    main.o(.text) refers to misc.o(.text) for NVIC_PriorityGroupConfig
    main.o(.text) refers to ili9325.o(.text) for ili9320_Initializtion
    main.o(.text) refers to led.o(.text) for led_configuration
    main.o(.text) refers to can1.o(.text) for Can1_Configuration
    main.o(.text) refers to stm32f4xx_gpio.o(.text) for GPIO_ToggleBits
    main.o(.text) refers to delay.o(.text) for delay_ms
    main.o(.text) refers to ov7725.o(.text) for OV_Init
    main.o(.text) refers to ili9320_api.o(.text) for GUI_Text
    main.o(.text) refers to image.o(.text) for Transfer2Gray
    main.o(.text) refers to pid.o(.text) for CameraPid
    main.o(.text) refers to stm32f4xx_dma.o(.text) for DMA_GetITStatus
    main.o(.text) refers to stm32f4xx_dcmi.o(.text) for DCMI_CaptureCmd
    main.o(.text) refers to ps2.o(.data) for send_picture_flag
    main.o(.text) refers to main.o(.data) for UpdataTFT_flag
    main.o(.text) refers to ov7725.o(.data) for Gray_Image_Buffer
    main.o(.text) refers to ov7725.o(.bss) for image
    main.o(.text) refers to image.o(.data) for hd_flag
    led.o(.text) refers to stm32f4xx_rcc.o(.text) for RCC_AHB1PeriphClockCmd
    led.o(.text) refers to stm32f4xx_gpio.o(.text) for GPIO_Init
    ov7725.o(.text) refers to stm32f4xx_rcc.o(.text) for RCC_AHB1PeriphClockCmd
    ov7725.o(.text) refers to stm32f4xx_gpio.o(.text) for GPIO_PinAFConfig
    ov7725.o(.text) refers to sccb.o(.text) for SCCB_GPIO_Config
    ov7725.o(.text) refers to stm32f4xx_dcmi.o(.text) for DCMI_Init
    ov7725.o(.text) refers to misc.o(.text) for NVIC_Init
    ov7725.o(.text) refers to stm32f4xx_dma.o(.text) for DMA_DeInit
    ov7725.o(.text) refers to delay.o(.text) for delay_ms
    ov7725.o(.text) refers to ov7725.o(.constdata) for OV7725YUV_reg
    ov7725.o(.text) refers to ov7725.o(.bss) for image
    sccb.o(.text) refers to stm32f4xx_rcc.o(.text) for RCC_AHB1PeriphClockCmd
    sccb.o(.text) refers to stm32f4xx_gpio.o(.text) for GPIO_Init
    image.o(.text) refers to memseta.o(.text) for __aeabi_memclr4
    image.o(.text) refers to dflti.o(.text) for __aeabi_i2d
    image.o(.text) refers to fabs.o(i.__hardfp_fabs) for __hardfp_fabs
    image.o(.text) refers to cdcmple.o(.text) for __aeabi_cdcmple
    image.o(.text) refers to f2d.o(.text) for __aeabi_f2d
    image.o(.text) refers to cdrcmple.o(.text) for __aeabi_cdrcmple
    image.o(.text) refers to image.o(.data) for start_row
    image.o(.text) refers to can1.o(.data) for HuorDistance
    image.o(.text) refers to ddiv.o(.text) for __aeabi_ddiv
    image.o(.text) refers to image.o(.bss) for center
    image.o(.text) refers to dadd.o(.text) for __aeabi_dsub
    image.o(.text) refers to dmul.o(.text) for __aeabi_dmul
    image.o(.text) refers to dfixi.o(.text) for __aeabi_d2iz
    image.o(.text) refers to led_show.o(.text) for number_show
    image.o(.text) refers to d2f.o(.text) for __aeabi_d2f
    image.o(.text) refers to ov7725.o(.data) for Gray_Image_Buffer
    usart.o(.text) refers to stm32f4xx_rcc.o(.text) for RCC_AHB1PeriphClockCmd
    usart.o(.text) refers to stm32f4xx_gpio.o(.text) for GPIO_PinAFConfig
    usart.o(.text) refers to stm32f4xx_usart.o(.text) for USART_Init
    usart.o(.text) refers to misc.o(.text) for NVIC_Init
    usart.o(.text) refers to stm32f4xx_dma.o(.text) for DMA_DeInit
    usart.o(.text) refers to queue.o(.text) for GetQueueLength
    usart.o(.text) refers to usart.o(.bss) for aTxBuffer_UART2
    usart.o(.text) refers to usart.o(.data) for USART2_RX_STA
    can1.o(.text) refers to stm32f4xx_rcc.o(.text) for RCC_APB1PeriphClockCmd
    can1.o(.text) refers to stm32f4xx_gpio.o(.text) for GPIO_PinAFConfig
    can1.o(.text) refers to misc.o(.text) for NVIC_Init
    can1.o(.text) refers to stm32f4xx_can.o(.text) for CAN_DeInit
    can1.o(.text) refers to mydataprocess.o(.text) for EncodeS32Data
    can1.o(.text) refers to can1.o(.data) for ID_Electromagnet
    pid.o(.text) refers to f2d.o(.text) for __aeabi_f2d
    pid.o(.text) refers to dadd.o(.text) for __aeabi_dadd
    pid.o(.text) refers to d2f.o(.text) for __aeabi_d2f
    pid.o(.text) refers to fabs.o(i.__hardfp_fabs) for __hardfp_fabs
    pid.o(.text) refers to cdrcmple.o(.text) for __aeabi_cdrcmple
    pid.o(.text) refers to ddiv.o(.text) for __aeabi_ddiv
    pid.o(.text) refers to dmul.o(.text) for __aeabi_dmul
    pid.o(.text) refers to dfixi.o(.text) for __aeabi_d2iz
    pid.o(.text) refers to main.o(.data) for message
    pid.o(.text) refers to pid.o(.data) for Ek1
    pid.o(.text) refers to image.o(.data) for sp_flag
    pid.o(.text) refers to can1.o(.data) for HuorDistance
    pid.o(.text) refers to can1.o(.text) for SendPulse
    ili9320_api.o(.text) refers to ili9325.o(.text) for ili9320_PutChar
    led_show.o(.text) refers to printfa.o(i.__0sprintf) for __2sprintf
[...]
    ../fplib/microlib/fpepilogue.c           0x00000000   Number         0  depilogue.o ABSOLUTE
    ../fplib/microlib/fpfix.c                0x00000000   Number         0  dfixi.o ABSOLUTE
    ../fplib/microlib/fpfix.c                0x00000000   Number         0  dfixul.o ABSOLUTE
    ../fplib/microlib/fpflt.c                0x00000000   Number         0  dflti.o ABSOLUTE
    ../fplib/microlib/fpflt.c                0x00000000   Number         0  dfltui.o ABSOLUTE
    ../fplib/microlib/fpmul.c                0x00000000   Number         0  dmul.o ABSOLUTE
    ../mathlib/fabs.c                        0x00000000   Number         0  fabs.o ABSOLUTE
    ..\Libraries\CMSIS\system_stm32f4xx.c    0x00000000   Number         0  system_stm32f4xx.o ABSOLUTE
    ..\Libraries\STM32F4xx_StdPeriph_Driver\src\misc.c 0x00000000   Number         0  misc.o ABSOLUTE
    ..\Libraries\STM32F4xx_StdPeriph_Driver\src\stm32f4xx_can.c 0x00000000   Number         0  stm32f4xx_can.o ABSOLUTE
    ..\Libraries\STM32F4xx_StdPeriph_Driver\src\stm32f4xx_exti.c 0x00000000   Number         0  stm32f4xx_exti.o ABSOLUTE
    ..\Libraries\STM32F4xx_StdPeriph_Driver\src\stm32f4xx_fsmc.c 0x00000000   Number         0  stm32f4xx_fsmc.o ABSOLUTE
    ..\Libraries\STM32F4xx_StdPeriph_Driver\src\stm32f4xx_gpio.c 0x00000000   Number         0  stm32f4xx_gpio.o ABSOLUTE
    ..\Libraries\STM32F4xx_StdPeriph_Driver\src\stm32f4xx_rcc.c 0x00000000   Number         0  stm32f4xx_rcc.o ABSOLUTE
    ..\Libraries\STM32F4xx_StdPeriph_Driver\src\stm32f4xx_tim.c 0x00000000   Number         0  stm32f4xx_tim.o ABSOLUTE
    ..\Libraries\STM32F4xx_StdPeriph_Driver\src\stm32f4xx_usart.c 0x00000000   Number         0  stm32f4xx_usart.o ABSOLUTE
    ..\Libraries\Startup\startup_stm32f4xx.s 0x00000000   Number         0  startup_stm32f4xx.o ABSOLUTE
    ..\User\src\Kalman.c                     0x00000000   Number         0  kalman.o ABSOLUTE
    ..\User\src\MyDataProcess.c              0x00000000   Number         0  mydataprocess.o ABSOLUTE
    ..\User\src\OV7725.c                     0x00000000   Number         0  ov7725.o ABSOLUTE
    ..\User\src\PS2.c                        0x00000000   Number         0  ps2.o ABSOLUTE
    ..\User\src\can1.c                       0x00000000   Number         0  can1.o ABSOLUTE
    ..\User\src\delay.c                      0x00000000   Number         0  delay.o ABSOLUTE
    ..\User\src\ili9320_api.c                0x00000000   Number         0  ili9320_api.o ABSOLUTE
    ..\User\src\ili9325.c                    0x00000000   Number         0  ili9325.o ABSOLUTE
    ..\User\src\led.c                        0x00000000   Number         0  led.o ABSOLUTE
    ..\User\src\led_show.c                   0x00000000   Number         0  led_show.o ABSOLUTE
    ..\User\src\main.c                       0x00000000   Number         0  main.o ABSOLUTE
    ..\User\src\pid.c                        0x00000000   Number         0  pid.o ABSOLUTE
    ..\User\src\queue.c                      0x00000000   Number         0  queue.o ABSOLUTE
    ..\User\src\sccb.c                       0x00000000   Number         0  sccb.o ABSOLUTE
    ..\User\src\stm32f4xx_dcmi.c             0x00000000   Number         0  stm32f4xx_dcmi.o ABSOLUTE
    ..\User\src\stm32f4xx_dma.c              0x00000000   Number         0  stm32f4xx_dma.o ABSOLUTE
    ..\User\src\stm32f4xx_it.c               0x00000000   Number         0  stm32f4xx_it.o ABSOLUTE
    ..\User\src\usart.c                      0x00000000   Number         0  usart.o ABSOLUTE
    ..\User\src\visual_scope.c               0x00000000   Number         0  visual_scope.o ABSOLUTE
    ..\\Libraries\\CMSIS\\system_stm32f4xx.c 0x00000000   Number         0  system_stm32f4xx.o ABSOLUTE
    ..\\Libraries\\STM32F4xx_StdPeriph_Driver\\src\\misc.c 0x00000000   Number         0  misc.o ABSOLUTE
    ..\\Libraries\\STM32F4xx_StdPeriph_Driver\\src\\stm32f4xx_can.c 0x00000000   Number         0  stm32f4xx_can.o ABSOLUTE
    ..\\Libraries\\STM32F4xx_StdPeriph_Driver\\src\\stm32f4xx_exti.c 0x00000000   Number         0  stm32f4xx_exti.o ABSOLUTE
    ..\\Libraries\\STM32F4xx_StdPeriph_Driver\\src\\stm32f4xx_fsmc.c 0x00000000   Number         0  stm32f4xx_fsmc.o ABSOLUTE
    ..\\Libraries\\STM32F4xx_StdPeriph_Driver\\src\\stm32f4xx_gpio.c 0x00000000   Number         0  stm32f4xx_gpio.o ABSOLUTE
    ..\\Libraries\\STM32F4xx_StdPeriph_Driver\\src\\stm32f4xx_rcc.c 0x00000000   Number         0  stm32f4xx_rcc.o ABSOLUTE
    ..\\Libraries\\STM32F4xx_StdPeriph_Driver\\src\\stm32f4xx_tim.c 0x00000000   Number         0  stm32f4xx_tim.o ABSOLUTE
    ..\\Libraries\\STM32F4xx_StdPeriph_Driver\\src\\stm32f4xx_usart.c 0x00000000   Number         0  stm32f4xx_usart.o ABSOLUTE
    ..\\User\\src\\Kalman.c                  0x00000000   Number         0  kalman.o ABSOLUTE
    ..\\User\\src\\MyDataProcess.c           0x00000000   Number         0  mydataprocess.o ABSOLUTE
    ..\\User\\src\\OV7725.c                  0x00000000   Number         0  ov7725.o ABSOLUTE
    ..\\User\\src\\PS2.c                     0x00000000   Number         0  ps2.o ABSOLUTE
    ..\\User\\src\\can1.c                    0x00000000   Number         0  can1.o ABSOLUTE
    ..\\User\\src\\delay.c                   0x00000000   Number         0  delay.o ABSOLUTE
    ..\\User\\src\\ili9320_api.c             0x00000000   Number         0  ili9320_api.o ABSOLUTE
    ..\\User\\src\\ili9325.c                 0x00000000   Number         0  ili9325.o ABSOLUTE
    ..\\User\\src\\led.c                     0x00000000   Number         0  led.o ABSOLUTE
    ..\\User\\src\\led_show.c                0x00000000   Number         0  led_show.o ABSOLUTE
    ..\\User\\src\\main.c                    0x00000000   Number         0  main.o ABSOLUTE
    ..\\User\\src\\pid.c                     0x00000000   Number         0  pid.o ABSOLUTE
    ..\\User\\src\\sccb.c                    0x00000000   Number         0  sccb.o ABSOLUTE
    ..\\User\\src\\stm32f4xx_dcmi.c          0x00000000   Number         0  stm32f4xx_dcmi.o ABSOLUTE
    ..\\User\\src\\stm32f4xx_dma.c           0x00000000   Number         0  stm32f4xx_dma.o ABSOLUTE
    ..\\User\\src\\stm32f4xx_it.c            0x00000000   Number         0  stm32f4xx_it.o ABSOLUTE
    ..\\User\\src\\usart.c                   0x00000000   Number         0  usart.o ABSOLUTE
    ..\\User\\src\\visual_scope.c            0x00000000   Number         0  visual_scope.o ABSOLUTE
    cdcmple.s                                0x00000000   Number         0  cdcmple.o ABSOLUTE
    cdrcmple.s                               0x00000000   Number         0  cdrcmple.o ABSOLUTE
    dc.s                                     0x00000000   Number         0  dc.o ABSOLUTE
    handlers.s                               0x00000000   Number         0  handlers.o ABSOLUTE
    image.c                                  0x00000000   Number         0  image.o ABSOLUTE
    image.c                                  0x00000000   Number         0  image.o ABSOLUTE
    init.s                                   0x00000000   Number         0  init.o ABSOLUTE
    RESET                                    0x08000000   Section      392  startup_stm32f4xx.o(RESET)
    .ARM.Collect$$$$00000000                 0x08000188   Section        0  entry.o(.ARM.Collect$$$$00000000)
    .ARM.Collect$$$$00000001                 0x08000188   Section        4  entry2.o(.ARM.Collect$$$$00000001)
    .ARM.Collect$$$$00000004                 0x0800018c   Section        4  entry5.o(.ARM.Collect$$$$00000004)
    .ARM.Collect$$$$00000008                 0x08000190   Section        0  entry7b.o(.ARM.Collect$$$$00000008)
    .ARM.Collect$$$$0000000A                 0x08000190   Section        0  entry8b.o(.ARM.Collect$$$$0000000A)
    .ARM.Collect$$$$0000000B                 0x08000190   Section        8  entry9a.o(.ARM.Collect$$$$0000000B)
    .ARM.Collect$$$$0000000D                 0x08000198   Section        0  entry10a.o(.ARM.Collect$$$$0000000D)
    .ARM.Collect$$$$0000000F                 0x08000198   Section        0  entry11a.o(.ARM.Collect$$$$0000000F)
    .ARM.Collect$$$$00002712                 0x08000198   Section        4  entry2.o(.ARM.Collect$$$$00002712)
    __lit__00000000                          0x08000198   Data           4  entry2.o(.ARM.Collect$$$$00002712)
    .text                                    0x0800019c   Section        0  main.o(.text)
    .text                                    0x080003ec   Section        0  stm32f4xx_it.o(.text)
    .text                                    0x08000404   Section        0  led.o(.text)
    .text                                    0x080004b4   Section        0  delay.o(.text)
    .text                                    0x080004ec   Section        0  ov7725.o(.text)
    .text                                    0x08000880   Section        0  sccb.o(.text)
    .text                                    0x08000bb0   Section        0  image.o(.text)
    .text                                    0x080038f8   Section        0  usart.o(.text)
    .text                                    0x08003e44   Section        0  can1.o(.text)
    .text                                    0x0800407c   Section        0  mydataprocess.o(.text)
    .text                                    0x080041a0   Section        0  pid.o(.text)
    .text                                    0x080047b0   Section        0  ili9320_api.o(.text)
    .text                                    0x08004c18   Section        0  led_show.o(.text)
    .text                                    0x08004cb4   Section        0  ili9325.o(.text)
    .text                                    0x08005d6c   Section        0  queue.o(.text)
    .text                                    0x08005e00   Section        0  misc.o(.text)
    .text                                    0x08005ee4   Section        0  stm32f4xx_gpio.o(.text)
    .text                                    0x08006140   Section        0  stm32f4xx_rcc.o(.text)
    .text                                    0x080066c8   Section        0  stm32f4xx_usart.o(.text)
    .text                                    0x08006ae4   Section        0  stm32f4xx_fsmc.o(.text)
    .text                                    0x08007100   Section        0  stm32f4xx_dma.o(.text)
    .text                                    0x080074a4   Section        0  stm32f4xx_dcmi.o(.text)
    .text                                    0x08007630   Section        0  stm32f4xx_can.o(.text)
    CheckITStatus                            0x08007e33   Thumb Code    16  stm32f4xx_can.o(.text)
    .text                                    0x0800801c   Section        0  system_stm32f4xx.o(.text)
    SetSysClock                              0x0800801d   Thumb Code   218  system_stm32f4xx.o(.text)
    .text                                    0x08008228   Section       36  startup_stm32f4xx.o(.text)
    $v0                                      0x08008228   Number         0  startup_stm32f4xx.o(.text)
    .text                                    0x0800824c   Section        0  memseta.o(.text)
    .text                                    0x08008270   Section        0  dadd.o(.text)
    .text                                    0x080083be   Section        0  dmul.o(.text)
    .text                                    0x080084a2   Section        0  ddiv.o(.text)
    .text                                    0x08008580   Section        0  dflti.o(.text)
    .text                                    0x080085a2   Section        0  dfixi.o(.text)
    .text                                    0x080085e0   Section        0  f2d.o(.text)
    .text                                    0x08008608   Section       40  cdcmple.o(.text)
    .text                                    0x08008630   Section       40  cdrcmple.o(.text)
    .text                                    0x08008658   Section        0  d2f.o(.text)
    .text                                    0x08008690   Section        0  uidiv.o(.text)
    .text                                    0x080086bc   Section        0  uldiv.o(.text)
    .text                                    0x0800871e   Section        0  llshl.o(.text)
    .text                                    0x0800873c   Section        0  llushr.o(.text)
    .text                                    0x0800875c   Section        0  llsshr.o(.text)
    .text                                    0x08008780   Section        0  fepilogue.o(.text)
    .text                                    0x08008780   Section        0  iusefp.o(.text)
    .text                                    0x080087ec   Section        0  depilogue.o(.text)
    .text                                    0x080088aa   Section        0  dfixul.o(.text)
    .text                                    0x080088dc   Section       36  init.o(.text)
    .text                                    0x08008900   Section        0  __dczerorl2.o(.text)
    i.__0sprintf                             0x0800895c   Section        0  printfa.o(i.__0sprintf)
    i.__hardfp_fabs                          0x08008984   Section        0  fabs.o(i.__hardfp_fabs)
    i.__scatterload_copy                     0x08008998   Section       14  handlers.o(i.__scatterload_copy)
    i.__scatterload_null                     0x080089a6   Section        2  handlers.o(i.__scatterload_null)
    i.__scatterload_zeroinit                 0x080089a8   Section       14  handlers.o(i.__scatterload_zeroinit)
    i._fp_digits                             0x080089b8   Section        0  printfa.o(i._fp_digits)
    _fp_digits                               0x080089b9   Thumb Code   326  printfa.o(i._fp_digits)
    i._printf_core                           0x08008b14   Section        0  printfa.o(i._printf_core)
    _printf_core                             0x08008b15   Thumb Code  1762  printfa.o(i._printf_core)
    i._printf_post_padding                   0x08009204   Section        0  printfa.o(i._printf_post_padding)
    _printf_post_padding                     0x08009205   Thumb Code    38  printfa.o(i._printf_post_padding)
    i._printf_pre_padding                    0x0800922a   Section        0  printfa.o(i._printf_pre_padding)
    _printf_pre_padding                      0x0800922b   Thumb Code    48  printfa.o(i._printf_pre_padding)
    i._sputc                                 0x0800925a   Section        0  printfa.o(i._sputc)
    _sputc                                   0x0800925b   Thumb Code    10  printfa.o(i._sputc)
    .constdata                               0x08009264   Section      296  ov7725.o(.constdata)
    OV7725RGB_reg                            0x08009264   Data         148  ov7725.o(.constdata)
    OV7725YUV_reg                            0x080092f8   Data         148  ov7725.o(.constdata)
    .constdata                               0x0800938c   Section       12  led_show.o(.constdata)
    .constdata                               0x08009398   Section     6096  ili9325.o(.constdata)
    .data                                    0x20000000   Section       55  main.o(.data)
    .data                                    0x20000038   Section        4  ov7725.o(.data)
    .data                                    0x20000040   Section      404  image.o(.data)
    .data                                    0x200001d4   Section       10  usart.o(.data)
    .data                                    0x200001e0   Section       36  can1.o(.data)
    .data                                    0x20000204   Section      108  pid.o(.data)
    .data                                    0x20000270   Section        2  ili9325.o(.data)
    .data                                    0x20000274   Section       17  ps2.o(.data)
    .data                                    0x20000285   Section       16  stm32f4xx_rcc.o(.data)
    APBAHBPrescTable                         0x20000285   Data          16  stm32f4xx_rcc.o(.data)
    .data                                    0x20000298   Section       20  system_stm32f4xx.o(.data)
    .bss                                     0x200002ac   Section    128000  ov7725.o(.bss)
    .bss                                     0x2001f6ac   Section      496  image.o(.bss)
    .bss                                     0x2001f89c   Section      296  usart.o(.bss)
    STACK                                    0x2001f9c8   Section     1024  startup_stm32f4xx.o(STACK)

    Global Symbols

    Symbol Name                              Value     Ov Type        Size  Object(Section)

    BuildAttributes$$THM_ISAv4$E$P$D$K$B$S$7EM$VFPi3$EXTD16$VFPS$VFMA$PE$A:L22UL41UL21$X:L11$S22US41US21$IEEE1$IW$USESV6$~STKCKD$USESV7$~SHL$OTIME$ROPI$IEEEJ$EBA8$MICROLIB$REQ8$PRES8$EABIv2 0x00000000   Number         0  anon$$obj.o ABSOLUTE
    __ARM_use_no_argv                        0x00000000   Number         0  main.o ABSOLUTE
    _printf_a                                0x00000000   Number         0  stubs.o ABSOLUTE
    _printf_c                                0x00000000   Number         0  stubs.o ABSOLUTE
    _printf_charcount                        0x00000000   Number         0  stubs.o ABSOLUTE
    _printf_d                                0x00000000   Number         0  stubs.o ABSOLUTE
    _printf_e                                0x00000000   Number         0  stubs.o ABSOLUTE
    _printf_f                                0x00000000   Number         0  stubs.o ABSOLUTE
    _printf_flags                            0x00000000   Number         0  stubs.o ABSOLUTE
    _printf_fp_dec                           0x00000000   Number         0  stubs.o ABSOLUTE
    _printf_fp_hex                           0x00000000   Number         0  stubs.o ABSOLUTE
    _printf_g                                0x00000000   Number         0  stubs.o ABSOLUTE
    _printf_i                                0x00000000   Number         0  stubs.o ABSOLUTE
    _printf_int_dec                          0x00000000   Number         0  stubs.o ABSOLUTE
    _printf_l                                0x00000000   Number         0  stubs.o ABSOLUTE
    _printf_lc                               0x00000000   Number         0  stubs.o ABSOLUTE
    _printf_ll                               0x00000000   Number         0  stubs.o ABSOLUTE
    _printf_lld                              0x00000000   Number         0  stubs.o ABSOLUTE
    _printf_lli                              0x00000000   Number         0  stubs.o ABSOLUTE
    _printf_llo                              0x00000000   Number         0  stubs.o ABSOLUTE
    _printf_llu                              0x00000000   Number         0  stubs.o ABSOLUTE
    _printf_llx                              0x00000000   Number         0  stubs.o ABSOLUTE
    _printf_longlong_dec                     0x00000000   Number         0  stubs.o ABSOLUTE
    _printf_longlong_hex                     0x00000000   Number         0  stubs.o ABSOLUTE
    _printf_longlong_oct                     0x00000000   Number         0  stubs.o ABSOLUTE
    _printf_ls                               0x00000000   Number         0  stubs.o ABSOLUTE
    _printf_mbtowc                           0x00000000   Number         0  stubs.o ABSOLUTE
    _printf_n                                0x00000000   Number         0  stubs.o ABSOLUTE
    _printf_o                                0x00000000   Number         0  stubs.o ABSOLUTE
    _printf_p                                0x00000000   Number         0  stubs.o ABSOLUTE
    _printf_percent                          0x00000000   Number         0  stubs.o ABSOLUTE
    _printf_pre_padding                      0x00000000   Number         0  stubs.o ABSOLUTE
    _printf_return_value                     0x00000000   Number         0  stubs.o ABSOLUTE
    _printf_s                                0x00000000   Number         0  stubs.o ABSOLUTE
    _printf_sizespec                         0x00000000   Number         0  stubs.o ABSOLUTE
    _printf_str                              0x00000000   Number         0  stubs.o ABSOLUTE
    _printf_truncate_signed                  0x00000000   Number         0  stubs.o ABSOLUTE
    _printf_truncate_unsigned                0x00000000   Number         0  stubs.o ABSOLUTE
    _printf_u                                0x00000000   Number         0  stubs.o ABSOLUTE
    _printf_wc                               0x00000000   Number         0  stubs.o ABSOLUTE
    _printf_wctomb                           0x00000000   Number         0  stubs.o ABSOLUTE
    _printf_widthprec                        0x00000000   Number         0  stubs.o ABSOLUTE
    _printf_x                                0x00000000   Number         0  stubs.o ABSOLUTE
    __cpp_initialize__aeabi_                  - Undefined Weak Reference
    __cxa_finalize                            - Undefined Weak Reference
    _clock_init                               - Undefined Weak Reference
    _microlib_exit                            - Undefined Weak Reference
    __Vectors_Size                           0x00000188   Number         0  startup_stm32f4xx.o ABSOLUTE
    __Vectors                                0x08000000   Data           4  startup_stm32f4xx.o(RESET)
    __Vectors_End                            0x08000188   Data           0  startup_stm32f4xx.o(RESET)
    __main                                   0x08000189   Thumb Code     0  entry.o(.ARM.Collect$$$$00000000)
    _main_stk                                0x08000189   Thumb Code     0  entry2.o(.ARM.Collect$$$$00000001)
    _main_scatterload                        0x0800018d   Thumb Code     0  entry5.o(.ARM.Collect$$$$00000004)
    __main_after_scatterload                 0x08000191   Thumb Code     0  entry5.o(.ARM.Collect$$$$00000004)
    _main_clock                              0x08000191   Thumb Code     0  entry7b.o(.ARM.Collect$$$$00000008)
    _main_cpp_init                           0x08000191   Thumb Code     0  entry8b.o(.ARM.Collect$$$$0000000A)
    _main_init                               0x08000191   Thumb Code     0  entry9a.o(.ARM.Collect$$$$0000000B)
    __rt_final_cpp                           0x08000199   Thumb Code     0  entry10a.o(.ARM.Collect$$$$0000000D)
    __rt_final_exit                          0x08000199   Thumb Code     0  entry11a.o(.ARM.Collect$$$$0000000F)
    main                                     0x0800019d   Thumb Code   450  main.o(.text)
    DMA2_Stream1_IRQHandler                  0x0800035f   Thumb Code    46  main.o(.text)
    NMI_Handler                              0x080003ed   Thumb Code     2  stm32f4xx_it.o(.text)
    HardFault_Handler                        0x080003ef   Thumb Code     4  stm32f4xx_it.o(.text)
    MemManage_Handler                        0x080003f3   Thumb Code     4  stm32f4xx_it.o(.text)
    BusFault_Handler                         0x080003f7   Thumb Code     4  stm32f4xx_it.o(.text)
    UsageFault_Handler                       0x080003fb   Thumb Code     4  stm32f4xx_it.o(.text)
    SVC_Handler                              0x080003ff   Thumb Code     2  stm32f4xx_it.o(.text)
    DebugMon_Handler                         0x08000401   Thumb Code     2  stm32f4xx_it.o(.text)
    PendSV_Handler                           0x08000403   Thumb Code     2  stm32f4xx_it.o(.text)
    led_configuration                        0x08000405   Thumb Code   128  led.o(.text)
    Systic_Configuration                     0x08000485   Thumb Code    32  led.o(.text)
    delay_ms                                 0x080004b5   Thumb Code    28  delay.o(.text)
    delay_us                                 0x080004d1   Thumb Code    26  delay.o(.text)
    OV_GPIO_Init                             0x080004ed   Thumb Code   322  ov7725.o(.text)
    OV_DCMI_Init                             0x0800062f   Thumb Code    54  ov7725.o(.text)
    OV_DCMI_DMA_Init                         0x08000665   Thumb Code   128  ov7725.o(.text)
    OV_Window_Set                            0x080006e5   Thumb Code    94  ov7725.o(.text)
    OV_QVGAConfig                            0x08000743   Thumb Code    46  ov7725.o(.text)
    OV_QVGAConfig2                           0x08000771   Thumb Code    40  ov7725.o(.text)
    OV_Start                                 0x08000799   Thumb Code    24  ov7725.o(.text)
    OV_Stop                                  0x080007b1   Thumb Code    24  ov7725.o(.text)
    OV_Init                                  0x080007c9   Thumb Code   104  ov7725.o(.text)
    OV_Init2                                 0x08000831   Thumb Code    44  ov7725.o(.text)
    SCCB_GPIO_Config                         0x08000881   Thumb Code    48  sccb.o(.text)
    I2C_delay                                0x080008b1   Thumb Code    14  sccb.o(.text)
    I2C_Stop                                 0x080008bf   Thumb Code    60  sccb.o(.text)
    I2C_Start                                0x080008fb   Thumb Code    92  sccb.o(.text)
    I2C_Ack                                  0x08000957   Thumb Code    60  sccb.o(.text)
    I2C_NoAck                                0x08000993   Thumb Code    60  sccb.o(.text)
    I2C_WaitAck                              0x080009cf   Thumb Code    92  sccb.o(.text)
    I2C_SendByte                             0x08000a2b   Thumb Code    94  sccb.o(.text)
    I2C_ReadByte                             0x08000a89   Thumb Code    88  sccb.o(.text)
    WR_SENSOR_Reg                            0x08000ae1   Thumb Code    86  sccb.o(.text)
    RD_SENSOR_Reg                            0x08000b37   Thumb Code   118  sccb.o(.text)
    Transfer2Gray                            0x08000bb1   Thumb Code    84  image.o(.text)
    Transfer2Gray_UV                         0x08000c05   Thumb Code    84  image.o(.text)
    image_threshold_sp                       0x08000c59   Thumb Code  1220  image.o(.text)
    image_threshold_hd                       0x0800111d   Thumb Code  1024  image.o(.text)
    image_threshold_xp                       0x0800151d   Thumb Code  1594  image.o(.text)
    midline_draw                             0x08001b57   Thumb Code  1054  image.o(.text)
    midline_draw_hd                          0x08001f75   Thumb Code   990  image.o(.text)
    race_identity                            0x08002353   Thumb Code  1324  image.o(.text)
    Screen                                   0x0800287f   Thumb Code   254  image.o(.text)
    error_ca                                 0x0800297d   Thumb Code  3704  image.o(.text)
    max                                      0x080037f5   Thumb Code    32  image.o(.text)
    restart_judge                            0x08003815   Thumb Code   226  image.o(.text)
    USART_GPIO_Config                        0x080038f9   Thumb Code   334  usart.o(.text)
    usart_txhander                           0x08003a47   Thumb Code    80  usart.o(.text)
    USART2_sendData                          0x08003a97   Thumb Code    98  usart.o(.text)
    DMA1_Stream6_IRQHandler                  0x08003af9   Thumb Code    36  usart.o(.text)
    send_picture                             0x08003b1d   Thumb Code    42  usart.o(.text)
    delay                                    0x08003b47   Thumb Code    28  usart.o(.text)
    USART2_IRQHandler                        0x08003b63   Thumb Code   296  usart.o(.text)
    send_big_data                            0x08003c8b   Thumb Code   438  usart.o(.text)
    Can1_Configuration                       0x08003e45   Thumb Code   238  can1.o(.text)
    SendPulse                                0x08003f33   Thumb Code    58  can1.o(.text)
    SendPulseBeep                            0x08003f6d   Thumb Code    58  can1.o(.text)
    SendHandKey_3                            0x08003fa7   Thumb Code    54  can1.o(.text)
    SendElectromagnet                        0x08003fdd   Thumb Code    44  can1.o(.text)
    CAN1_RX0_IRQHandler                      0x08004009   Thumb Code    92  can1.o(.text)
    EncodeS32Data                            0x0800407d   Thumb Code    40  mydataprocess.o(.text)
    DecodeS32Data                            0x080040a5   Thumb Code    36  mydataprocess.o(.text)
    EncodeFloatData                          0x080040c9   Thumb Code    44  mydataprocess.o(.text)
    DecodeFloatData                          0x080040f5   Thumb Code    40  mydataprocess.o(.text)
    EncodeS16Data                            0x0800411d   Thumb Code    12  mydataprocess.o(.text)
    DecodeS16Data                            0x08004129   Thumb Code    14  mydataprocess.o(.text)
    EncodeU16Data                            0x08004137   Thumb Code    12  mydataprocess.o(.text)
    DecodeU16Data                            0x08004143   Thumb Code    12  mydataprocess.o(.text)
    EncodeU12Data                            0x0800414f   Thumb Code    22  mydataprocess.o(.text)
    DecodeU12Data                            0x08004165   Thumb Code    16  mydataprocess.o(.text)
    EncodeU16to5Dec                          0x08004175   Thumb Code    42  mydataprocess.o(.text)
    CameraPid                                0x080041a1   Thumb Code  1500  pid.o(.text)
    GUI_Color565                             0x080047b1   Thumb Code    28  ili9320_api.o(.text)
    GUI_Text                                 0x080047cd   Thumb Code    56  ili9320_api.o(.text)
    GUI_Line                                 0x08004805   Thumb Code   508  ili9320_api.o(.text)
    GUI_Circle                               0x08004a01   Thumb Code   372  ili9320_api.o(.text)
    GUI_Rectangle                            0x08004b75   Thumb Code   122  ili9320_api.o(.text)
    GUI_Square                               0x08004bef   Thumb Code    40  ili9320_api.o(.text)
    number_show                              0x08004c19   Thumb Code    50  led_show.o(.text)
    float_number_show                        0x08004c4b   Thumb Code    88  led_show.o(.text)
    LCD_CtrlLinesConfig                      0x08004cb5   Thumb Code   338  ili9325.o(.text)
    LCD_FSMCConfig                           0x08004e07   Thumb Code    88  ili9325.o(.text)
    LCD_X_Init                               0x08004e5f   Thumb Code    12  ili9325.o(.text)
    LCD_WriteReg                             0x08004e6b   Thumb Code    10  ili9325.o(.text)
    LCD_ReadReg                              0x08004e75   Thumb Code    10  ili9325.o(.text)
    LCD_ReadSta                              0x08004e7f   Thumb Code     6  ili9325.o(.text)
    LCD_WriteCommand                         0x08004e85   Thumb Code     6  ili9325.o(.text)
    LCD_WriteRAM_Prepare                     0x08004e8b   Thumb Code     8  ili9325.o(.text)
    LCD_WriteRAM                             0x08004e93   Thumb Code     8  ili9325.o(.text)
    LCD_ReadRAM                              0x08004e9b   Thumb Code    20  ili9325.o(.text)
    LCD_SetCursor                            0x08004eaf   Thumb Code    40  ili9325.o(.text)
    Delay_nms                                0x08004ed7   Thumb Code    24  ili9325.o(.text)
    ili9320_SetCursor                        0x08004eef   Thumb Code    96  ili9325.o(.text)
    ili9320_SetWindows                       0x08004f4f   Thumb Code    52  ili9325.o(.text)
    ili9320_Clear                            0x08004f83   Thumb Code    38  ili9325.o(.text)
    ili9320_Delay                            0x08004fa9   Thumb Code    10  ili9325.o(.text)
    ili9320_Initializtion                    0x08004fb3   Thumb Code  3018  ili9325.o(.text)
    ili9320_BGR2RGB                          0x08005b7d   Thumb Code    26  ili9325.o(.text)
    ili9320_GetPoint                         0x08005b97   Thumb Code    26  ili9325.o(.text)
    ili9320_SetPoint                         0x08005bb1   Thumb Code    42  ili9325.o(.text)
    ili9320_DrawPicture                      0x08005bdb   Thumb Code   184  ili9325.o(.text)
    ili9320_PutChar                          0x08005c93   Thumb Code   182  ili9325.o(.text)
    ili9320_BackLight                        0x08005d49   Thumb Code    28  ili9325.o(.text)
    SetEmpty                                 0x08005d6d   Thumb Code     8  queue.o(.text)
    EnQueue                                  0x08005d75   Thumb Code    52  queue.o(.text)
    DeQueue                                  0x08005da9   Thumb Code    42  queue.o(.text)
    GetQueueLength                           0x08005dd3   Thumb Code    46  queue.o(.text)
    NVIC_PriorityGroupConfig                 0x08005e01   Thumb Code    10  misc.o(.text)
    NVIC_Init                                0x08005e0b   Thumb Code   108  misc.o(.text)
    NVIC_SetVectorTable                      0x08005e77   Thumb Code    14  misc.o(.text)
    NVIC_SystemLPConfig                      0x08005e85   Thumb Code    34  misc.o(.text)
    SysTick_CLKSourceConfig                  0x08005ea7   Thumb Code    40  misc.o(.text)
    GPIO_DeInit                              0x08005ee5   Thumb Code   220  stm32f4xx_gpio.o(.text)
    GPIO_Init                                0x08005fc1   Thumb Code   144  stm32f4xx_gpio.o(.text)
    GPIO_StructInit                          0x08006051   Thumb Code    18  stm32f4xx_gpio.o(.text)
    GPIO_PinLockConfig                       0x08006063   Thumb Code    34  stm32f4xx_gpio.o(.text)
    GPIO_ReadInputDataBit                    0x08006085   Thumb Code    18  stm32f4xx_gpio.o(.text)
    GPIO_ReadInputData                       0x08006097   Thumb Code     8  stm32f4xx_gpio.o(.text)
    GPIO_ReadOutputDataBit                   0x0800609f   Thumb Code    18  stm32f4xx_gpio.o(.text)
    GPIO_ReadOutputData                      0x080060b1   Thumb Code     8  stm32f4xx_gpio.o(.text)
    GPIO_SetBits                             0x080060b9   Thumb Code     4  stm32f4xx_gpio.o(.text)
    GPIO_ResetBits                           0x080060bd   Thumb Code     4  stm32f4xx_gpio.o(.text)
    GPIO_WriteBit                            0x080060c1   Thumb Code    10  stm32f4xx_gpio.o(.text)
    GPIO_Write                               0x080060cb   Thumb Code     4  stm32f4xx_gpio.o(.text)
    GPIO_ToggleBits                          0x080060cf   Thumb Code     8  stm32f4xx_gpio.o(.text)
    GPIO_PinAFConfig                         0x080060d7   Thumb Code    70  stm32f4xx_gpio.o(.text)
    RCC_DeInit                               0x08006141   Thumb Code    60  stm32f4xx_rcc.o(.text)
    RCC_HSEConfig                            0x0800617d   Thumb Code    14  stm32f4xx_rcc.o(.text)
    RCC_GetFlagStatus                        0x0800618b   Thumb Code    60  stm32f4xx_rcc.o(.text)
    RCC_WaitForHSEStartUp                    0x080061c7   Thumb Code    56  stm32f4xx_rcc.o(.text)
    RCC_AdjustHSICalibrationValue            0x080061ff   Thumb Code    20  stm32f4xx_rcc.o(.text)
    RCC_HSICmd                               0x08006213   Thumb Code     6  stm32f4xx_rcc.o(.text)
    RCC_LSEConfig                            0x08006219   Thumb Code    46  stm32f4xx_rcc.o(.text)
    RCC_LSICmd                               0x08006247   Thumb Code     6  stm32f4xx_rcc.o(.text)
    RCC_PLLConfig                            0x0800624d   Thumb Code    32  stm32f4xx_rcc.o(.text)
    RCC_PLLCmd                               0x0800626d   Thumb Code     6  stm32f4xx_rcc.o(.text)
    RCC_PLLI2SConfig                         0x08006273   Thumb Code    14  stm32f4xx_rcc.o(.text)
    RCC_PLLI2SCmd                            0x08006281   Thumb Code     6  stm32f4xx_rcc.o(.text)
    RCC_ClockSecuritySystemCmd               0x08006287   Thumb Code     6  stm32f4xx_rcc.o(.text)
    RCC_MCO1Config                           0x0800628d   Thumb Code    28  stm32f4xx_rcc.o(.text)
    RCC_MCO2Config                           0x080062a9   Thumb Code    28  stm32f4xx_rcc.o(.text)
    RCC_SYSCLKConfig                         0x080062c5   Thumb Code    20  stm32f4xx_rcc.o(.text)
    RCC_GetSYSCLKSource                      0x080062d9   Thumb Code    12  stm32f4xx_rcc.o(.text)
    RCC_HCLKConfig                           0x080062e5   Thumb Code    20  stm32f4xx_rcc.o(.text)
    RCC_PCLK1Config                          0x080062f9   Thumb Code    20  stm32f4xx_rcc.o(.text)
    RCC_PCLK2Config                          0x0800630d   Thumb Code    22  stm32f4xx_rcc.o(.text)
    RCC_GetClocksFreq                        0x08006323   Thumb Code   222  stm32f4xx_rcc.o(.text)
    RCC_RTCCLKConfig                         0x08006401   Thumb Code    54  stm32f4xx_rcc.o(.text)
    RCC_RTCCLKCmd                            0x08006437   Thumb Code     8  stm32f4xx_rcc.o(.text)
    RCC_BackupResetCmd                       0x0800643f   Thumb Code     8  stm32f4xx_rcc.o(.text)
    RCC_I2SCLKConfig                         0x08006447   Thumb Code     6  stm32f4xx_rcc.o(.text)
    RCC_AHB1PeriphClockCmd                   0x0800644d   Thumb Code    34  stm32f4xx_rcc.o(.text)
    RCC_AHB2PeriphClockCmd                   0x0800646f   Thumb Code    34  stm32f4xx_rcc.o(.text)
    RCC_AHB3PeriphClockCmd                   0x08006491   Thumb Code    34  stm32f4xx_rcc.o(.text)
    RCC_APB1PeriphClockCmd                   0x080064b3   Thumb Code    34  stm32f4xx_rcc.o(.text)
    RCC_APB2PeriphClockCmd                   0x080064d5   Thumb Code    34  stm32f4xx_rcc.o(.text)
    RCC_AHB1PeriphResetCmd                   0x080064f7   Thumb Code    34  stm32f4xx_rcc.o(.text)
    RCC_AHB2PeriphResetCmd                   0x08006519   Thumb Code    72  stm32f4xx_rcc.o(.text)
    RCC_AHB3PeriphResetCmd                   0x08006561   Thumb Code    34  stm32f4xx_rcc.o(.text)
    RCC_APB1PeriphResetCmd                   0x08006583   Thumb Code    34  stm32f4xx_rcc.o(.text)
    RCC_APB2PeriphResetCmd                   0x080065a5   Thumb Code    34  stm32f4xx_rcc.o(.text)
    RCC_AHB1PeriphClockLPModeCmd             0x080065c7   Thumb Code    34  stm32f4xx_rcc.o(.text)
    RCC_AHB2PeriphClockLPModeCmd             0x080065e9   Thumb Code    34  stm32f4xx_rcc.o(.text)
    RCC_AHB3PeriphClockLPModeCmd             0x0800660b   Thumb Code    34  stm32f4xx_rcc.o(.text)
    RCC_APB1PeriphClockLPModeCmd             0x0800662d   Thumb Code    34  stm32f4xx_rcc.o(.text)
    RCC_APB2PeriphClockLPModeCmd             0x0800664f   Thumb Code    34  stm32f4xx_rcc.o(.text)
    RCC_ITConfig                             0x08006671   Thumb Code    34  stm32f4xx_rcc.o(.text)
    RCC_ClearFlag                            0x08006693   Thumb Code    18  stm32f4xx_rcc.o(.text)
    RCC_GetITStatus                          0x080066a5   Thumb Code    22  stm32f4xx_rcc.o(.text)
    RCC_ClearITPendingBit                    0x080066bb   Thumb Code     8  stm32f4xx_rcc.o(.text)
    USART_DeInit                             0x080066c9   Thumb Code   156  stm32f4xx_usart.o(.text)
    USART_Init                               0x08006765   Thumb Code   204  stm32f4xx_usart.o(.text)
    USART_StructInit                         0x08006831   Thumb Code    24  stm32f4xx_usart.o(.text)
    USART_ClockInit                          0x08006849   Thumb Code    32  stm32f4xx_usart.o(.text)
    USART_ClockStructInit                    0x08006869   Thumb Code    12  stm32f4xx_usart.o(.text)
    USART_Cmd                                0x08006875   Thumb Code    24  stm32f4xx_usart.o(.text)
    USART_SetPrescaler                       0x0800688d   Thumb Code    16  stm32f4xx_usart.o(.text)
    USART_OverSampling8Cmd                   0x0800689d   Thumb Code    22  stm32f4xx_usart.o(.text)
    USART_OneBitMethodCmd                    0x080068b3   Thumb Code    24  stm32f4xx_usart.o(.text)
    USART_SendData                           0x080068cb   Thumb Code     8  stm32f4xx_usart.o(.text)
    USART_ReceiveData                        0x080068d3   Thumb Code    10  stm32f4xx_usart.o(.text)
    USART_SetAddress                         0x080068dd   Thumb Code    18  stm32f4xx_usart.o(.text)
    USART_ReceiverWakeUpCmd                  0x080068ef   Thumb Code    24  stm32f4xx_usart.o(.text)
    USART_WakeUpConfig                       0x08006907   Thumb Code    18  stm32f4xx_usart.o(.text)
    USART_LINBreakDetectLengthConfig         0x08006919   Thumb Code    18  stm32f4xx_usart.o(.text)
    USART_LINCmd                             0x0800692b   Thumb Code    24  stm32f4xx_usart.o(.text)
    USART_SendBreak                          0x08006943   Thumb Code    10  stm32f4xx_usart.o(.text)
    USART_HalfDuplexCmd                      0x0800694d   Thumb Code    24  stm32f4xx_usart.o(.text)
    USART_SetGuardTime                       0x08006965   Thumb Code    16  stm32f4xx_usart.o(.text)
    USART_SmartCardCmd                       0x08006975   Thumb Code    24  stm32f4xx_usart.o(.text)
    USART_SmartCardNACKCmd                   0x0800698d   Thumb Code    24  stm32f4xx_usart.o(.text)
    USART_IrDAConfig                         0x080069a5   Thumb Code    18  stm32f4xx_usart.o(.text)
    USART_IrDACmd                            0x080069b7   Thumb Code    24  stm32f4xx_usart.o(.text)
    USART_DMACmd                             0x080069cf   Thumb Code    18  stm32f4xx_usart.o(.text)
    USART_ITConfig                           0x080069e1   Thumb Code    74  stm32f4xx_usart.o(.text)
    USART_GetFlagStatus                      0x08006a2b   Thumb Code    26  stm32f4xx_usart.o(.text)
    USART_ClearFlag                          0x08006a45   Thumb Code    18  stm32f4xx_usart.o(.text)
    USART_GetITStatus                        0x08006a57   Thumb Code   110  stm32f4xx_usart.o(.text)
    USART_ClearITPendingBit                  0x08006ac5   Thumb Code    30  stm32f4xx_usart.o(.text)
    FSMC_NORSRAMDeInit                       0x08006ae5   Thumb Code    56  stm32f4xx_fsmc.o(.text)
    FSMC_NORSRAMInit                         0x08006b1d   Thumb Code   224  stm32f4xx_fsmc.o(.text)
    FSMC_NORSRAMStructInit                   0x08006bfd   Thumb Code   114  stm32f4xx_fsmc.o(.text)
    FSMC_NORSRAMCmd                          0x08006c6f   Thumb Code    46  stm32f4xx_fsmc.o(.text)
    FSMC_NANDDeInit                          0x08006c9d   Thumb Code    62  stm32f4xx_fsmc.o(.text)
    FSMC_NANDInit                            0x08006cdb   Thumb Code   130  stm32f4xx_fsmc.o(.text)
    FSMC_NANDStructInit                      0x08006d5d   Thumb Code    54  stm32f4xx_fsmc.o(.text)
    FSMC_NANDCmd                             0x08006d93   Thumb Code    86  stm32f4xx_fsmc.o(.text)
    FSMC_NANDECCCmd                          0x08006de9   Thumb Code    86  stm32f4xx_fsmc.o(.text)
    FSMC_GetECC                              0x08006e3f   Thumb Code    22  stm32f4xx_fsmc.o(.text)
    FSMC_PCCARDDeInit                        0x08006e55   Thumb Code    40  stm32f4xx_fsmc.o(.text)
    FSMC_PCCARDInit                          0x08006e7d   Thumb Code   124  stm32f4xx_fsmc.o(.text)
    FSMC_PCCARDStructInit                    0x08006ef9   Thumb Code    60  stm32f4xx_fsmc.o(.text)
    FSMC_PCCARDCmd                           0x08006f35   Thumb Code    40  stm32f4xx_fsmc.o(.text)
    FSMC_ITConfig                            0x08006f5d   Thumb Code   128  stm32f4xx_fsmc.o(.text)
    FSMC_GetFlagStatus                       0x08006fdd   Thumb Code    48  stm32f4xx_fsmc.o(.text)
    FSMC_ClearFlag                           0x0800700d   Thumb Code    62  stm32f4xx_fsmc.o(.text)
    FSMC_GetITStatus                         0x0800704b   Thumb Code   110  stm32f4xx_fsmc.o(.text)
    FSMC_ClearITPendingBit                   0x080070b9   Thumb Code    64  stm32f4xx_fsmc.o(.text)
    DMA_DeInit                               0x08007101   Thumb Code   324  stm32f4xx_dma.o(.text)
    DMA_Init                                 0x08007245   Thumb Code    82  stm32f4xx_dma.o(.text)
    DMA_StructInit                           0x08007297   Thumb Code    34  stm32f4xx_dma.o(.text)
    DMA_Cmd                                  0x080072b9   Thumb Code    22  stm32f4xx_dma.o(.text)
    DMA_PeriphIncOffsetSizeConfig            0x080072cf   Thumb Code    22  stm32f4xx_dma.o(.text)
    DMA_FlowControllerConfig                 0x080072e5   Thumb Code    22  stm32f4xx_dma.o(.text)
    DMA_SetCurrDataCounter                   0x080072fb   Thumb Code     4  stm32f4xx_dma.o(.text)
    DMA_GetCurrDataCounter                   0x080072ff   Thumb Code     8  stm32f4xx_dma.o(.text)
    DMA_DoubleBufferModeConfig               0x08007307   Thumb Code    24  stm32f4xx_dma.o(.text)
    DMA_DoubleBufferModeCmd                  0x0800731f   Thumb Code    22  stm32f4xx_dma.o(.text)
    DMA_MemoryTargetConfig                   0x08007335   Thumb Code    10  stm32f4xx_dma.o(.text)
    DMA_GetCurrentMemoryTarget               0x0800733f   Thumb Code    20  stm32f4xx_dma.o(.text)
    DMA_GetCmdStatus                         0x08007353   Thumb Code    20  stm32f4xx_dma.o(.text)
    DMA_GetFIFOStatus                        0x08007367   Thumb Code    12  stm32f4xx_dma.o(.text)
    DMA_GetFlagStatus                        0x08007373   Thumb Code    54  stm32f4xx_dma.o(.text)
    DMA_ClearFlag                            0x080073a9   Thumb Code    40  stm32f4xx_dma.o(.text)
    DMA_ITConfig                             0x080073d1   Thumb Code    58  stm32f4xx_dma.o(.text)
    DMA_GetITStatus                          0x0800740b   Thumb Code    82  stm32f4xx_dma.o(.text)
    DMA_ClearITPendingBit                    0x0800745d   Thumb Code    40  stm32f4xx_dma.o(.text)
    DCMI_DeInit                              0x080074a5   Thumb Code    24  stm32f4xx_dcmi.o(.text)
    DCMI_Init                                0x080074bd   Thumb Code    60  stm32f4xx_dcmi.o(.text)
    DCMI_StructInit                          0x080074f9   Thumb Code    18  stm32f4xx_dcmi.o(.text)
    DCMI_CROPConfig                          0x0800750b   Thumb Code    26  stm32f4xx_dcmi.o(.text)
    DCMI_CROPCmd                             0x08007525   Thumb Code    30  stm32f4xx_dcmi.o(.text)
    DCMI_SetEmbeddedSynchroCodes             0x08007543   Thumb Code    26  stm32f4xx_dcmi.o(.text)
    DCMI_JPEGCmd                             0x0800755d   Thumb Code    30  stm32f4xx_dcmi.o(.text)
    DCMI_Cmd                                 0x0800757b   Thumb Code    30  stm32f4xx_dcmi.o(.text)
    DCMI_CaptureCmd                          0x08007599   Thumb Code    30  stm32f4xx_dcmi.o(.text)
    DCMI_ReadData                            0x080075b7   Thumb Code     6  stm32f4xx_dcmi.o(.text)
    DCMI_ITConfig                            0x080075bd   Thumb Code    30  stm32f4xx_dcmi.o(.text)
    DCMI_GetFlagStatus                       0x080075db   Thumb Code    44  stm32f4xx_dcmi.o(.text)
    DCMI_ClearFlag                           0x08007607   Thumb Code     6  stm32f4xx_dcmi.o(.text)
    DCMI_GetITStatus                         0x0800760d   Thumb Code    24  stm32f4xx_dcmi.o(.text)
    DCMI_ClearITPendingBit                   0x08007625   Thumb Code     6  stm32f4xx_dcmi.o(.text)
    CAN_DeInit                               0x08007631   Thumb Code    50  stm32f4xx_can.o(.text)
    CAN_Init                                 0x08007663   Thumb Code   276  stm32f4xx_can.o(.text)
    CAN_FilterInit                           0x08007777   Thumb Code   258  stm32f4xx_can.o(.text)
    CAN_StructInit                           0x08007879   Thumb Code    32  stm32f4xx_can.o(.text)
    CAN_SlaveStartBank                       0x08007899   Thumb Code    48  stm32f4xx_can.o(.text)
    CAN_DBGFreeze                            0x080078c9   Thumb Code    22  stm32f4xx_can.o(.text)
    CAN_TTComModeCmd                         0x080078df   Thumb Code   118  stm32f4xx_can.o(.text)
    CAN_Transmit                             0x08007955   Thumb Code   304  stm32f4xx_can.o(.text)
    CAN_TransmitStatus                       0x08007a85   Thumb Code   138  stm32f4xx_can.o(.text)
    CAN_CancelTransmit                       0x08007b0f   Thumb Code    48  stm32f4xx_can.o(.text)
    CAN_Receive                              0x08007b3f   Thumb Code   240  stm32f4xx_can.o(.text)
    CAN_FIFORelease                          0x08007c2f   Thumb Code    22  stm32f4xx_can.o(.text)
    CAN_MessagePending                       0x08007c45   Thumb Code    30  stm32f4xx_can.o(.text)
    CAN_OperatingModeRequest                 0x08007c63   Thumb Code   162  stm32f4xx_can.o(.text)
    CAN_Sleep                                0x08007d05   Thumb Code    30  stm32f4xx_can.o(.text)
    CAN_WakeUp                               0x08007d23   Thumb Code    48  stm32f4xx_can.o(.text)
    CAN_GetLastErrorCode                     0x08007d53   Thumb Code    12  stm32f4xx_can.o(.text)
    CAN_GetReceiveErrorCounter               0x08007d5f   Thumb Code    10  stm32f4xx_can.o(.text)
    CAN_GetLSBTransmitErrorCounter           0x08007d69   Thumb Code    12  stm32f4xx_can.o(.text)
    CAN_ITConfig                             0x08007d75   Thumb Code    18  stm32f4xx_can.o(.text)
    CAN_GetFlagStatus                        0x08007d87   Thumb Code   120  stm32f4xx_can.o(.text)
    CAN_ClearFlag                            0x08007dff   Thumb Code    52  stm32f4xx_can.o(.text)
    CAN_GetITStatus                          0x08007e43   Thumb Code   308  stm32f4xx_can.o(.text)
    CAN_ClearITPendingBit                    0x08007f77   Thumb Code   162  stm32f4xx_can.o(.text)
    SystemInit                               0x080080f7   Thumb Code    88  system_stm32f4xx.o(.text)
    SystemCoreClockUpdate                    0x0800814f   Thumb Code   174  system_stm32f4xx.o(.text)
    Reset_Handler                            0x08008229   Thumb Code     8  startup_stm32f4xx.o(.text)
    SysTick_Handler                          0x08008241   Thumb Code     2  startup_stm32f4xx.o(.text)
    ADC_IRQHandler                           0x08008243   Thumb Code     0  startup_stm32f4xx.o(.text)
    CAN1_RX1_IRQHandler                      0x08008243   Thumb Code     0  startup_stm32f4xx.o(.text)
    CAN1_SCE_IRQHandler                      0x08008243   Thumb Code     0  startup_stm32f4xx.o(.text)
    CAN1_TX_IRQHandler                       0x08008243   Thumb Code     0  startup_stm32f4xx.o(.text)
    CAN2_RX0_IRQHandler                      0x08008243   Thumb Code     0  startup_stm32f4xx.o(.text)
    CAN2_RX1_IRQHandler                      0x08008243   Thumb Code     0  startup_stm32f4xx.o(.text)
    CAN2_SCE_IRQHandler                      0x08008243   Thumb Code     0  startup_stm32f4xx.o(.text)
    CAN2_TX_IRQHandler                       0x08008243   Thumb Code     0  startup_stm32f4xx.o(.text)
    CRYP_IRQHandler                          0x08008243   Thumb Code     0  startup_stm32f4xx.o(.text)
    DCMI_IRQHandler                          0x08008243   Thumb Code     0  startup_stm32f4xx.o(.text)
    DMA1_Stream0_IRQHandler                  0x08008243   Thumb Code     0  startup_stm32f4xx.o(.text)
    DMA1_Stream1_IRQHandler                  0x08008243   Thumb Code     0  startup_stm32f4xx.o(.text)
    DMA1_Stream2_IRQHandler                  0x08008243   Thumb Code     0  startup_stm32f4xx.o(.text)
    DMA1_Stream3_IRQHandler                  0x08008243   Thumb Code     0  startup_stm32f4xx.o(.text)
    DMA1_Stream4_IRQHandler                  0x08008243   Thumb Code     0  startup_stm32f4xx.o(.text)
    DMA1_Stream5_IRQHandler                  0x08008243   Thumb Code     0  startup_stm32f4xx.o(.text)
    DMA1_Stream7_IRQHandler                  0x08008243   Thumb Code     0  startup_stm32f4xx.o(.text)
    DMA2_Stream0_IRQHandler                  0x08008243   Thumb Code     0  startup_stm32f4xx.o(.text)
    DMA2_Stream2_IRQHandler                  0x08008243   Thumb Code     0  startup_stm32f4xx.o(.text)
    DMA2_Stream3_IRQHandler                  0x08008243   Thumb Code     0  startup_stm32f4xx.o(.text)
    DMA2_Stream4_IRQHandler                  0x08008243   Thumb Code     0  startup_stm32f4xx.o(.text)
    DMA2_Stream5_IRQHandler                  0x08008243   Thumb Code     0  startup_stm32f4xx.o(.text)
    DMA2_Stream6_IRQHandler                  0x08008243   Thumb Code     0  startup_stm32f4xx.o(.text)
    DMA2_Stream7_IRQHandler                  0x08008243   Thumb Code     0  startup_stm32f4xx.o(.text)
    ETH_IRQHandler                           0x08008243   Thumb Code     0  startup_stm32f4xx.o(.text)
    ETH_WKUP_IRQHandler                      0x08008243   Thumb Code     0  startup_stm32f4xx.o(.text)
    EXTI0_IRQHandler                         0x08008243   Thumb Code     0  startup_stm32f4xx.o(.text)
    EXTI15_10_IRQHandler                     0x08008243   Thumb Code     0  startup_stm32f4xx.o(.text)
    EXTI1_IRQHandler                         0x08008243   Thumb Code     0  startup_stm32f4xx.o(.text)
    EXTI2_IRQHandler                         0x08008243   Thumb Code     0  startup_stm32f4xx.o(.text)
    EXTI3_IRQHandler                         0x08008243   Thumb Code     0  startup_stm32f4xx.o(.text)
    EXTI4_IRQHandler                         0x08008243   Thumb Code     0  startup_stm32f4xx.o(.text)
    EXTI9_5_IRQHandler                       0x08008243   Thumb Code     0  startup_stm32f4xx.o(.text)
    FLASH_IRQHandler                         0x08008243   Thumb Code     0  startup_stm32f4xx.o(.text)
    FPU_IRQHandler                           0x08008243   Thumb Code     0  startup_stm32f4xx.o(.text)
    FSMC_IRQHandler                          0x08008243   Thumb Code     0  startup_stm32f4xx.o(.text)
    HASH_RNG_IRQHandler                      0x08008243   Thumb Code     0  startup_stm32f4xx.o(.text)
    I2C1_ER_IRQHandler                       0x08008243   Thumb Code     0  startup_stm32f4xx.o(.text)
    I2C1_EV_IRQHandler                       0x08008243   Thumb Code     0  startup_stm32f4xx.o(.text)
    I2C2_ER_IRQHandler                       0x08008243   Thumb Code     0  startup_stm32f4xx.o(.text)
    I2C2_EV_IRQHandler                       0x08008243   Thumb Code     0  startup_stm32f4xx.o(.text)
    I2C3_ER_IRQHandler                       0x08008243   Thumb Code     0  startup_stm32f4xx.o(.text)
    I2C3_EV_IRQHandler                       0x08008243   Thumb Code     0  startup_stm32f4xx.o(.text)
    OTG_FS_IRQHandler                        0x08008243   Thumb Code     0  startup_stm32f4xx.o(.text)
    OTG_FS_WKUP_IRQHandler                   0x08008243   Thumb Code     0  startup_stm32f4xx.o(.text)
    OTG_HS_EP1_IN_IRQHandler                 0x08008243   Thumb Code     0  startup_stm32f4xx.o(.text)
    OTG_HS_EP1_OUT_IRQHandler                0x08008243   Thumb Code     0  startup_stm32f4xx.o(.text)
    OTG_HS_IRQHandler                        0x08008243   Thumb Code     0  startup_stm32f4xx.o(.text)
    OTG_HS_WKUP_IRQHandler                   0x08008243   Thumb Code     0  startup_stm32f4xx.o(.text)
    PVD_IRQHandler                           0x08008243   Thumb Code     0  startup_stm32f4xx.o(.text)
    RCC_IRQHandler                           0x08008243   Thumb Code     0  startup_stm32f4xx.o(.text)
    RTC_Alarm_IRQHandler                     0x08008243   Thumb Code     0  startup_stm32f4xx.o(.text)
    RTC_WKUP_IRQHandler                      0x08008243   Thumb Code     0  startup_stm32f4xx.o(.text)
    SDIO_IRQHandler                          0x08008243   Thumb Code     0  startup_stm32f4xx.o(.text)
    SPI1_IRQHandler                          0x08008243   Thumb Code     0  startup_stm32f4xx.o(.text)
    SPI2_IRQHandler                          0x08008243   Thumb Code     0  startup_stm32f4xx.o(.text)
    SPI3_IRQHandler                          0x08008243   Thumb Code     0  startup_stm32f4xx.o(.text)
    TAMP_STAMP_IRQHandler                    0x08008243   Thumb Code     0  startup_stm32f4xx.o(.text)
    TIM1_BRK_TIM9_IRQHandler                 0x08008243   Thumb Code     0  startup_stm32f4xx.o(.text)
    TIM1_CC_IRQHandler                       0x08008243   Thumb Code     0  startup_stm32f4xx.o(.text)
    TIM1_TRG_COM_TIM11_IRQHandler            0x08008243   Thumb Code     0  startup_stm32f4xx.o(.text)
    TIM1_UP_TIM10_IRQHandler                 0x08008243   Thumb Code     0  startup_stm32f4xx.o(.text)
    TIM2_IRQHandler                          0x08008243   Thumb Code     0  startup_stm32f4xx.o(.text)
    TIM3_IRQHandler                          0x08008243   Thumb Code     0  startup_stm32f4xx.o(.text)
    TIM4_IRQHandler                          0x08008243   Thumb Code     0  startup_stm32f4xx.o(.text)
    TIM5_IRQHandler                          0x08008243   Thumb Code     0  startup_stm32f4xx.o(.text)
    TIM6_DAC_IRQHandler                      0x08008243   Thumb Code     0  startup_stm32f4xx.o(.text)
    TIM7_IRQHandler                          0x08008243   Thumb Code     0  startup_stm32f4xx.o(.text)
    TIM8_BRK_TIM12_IRQHandler                0x08008243   Thumb Code     0  startup_stm32f4xx.o(.text)
    TIM8_CC_IRQHandler                       0x08008243   Thumb Code     0  startup_stm32f4xx.o(.text)
    TIM8_TRG_COM_TIM14_IRQHandler            0x08008243   Thumb Code     0  startup_stm32f4xx.o(.text)
    TIM8_UP_TIM13_IRQHandler                 0x08008243   Thumb Code     0  startup_stm32f4xx.o(.text)
    UART4_IRQHandler                         0x08008243   Thumb Code     0  startup_stm32f4xx.o(.text)
    UART5_IRQHandler                         0x08008243   Thumb Code     0  startup_stm32f4xx.o(.text)
    USART1_IRQHandler                        0x08008243   Thumb Code     0  startup_stm32f4xx.o(.text)
    USART3_IRQHandler                        0x08008243   Thumb Code     0  startup_stm32f4xx.o(.text)
    USART6_IRQHandler                        0x08008243   Thumb Code     0  startup_stm32f4xx.o(.text)
    WWDG_IRQHandler                          0x08008243   Thumb Code     0  startup_stm32f4xx.o(.text)
    __aeabi_memset                           0x0800824d   Thumb Code    14  memseta.o(.text)
    __aeabi_memset4                          0x0800824d   Thumb Code     0  memseta.o(.text)
    __aeabi_memset8                          0x0800824d   Thumb Code     0  memseta.o(.text)
    __aeabi_memclr                           0x0800825b   Thumb Code     4  memseta.o(.text)
    __aeabi_memclr4                          0x0800825b   Thumb Code     0  memseta.o(.text)
    __aeabi_memclr8                          0x0800825b   Thumb Code     0  memseta.o(.text)
    _memset$wrapper                          0x0800825f   Thumb Code    18  memseta.o(.text)
    __aeabi_dadd                             0x08008271   Thumb Code   322  dadd.o(.text)
    __aeabi_dsub                             0x080083b3   Thumb Code     6  dadd.o(.text)
    __aeabi_drsub                            0x080083b9   Thumb Code     6  dadd.o(.text)
    __aeabi_dmul                             0x080083bf   Thumb Code   228  dmul.o(.text)
    __aeabi_ddiv                             0x080084a3   Thumb Code   222  ddiv.o(.text)
    __aeabi_i2d                              0x08008581   Thumb Code    34  dflti.o(.text)
    __aeabi_d2iz                             0x080085a3   Thumb Code    62  dfixi.o(.text)
    __aeabi_f2d                              0x080085e1   Thumb Code    38  f2d.o(.text)
    __aeabi_cdcmpeq                          0x08008609   Thumb Code     0  cdcmple.o(.text)
    __aeabi_cdcmple                          0x08008609   Thumb Code    38  cdcmple.o(.text)
    __aeabi_cdrcmple                         0x08008631   Thumb Code    38  cdrcmple.o(.text)
    __aeabi_d2f                              0x08008659   Thumb Code    56  d2f.o(.text)
    __aeabi_uidiv                            0x08008691   Thumb Code     0  uidiv.o(.text)
    __aeabi_uidivmod                         0x08008691   Thumb Code    44  uidiv.o(.text)
    __aeabi_uldivmod                         0x080086bd   Thumb Code    98  uldiv.o(.text)
    __aeabi_llsl                             0x0800871f   Thumb Code    30  llshl.o(.text)
    _ll_shift_l                              0x0800871f   Thumb Code     0  llshl.o(.text)
    __aeabi_llsr                             0x0800873d   Thumb Code    32  llushr.o(.text)
    _ll_ushift_r                             0x0800873d   Thumb Code     0  llushr.o(.text)
    __aeabi_lasr                             0x0800875d   Thumb Code    36  llsshr.o(.text)
    _ll_sshift_r                             0x0800875d   Thumb Code     0  llsshr.o(.text)
    __I$use$fp                               0x08008781   Thumb Code     0  iusefp.o(.text)
    _float_round                             0x08008781   Thumb Code    18  fepilogue.o(.text)
    _float_epilogue                          0x08008793   Thumb Code    90  fepilogue.o(.text)
    _double_round                            0x080087ed   Thumb Code    26  depilogue.o(.text)
    _double_epilogue                         0x08008807   Thumb Code   164  depilogue.o(.text)
    __aeabi_d2ulz                            0x080088ab   Thumb Code    48  dfixul.o(.text)
    __scatterload                            0x080088dd   Thumb Code    28  init.o(.text)
    __scatterload_rt2                        0x080088dd   Thumb Code     0  init.o(.text)
    __decompress                             0x08008901   Thumb Code     0  __dczerorl2.o(.text)
    __decompress1                            0x08008901   Thumb Code    92  __dczerorl2.o(.text)
    __0sprintf                               0x0800895d   Thumb Code    34  printfa.o(i.__0sprintf)
    __1sprintf                               0x0800895d   Thumb Code     0  printfa.o(i.__0sprintf)
    __2sprintf                               0x0800895d   Thumb Code     0  printfa.o(i.__0sprintf)
    __c89sprintf                             0x0800895d   Thumb Code     0  printfa.o(i.__0sprintf)
    sprintf                                  0x0800895d   Thumb Code     0  printfa.o(i.__0sprintf)
    __hardfp_fabs                            0x08008985   Thumb Code    20  fabs.o(i.__hardfp_fabs)
    __scatterload_copy                       0x08008999   Thumb Code    14  handlers.o(i.__scatterload_copy)
    __scatterload_null                       0x080089a7   Thumb Code     2  handlers.o(i.__scatterload_null)
    __scatterload_zeroinit                   0x080089a9   Thumb Code    14  handlers.o(i.__scatterload_zeroinit)
    ascii_8x16                               0x08009398   Data        1536  ili9325.o(.constdata)
    ASCII_Table_16x24                        0x08009998   Data        4560  ili9325.o(.constdata)
    Region$$Table$$Base                      0x0800ab68   Number         0  anon$$obj.o(Region$$Table)
    Region$$Table$$Limit                     0x0800ab88   Number         0  anon$$obj.o(Region$$Table)
    UpdataTFT_flag                           0x20000000   Data           1  main.o(.data)
    SpeedLast                                0x20000002   Data           6  main.o(.data)
    data1                                    0x20000008   Data           2  main.o(.data)
    data2                                    0x2000000a   Data           2  main.o(.data)
    data3                                    0x2000000c   Data           2  main.o(.data)
    data4                                    0x2000000e   Data           2  main.o(.data)
    i                                        0x20000010   Data           4  main.o(.data)
    j                                        0x20000014   Data           4  main.o(.data)
    message                                  0x20000018   Data           4  main.o(.data)
    count                                    0x2000001c   Data           4  main.o(.data)
    send_flag                                0x20000020   Data           4  main.o(.data)
    HuorDistanceLast                         0x20000024   Data           2  main.o(.data)
    huor2                                    0x20000028   Data           4  main.o(.data)
    beep_starttime                           0x2000002c   Data           4  main.o(.data)
    beep_startcount                          0x20000030   Data           4  main.o(.data)
    button1                                  0x20000034   Data           1  main.o(.data)
    button2                                  0x20000035   Data           1  main.o(.data)
    button3                                  0x20000036   Data           1  main.o(.data)
    Gray_Image_Buffer                        0x20000038   Data           4  ov7725.o(.data)
    sp_threshold_value                       0x20000040   Data           4  image.o(.data)
    hd_threshold_value                       0x20000044   Data           4  image.o(.data)
    xp_threshold_value                       0x20000048   Data           4  image.o(.data)
    sp_value_sub                             0x2000004c   Data           4  image.o(.data)
    hd_value_sub                             0x20000050   Data           4  image.o(.data)
    xp_value_sub                             0x20000054   Data           4  image.o(.data)
    ZjClearDistance                          0x20000058   Data           4  image.o(.data)
    ZjDetectDistance                         0x2000005c   Data           4  image.o(.data)
    ZjBigAngleRow                            0x20000060   Data           4  image.o(.data)
    zj_time                                  0x20000064   Data           4  image.o(.data)
    Hd1ToHd5Distance                         0x20000068   Data           4  image.o(.data)
    Hd1ToXpDistance                          0x2000006c   Data           4  image.o(.data)
    race_hd1                                 0x20000070   Data           4  image.o(.data)
    race_hd2                                 0x20000074   Data           4  image.o(.data)
    race_hd3                                 0x20000078   Data           4  image.o(.data)
    race_hd4                                 0x2000007c   Data           4  image.o(.data)
    race_hd5                                 0x20000080   Data           4  image.o(.data)
    XpScDistance                             0x20000084   Data           4  image.o(.data)
    HuorCross                                0x20000088   Data           4  image.o(.data)
    Xp3RaceTop                               0x2000008c   Data           4  image.o(.data)
    Xp3RaceCross                             0x20000090   Data           4  image.o(.data)
    number                                   0x20000094   Data           4  image.o(.data)
    left_angle_flag                          0x20000098   Data           4  image.o(.data)
    right_angle_flag                         0x2000009c   Data           4  image.o(.data)
    rr                                       0x200000a0   Data           4  image.o(.data)
    left_sure_flag                           0x200000a4   Data           4  image.o(.data)
    whitelost_left                           0x200000a8   Data           4  image.o(.data)
    edge_row0                                0x200000ac   Data           4  image.o(.data)
    center_row                               0x200000b0   Data           4  image.o(.data)
    start_row_hd                             0x200000b4   Data           4  image.o(.data)
    stop_row_hd                              0x200000b8   Data           4  image.o(.data)
    eff_row                                  0x200000bc   Data           4  image.o(.data)
    white_count                              0x200000c0   Data           4  image.o(.data)
    nu                                       0x200000c4   Data           4  image.o(.data)
    control_line                             0x200000c8   Data           4  image.o(.data)
    pixel_value                              0x200000cc   Data           4  image.o(.data)
    sp_flag                                  0x200000d0   Data           4  image.o(.data)
    hd_flag                                  0x200000d4   Data           4  image.o(.data)
    xp_flag                                  0x200000d8   Data           4  image.o(.data)
    zj_start                                 0x200000dc   Data           4  image.o(.data)
    img_stop_flag                            0x200000e0   Data           4  image.o(.data)
    img_cross_flag                           0x200000e4   Data           4  image.o(.data)
    hand_restart                             0x200000e8   Data           4  image.o(.data)
    hd_stage_flag                            0x200000ec   Data           4  image.o(.data)
    FrameCount                               0x200000f0   Data           4  image.o(.data)
    framecount                               0x200000f4   Data           4  image.o(.data)
    Detect                                   0x200000f8   Data           4  image.o(.data)
    stop_time                                0x200000fc   Data           4  image.o(.data)
    sum_left                                 0x20000100   Data           4  image.o(.data)
    sum_right                                0x20000104   Data           4  image.o(.data)
    standard_row                             0x20000108   Data           4  image.o(.data)
    zj_detect                                0x2000010c   Data           1  image.o(.data)
    control_message                          0x20000110   Data           4  image.o(.data)
    control_message2                         0x20000114   Data           4  image.o(.data)
    control_message3                         0x20000118   Data           4  image.o(.data)
    race                                     0x20000120   Data           8  image.o(.data)
    race1                                    0x20000128   Data           8  image.o(.data)
    white_count_ratio                        0x20000130   Data           8  image.o(.data)
    row_sub                                  0x20000138   Data           8  image.o(.data)
    start_row                                0x20000140   Data           4  image.o(.data)
    eff_row_count                            0x20000144   Data           1  image.o(.data)
    zj_keep_flag                             0x20000148   Data           4  image.o(.data)
    restart_flag                             0x2000014c   Data           4  image.o(.data)
    center_base                              0x20000150   Data           4  image.o(.data)
    stage_flag                               0x20000154   Data           4  image.o(.data)
    beep_count                               0x20000158   Data           4  image.o(.data)
    cross_flag                               0x2000015c   Data           4  image.o(.data)
    speed_left                               0x20000160   Data           2  image.o(.data)
    speed_hd1                                0x20000162   Data           2  image.o(.data)
    speed_hd5                                0x20000164   Data           2  image.o(.data)
    speed_xp                                 0x20000166   Data           2  image.o(.data)
    speed_stop1                              0x20000168   Data           2  image.o(.data)
    speed_stop2                              0x2000016a   Data           2  image.o(.data)
    speed_stop3                              0x2000016c   Data           2  image.o(.data)
    speed_stop4                              0x2000016e   Data           2  image.o(.data)
    speed_last2                              0x20000170   Data           2  image.o(.data)
    speed_sc                                 0x20000172   Data           2  image.o(.data)
    speed_last                               0x20000174   Data           2  image.o(.data)
    speed_now                                0x20000176   Data           2  image.o(.data)
    speed_now_hd5                            0x20000178   Data           2  image.o(.data)
    zj_speed                                 0x2000017c   Data           4  image.o(.data)
    late_cut_down                            0x20000180   Data           4  image.o(.data)
    beep_send_flag                           0x20000184   Data           4  image.o(.data)
    beep_count_send                          0x20000188   Data           4  image.o(.data)
    beep_time_send                           0x2000018c   Data           4  image.o(.data)
    speed_time                               0x20000190   Data           4  image.o(.data)
    Hd1OutFlag                               0x20000194   Data           1  image.o(.data)
    XpHuorStartFlag                          0x20000195   Data           1  image.o(.data)
    XPStopToHandFlag                         0x20000198   Data           4  image.o(.data)
    HdRaceChangeFlag                         0x2000019c   Data           1  image.o(.data)
    XpRaceChangeFlag                         0x2000019d   Data           1  image.o(.data)
    HdInSpeed                                0x2000019e   Data           2  image.o(.data)
    HdInBackRow                              0x200001a0   Data           2  image.o(.data)
    small_angle_row                          0x200001a4   Data           4  image.o(.data)
    zj_sc_count                              0x200001a8   Data           4  image.o(.data)
    center_average                           0x200001ac   Data           4  image.o(.data)
    center_r_last                            0x200001b0   Data           4  image.o(.data)
    LostDirection                            0x200001b4   Data           1  image.o(.data)
    hd_correct_flag                          0x200001b5   Data           1  image.o(.data)
    center_stop_min                          0x200001b8   Data           4  image.o(.data)
    center_stop_max                          0x200001bc   Data           4  image.o(.data)
    hand_time                                0x200001c0   Data           4  image.o(.data)
    time_axial                               0x200001c4   Data           4  image.o(.data)
    zj_end_time                              0x200001c8   Data           4  image.o(.data)
    correct_row                              0x200001cc   Data           4  image.o(.data)
    center_r_now                             0x200001d0   Data           4  image.o(.data)
    dbg_show_enable                          0x200001d4   Data           1  usart.o(.data)
    HandKey_Receive                          0x200001d6   Data           2  usart.o(.data)
    HandRock_left_Receive                    0x200001d8   Data           2  usart.o(.data)
    HandRock_right_Receive                   0x200001da   Data           2  usart.o(.data)
    HandMode_Receive                         0x200001dc   Data           1  usart.o(.data)
    USART2_RX_STA                            0x200001dd   Data           1  usart.o(.data)
    HuorDistance                             0x200001e0   Data           2  can1.o(.data)
    HuorDistance2                            0x200001e2   Data           2  can1.o(.data)
    DirectionFlag                            0x200001e4   Data           2  can1.o(.data)
    UltrosonicDistance                       0x200001e8   Data           4  can1.o(.data)
    Distance                                 0x200001ec   Data           4  can1.o(.data)
    Fdistance                                0x200001f0   Data           4  can1.o(.data)
    ID_Electromagnet                         0x200001f4   Data           2  can1.o(.data)
    m                                        0x200001f8   Data           4  can1.o(.data)
    last_position                            0x200001fc   Data           4  can1.o(.data)
    now_position                             0x20000200   Data           4  can1.o(.data)
    Ek1                                      0x20000204   Data           4  pid.o(.data)
    Ek2                                      0x20000208   Data           4  pid.o(.data)
    Ek3                                      0x2000020c   Data           4  pid.o(.data)
    P                                        0x20000210   Data           4  pid.o(.data)
    I                                        0x20000214   Data           4  pid.o(.data)
    D                                        0x20000218   Data           4  pid.o(.data)
    PulseDirection                           0x2000021c   Data           4  pid.o(.data)
    PulseCutDown                             0x20000220   Data           4  pid.o(.data)
    PulseLockPoint                           0x20000224   Data           4  pid.o(.data)
    stop_angle_flag                          0x20000228   Data           4  pid.o(.data)
    hd0to1_flag                              0x2000022c   Data           4  pid.o(.data)
    stop_angle                               0x20000230   Data           4  pid.o(.data)
    Angle                                    0x20000234   Data           4  pid.o(.data)
    kp                                       0x20000238   Data           4  pid.o(.data)
    stop4_flag                               0x2000023c   Data           2  pid.o(.data)
    message2                                 0x20000240   Data           4  pid.o(.data)
    BigCarWaitingDistance                    0x20000244   Data           4  pid.o(.data)
    HandFanleafFlag                          0x20000248   Data           1  pid.o(.data)
    sc_test                                  0x2000024c   Data           4  pid.o(.data)
    back_flag                                0x20000250   Data           1  pid.o(.data)
    AngleLast                                0x20000254   Data           4  pid.o(.data)
    time_mid_flag                            0x20000258   Data           1  pid.o(.data)
    speed_back                               0x2000025c   Data           4  pid.o(.data)
    speed_out                                0x20000260   Data           4  pid.o(.data)
    XpScTime                                 0x20000264   Data           4  pid.o(.data)
    XpScFlag                                 0x20000268   Data           4  pid.o(.data)
    translation_angle                        0x2000026c   Data           4  pid.o(.data)
    DeviceCode                               0x20000270   Data           2  ili9325.o(.data)
    HandKey                                  0x20000274   Data           2  ps2.o(.data)
    HandKey_old                              0x20000276   Data           2  ps2.o(.data)
    HandRock_left                            0x20000278   Data           2  ps2.o(.data)
    HandRock_left_old                        0x2000027a   Data           2  ps2.o(.data)
    HandRock_right                           0x2000027c   Data           2  ps2.o(.data)
    HandRock_right_old                       0x2000027e   Data           2  ps2.o(.data)
    send_picture_flag                        0x20000280   Data           4  ps2.o(.data)
    HandMode                                 0x20000284   Data           1  ps2.o(.data)
    SystemCoreClock                          0x20000298   Data           4  system_stm32f4xx.o(.data)
    AHBPrescTable                            0x2000029c   Data          16  system_stm32f4xx.o(.data)
    image                                    0x200002ac   Data       128000  ov7725.o(.bss)
    left                                     0x2001f6ac   Data         164  image.o(.bss)
    center                                   0x2001f750   Data         168  image.o(.bss)
    right                                    0x2001f7f8   Data         164  image.o(.bss)
    aTxBuffer_UART2                          0x2001f89c   Data          51  usart.o(.bss)
    TxBuffer_UART2                           0x2001f8d0   Data         212  usart.o(.bss)
    USART2_RX_BUF                            0x2001f9a4   Data          32  usart.o(.bss)
    __initial_sp                             0x2001fdc8   Data           0  startup_stm32f4xx.o(STACK)



==============================================================================

Memory Map of the image

  Image Entry point : 0x08000189

  Load Region LR_IROM1 (Base: 0x08000000, Size: 0x0000ae34, Max: 0x00100000, ABSOLUTE, COMPRESSED[0x0000ac0c])

    Execution Region ER_IROM1 (Base: 0x08000000, Size: 0x0000ab88, Max: 0x00100000, ABSOLUTE)

    Base Addr    Size         Type   Attr      Idx    E Section Name        Object

    0x08000000   0x00000188   Data   RO          801    RESET               startup_stm32f4xx.o
    0x08000188   0x00000000   Code   RO          812  * .ARM.Collect$$$$00000000  mc_w.l(entry.o)
    0x08000188   0x00000004   Code   RO         1098    .ARM.Collect$$$$00000001  mc_w.l(entry2.o)
    0x0800018c   0x00000004   Code   RO         1101    .ARM.Collect$$$$00000004  mc_w.l(entry5.o)
    0x08000190   0x00000000   Code   RO         1103    .ARM.Collect$$$$00000008  mc_w.l(entry7b.o)
    0x08000190   0x00000000   Code   RO         1105    .ARM.Collect$$$$0000000A  mc_w.l(entry8b.o)
    0x08000190   0x00000008   Code   RO         1106    .ARM.Collect$$$$0000000B  mc_w.l(entry9a.o)
    0x08000198   0x00000000   Code   RO         1108    .ARM.Collect$$$$0000000D  mc_w.l(entry10a.o)
    0x08000198   0x00000000   Code   RO         1110    .ARM.Collect$$$$0000000F  mc_w.l(entry11a.o)
    0x08000198   0x00000004   Code   RO         1099    .ARM.Collect$$$$00002712  mc_w.l(entry2.o)
    0x0800019c   0x00000250   Code   RO            3    .text               main.o
    0x080003ec   0x00000018   Code   RO          161    .text               stm32f4xx_it.o
    0x08000404   0x000000b0   Code   RO          184    .text               led.o
    0x080004b4   0x00000036   Code   RO          204    .text               delay.o
    0x080004ea   0x00000002   PAD
    0x080004ec   0x00000394   Code   RO          224    .text               ov7725.o
    0x08000880   0x00000330   Code   RO          256    .text               sccb.o
    0x08000bb0   0x00002d46   Code   RO          276    .text               image.o
    0x080038f6   0x00000002   PAD
    0x080038f8   0x0000054c   Code   RO          308    .text               usart.o
    0x08003e44   0x00000238   Code   RO          339    .text               can1.o
    0x0800407c   0x00000122   Code   RO          365    .text               mydataprocess.o
    0x0800419e   0x00000002   PAD
    0x080041a0   0x00000610   Code   RO          385    .text               pid.o
    0x080047b0   0x00000466   Code   RO          412    .text               ili9320_api.o
    0x08004c16   0x00000002   PAD
    0x08004c18   0x0000009c   Code   RO          432    .text               led_show.o
    0x08004cb4   0x000010b8   Code   RO          453    .text               ili9325.o
    0x08005d6c   0x00000094   Code   RO          481    .text               queue.o
    0x08005e00   0x000000e4   Code   RO          570    .text               misc.o
    0x08005ee4   0x0000025c   Code   RO          610    .text               stm32f4xx_gpio.o
    0x08006140   0x00000588   Code   RO          630    .text               stm32f4xx_rcc.o
    0x080066c8   0x0000041a   Code   RO          672    .text               stm32f4xx_usart.o
    0x08006ae2   0x00000002   PAD
    0x08006ae4   0x0000061c   Code   RO          692    .text               stm32f4xx_fsmc.o
    0x08007100   0x000003a4   Code   RO          712    .text               stm32f4xx_dma.o
    0x080074a4   0x0000018c   Code   RO          732    .text               stm32f4xx_dcmi.o
    0x08007630   0x000009ec   Code   RO          755    .text               stm32f4xx_can.o
    0x0800801c   0x0000020c   Code   RO          775    .text               system_stm32f4xx.o
    0x08008228   0x00000024   Code   RO          802    .text               startup_stm32f4xx.o
    0x0800824c   0x00000024   Code   RO          815    .text               mc_w.l(memseta.o)
    0x08008270   0x0000014e   Code   RO         1078    .text               mf_w.l(dadd.o)
    0x080083be   0x000000e4   Code   RO         1080    .text               mf_w.l(dmul.o)
    0x080084a2   0x000000de   Code   RO         1082    .text               mf_w.l(ddiv.o)
    0x08008580   0x00000022   Code   RO         1084    .text               mf_w.l(dflti.o)
    0x080085a2   0x0000003e   Code   RO         1088    .text               mf_w.l(dfixi.o)
    0x080085e0   0x00000026   Code   RO         1090    .text               mf_w.l(f2d.o)
    0x08008606   0x00000002   PAD
    0x08008608   0x00000028   Code   RO         1092    .text               mf_w.l(cdcmple.o)
    0x08008630   0x00000028   Code   RO         1094    .text               mf_w.l(cdrcmple.o)
    0x08008658   0x00000038   Code   RO         1096    .text               mf_w.l(d2f.o)
    0x08008690   0x0000002c   Code   RO         1115    .text               mc_w.l(uidiv.o)
    0x080086bc   0x00000062   Code   RO         1117    .text               mc_w.l(uldiv.o)
    0x0800871e   0x0000001e   Code   RO         1119    .text               mc_w.l(llshl.o)
    0x0800873c   0x00000020   Code   RO         1121    .text               mc_w.l(llushr.o)
    0x0800875c   0x00000024   Code   RO         1123    .text               mc_w.l(llsshr.o)
    0x08008780   0x00000000   Code   RO         1125    .text               mc_w.l(iusefp.o)
    0x08008780   0x0000006c   Code   RO         1126    .text               mf_w.l(fepilogue.o)
    0x080087ec   0x000000be   Code   RO         1128    .text               mf_w.l(depilogue.o)
    0x080088aa   0x00000030   Code   RO         1130    .text               mf_w.l(dfixul.o)
    0x080088da   0x00000002   PAD
    0x080088dc   0x00000024   Code   RO         1132    .text               mc_w.l(init.o)
    0x08008900   0x0000005c   Code   RO         1144    .text               mc_w.l(__dczerorl2.o)
    0x0800895c   0x00000028   Code   RO         1052    i.__0sprintf        mc_w.l(printfa.o)
    0x08008984   0x00000014   Code   RO          806    i.__hardfp_fabs     m_wm.l(fabs.o)
    0x08008998   0x0000000e   Code   RO         1138    i.__scatterload_copy  mc_w.l(handlers.o)
    0x080089a6   0x00000002   Code   RO         1139    i.__scatterload_null  mc_w.l(handlers.o)
    0x080089a8   0x0000000e   Code   RO         1140    i.__scatterload_zeroinit  mc_w.l(handlers.o)
    0x080089b6   0x00000002   PAD
    0x080089b8   0x0000015c   Code   RO         1057    i._fp_digits        mc_w.l(printfa.o)
    0x08008b14   0x000006f0   Code   RO         1058    i._printf_core      mc_w.l(printfa.o)
    0x08009204   0x00000026   Code   RO         1059    i._printf_post_padding  mc_w.l(printfa.o)
    0x0800922a   0x00000030   Code   RO         1060    i._printf_pre_padding  mc_w.l(printfa.o)
    0x0800925a   0x0000000a   Code   RO         1062    i._sputc            mc_w.l(printfa.o)
    0x08009264   0x00000128   Data   RO          226    .constdata          ov7725.o
    0x0800938c   0x0000000c   Data   RO          433    .constdata          led_show.o
    0x08009398   0x000017d0   Data   RO          454    .constdata          ili9325.o
    0x0800ab68   0x00000020   Data   RO         1136    Region$$Table       anon$$obj.o


    Execution Region RW_IRAM1 (Base: 0x20000000, Size: 0x0001fdc8, Max: 0x00020000, ABSOLUTE, COMPRESSED[0x00000084])

    Base Addr    Size         Type   Attr      Idx    E Section Name        Object

    0x20000000   0x00000037   Data   RW            5    .data               main.o
    0x20000037   0x00000001   PAD
    0x20000038   0x00000004   Data   RW          227    .data               ov7725.o
    0x2000003c   0x00000004   PAD
    0x20000040   0x00000194   Data   RW          279    .data               image.o
    0x200001d4   0x0000000a   Data   RW          310    .data               usart.o
    0x200001de   0x00000002   PAD
    0x200001e0   0x00000024   Data   RW          340    .data               can1.o
    0x20000204   0x0000006c   Data   RW          386    .data               pid.o
    0x20000270   0x00000002   Data   RW          455    .data               ili9325.o
    0x20000272   0x00000002   PAD
    0x20000274   0x00000011   Data   RW          545    .data               ps2.o
    0x20000285   0x00000010   Data   RW          631    .data               stm32f4xx_rcc.o
    0x20000295   0x00000003   PAD
    0x20000298   0x00000014   Data   RW          776    .data               system_stm32f4xx.o
    0x200002ac   0x0001f400   Zero   RW          225    .bss                ov7725.o
    0x2001f6ac   0x000001f0   Zero   RW          277    .bss                image.o
    0x2001f89c   0x00000128   Zero   RW          309    .bss                usart.o
    0x2001f9c4   0x00000004   PAD
    0x2001f9c8   0x00000400   Zero   RW          799    STACK               startup_stm32f4xx.o


==============================================================================

Image component sizes


      Code (inc. data)   RO Data    RW Data    ZI Data      Debug   Object Name

       568         24          0         36          0       2964   can1.o
        54          0          0          0          0        976   delay.o
      1126          0          0          0          0       4297   ili9320_api.o
      4280         44       6096          2          0      17493   ili9325.o
     11590       1062          0        404        496      18571   image.o
       176         16          0          0          0        981   led.o
       156         18         12          0          0       1156   led_show.o
       592         96          0         55          0     268664   main.o
       228         22          0          0          0       2329   misc.o
       290          0          0          0          0       3418   mydataprocess.o
       916         36        296          4     128000       3860   ov7725.o
      1552        240          0        108          0       2552   pid.o
         0          0          0         17          0        731   ps2.o
       148          0          0          0          0       2666   queue.o
       816          4          0          0          0       3060   sccb.o
        36          8        392          0       1024        908   startup_stm32f4xx.o
      2540         38          0          0          0       8476   stm32f4xx_can.o
       396          6          0          0          0       8042   stm32f4xx_dcmi.o
       932         32          0          0          0       6673   stm32f4xx_dma.o
      1564         58          0          0          0       5919   stm32f4xx_fsmc.o
       604         36          0          0          0       4569   stm32f4xx_gpio.o
        24          0          0          0          0       1326   stm32f4xx_it.o
      1416         48          0         16          0      11663   stm32f4xx_rcc.o
      1050         26          0          0          0       8280   stm32f4xx_usart.o
       524         44          0         20          0       2411   system_stm32f4xx.o
      1356         54          0         10        296       4357   usart.o

    ----------------------------------------------------------------------
     32944       1912       6828        684     129820     396342   Object Totals
         0          0         32          0          0          0   (incl. Generated)
        10          0          0         12          4          0   (incl. Padding)

    ----------------------------------------------------------------------

      Code (inc. data)   RO Data    RW Data    ZI Data      Debug   Library Member Name

        20          0          0          0          0        124   fabs.o
        92          0          0          0          0          0   __dczerorl2.o
         0          0          0          0          0          0   entry.o
         0          0          0          0          0          0   entry10a.o
         0          0          0          0          0          0   entry11a.o
         8          4          0          0          0          0   entry2.o
         4          0          0          0          0          0   entry5.o
         0          0          0          0          0          0   entry7b.o
         0          0          0          0          0          0   entry8b.o
         8          4          0          0          0          0   entry9a.o
        30          0          0          0          0          0   handlers.o
        36          8          0          0          0         68   init.o
         0          0          0          0          0          0   iusefp.o
        30          0          0          0          0         68   llshl.o
        36          0          0          0          0         68   llsshr.o
        32          0          0          0          0         68   llushr.o
        36          0          0          0          0        108   memseta.o
      2260         86          0          0          0        512   printfa.o
        44          0          0          0          0         80   uidiv.o
        98          0          0          0          0         92   uldiv.o
        40          2          0          0          0         68   cdcmple.o
        40          2          0          0          0         68   cdrcmple.o
        56          0          0          0          0         88   d2f.o
       334          0          0          0          0        148   dadd.o
       222          0          0          0          0        100   ddiv.o
       190          0          0          0          0        176   depilogue.o
        62          0          0          0          0         80   dfixi.o
        48          0          0          0          0         68   dfixul.o
        34          0          0          0          0         76   dflti.o
       228          0          0          0          0         96   dmul.o
        38          0          0          0          0         68   f2d.o
       108          0          0          0          0        168   fepilogue.o

    ----------------------------------------------------------------------
      4140        106          0          0          0       2392   Library Totals
         6          0          0          0          0          0   (incl. Padding)

    ----------------------------------------------------------------------

      Code (inc. data)   RO Data    RW Data    ZI Data      Debug   Library Name

        20          0          0          0          0        124   m_wm.l
      2714        102          0          0          0       1064   mc_w.l
      1400          4          0          0          0       1204   mf_w.l

    ----------------------------------------------------------------------
      4140        106          0          0          0       2392   Library Totals

    ----------------------------------------------------------------------

==============================================================================


      Code (inc. data)   RO Data    RW Data    ZI Data      Debug   

     37084       2018       6828        684     129820     392390   Grand Totals
     37084       2018       6828        132     129820     392390   ELF Image Totals (compressed)
     37084       2018       6828        132          0          0   ROM Totals

==============================================================================

    Total RO  Size (Code + RO Data)                43912 (  42.88kB)
    Total RW  Size (RW Data + ZI Data)            130504 ( 127.45kB)
    Total ROM Size (Code + RO Data + RW Data)      44044 (  43.01kB)

==============================================================================

