<html>
<body>
<pre>
<h1>礦ision Build Log</h1>
<h2>Project:</h2>
E:\タカラモノ\ROBOCON机器人队\F4板子和工程\三代车-蓝场-机构定点-正常跑车程序\三代车-蓝场-机构定点-正常跑车程序\三代车-蓝场\RVMDSK\V1\Project\project.uvprojx
Project File Date:  06/03/2016

<h2>Output:</h2>
Build target 'Track_line'
linking...
Program Size: Code=40000 RO-data=6828 RW-data=712 ZI-data=129816  
FromELF: creating hex file...
".\Obj\project.axf" - 0 Error(s), 0 Warning(s).

<h2>Software Packages used:</h2>

Package Vendor: ARM
                http://www.keil.com/pack/ARM.CMSIS.3.20.4.pack
                ARM::CMSIS:CORE:3.20.0
                Cortex Microcontroller Software Interface Standard (CMSIS) CORE, DSP, RTOS, Driver
   * Component: CORE Version: 3.20.0

<h2>Collection of Component include folders:</h2>
  E:\タカラモノ\ROBOCON机器人队\F4板子和工程\三代车-蓝场-机构定点-正常跑车程序\三代车-蓝场-机构定点-正常跑车程序\三代车-蓝场\RVMDSK\V1\Project\RTE
  D:\Keil MDK5.01\ARM\PACK\ARM\CMSIS\3.20.4\CMSIS\Include
  D:\Keil MDK5.01\ARM\PACK\Keil\STM32F4xx_DFP\1.0.5\Device\Include

<h2>Collection of Component Files used:</h2>

   * Component: ARM::CMSIS:CORE:3.20.0
Load "E:\\タカラモノ\\ROBOCON机器人队\\F4板子和工程\\三代车-蓝场-机构定点-正常跑车程序\\三代车-蓝场-机构定点-正常跑车程序\\三代车-蓝场\\RVMDSK\\V1\\Project\\Obj\\project.axf" 
Set JLink Project File to "E:\タカラモノ\ROBOCON机器人队\F4板子和工程\三代车-蓝场-机构定点-正常跑车程序\三代车-蓝场-机构定点-正常跑车程序\三代车-蓝场\RVMDSK\V1\Project\JLinkSettings.ini"
* JLink Info: Device "STM32F407ZG" selected (1024 KB flash, 128 KB RAM).
 
JLink info:
------------
DLL: V4.76e, compiled Sep 20 2013 16:06:28
Firmware: J-Link ARM-OB STM32 compiled Aug 22 2012 19:52:04
Hardware: V7.00
S/N : 20090928 
Feature(s) : RDI,FlashDL,FlashBP,JFlash,GDBFull 
 
* JLink Info: Found SWD-DP with ID 0x2BA01477
* JLink Info: Found SWD-DP with ID 0x2BA01477
* JLink Info: Found Cortex-M4 r0p1, Little endian.
* JLink Info: FPUnit: 6 code (BP) slots and 2 literal slots
* JLink Info: TPIU fitted.
* JLink Info: ETM fitted.
ROMTableAddr = 0xE00FF003
 
Target info:
------------
Device: STM32F407ZG
VTarget = 3.300V
State of Pins: 
TCK: 0, TDI: 0, TDO: 1, TMS: 0, TRES: 1, TRST: 1
Hardware-Breakpoints: 6
Software-Breakpoints: 8192
Watchpoints:          4
JTAG speed: 500 kHz
 
Erase Done.
Programming Done.
Verify OK.
Application running ...
</pre>
</body>
</html>
ion operand implicitly converted to double-precision
                                                xpp1+=0.02;
..\User\src\can1.c(192): warning:  #1035-D: single-precision operand implicitly converted to double-precision
                                                xpp1-=0.02;
..\User\src\can1.c(198): warning:  #1035-D: single-precision operand implicitly converted to double-precision
                                                xpp2+=0.05;
..\User\src\can1.c(202): warning:  #1035-D: single-precision operand implicitly converted to double-precision
                                                xpp2-=0.05;
..\User\src\can1.c(214): warning:  #1035-D: single-precision operand implicitly converted to double-precision
                                                translation_angle+=0.3;
..\User\src\can1.c(218): warning:  #1035-D: single-precision operand implicitly converted to double-precision
                                                translation_angle-=0.3;
..\User\src\can1.c(136): warning:  #177-D: variable "i" was declared but never referenced
        int i = 0;
..\User\src\can1.c: 9 warnings, 0 errors
compiling MyDataProcess.c...
compiling pid.c...
..\User\src\pid.c(44): warning:  #1035-D: single-precision operand implicitly converted to double-precision
                        P+=0.05;
..\User\src\pid.c(65): warning:  #1035-D: single-precision operand implicitly converted to double-precision
                P+=0.06;
..\User\src\pid.c(83): warning:  #1035-D: single-precision operand implicitly converted to double-precision
                Angle+=1.5;
..\User\src\pid.c: 3 warnings, 0 errors
compiling ili9320_api.c...
compiling led_show.c...
compiling ili9325.c...
compiling queue.c...
compiling visual_scope.c...
compiling Kalman.c...
compiling PS2.c...
compiling misc.c...
compiling stm32f4xx_exti.c...
compiling stm32f4xx_gpio.c...
compiling stm32f4xx_rcc.c...
compiling stm32f4xx_tim.c...
compiling stm32f4xx_usart.c...
compiling stm32f4xx_fsmc.c...
compiling stm32f4xx_dma.c...
compiling stm32f4xx_dcmi.c...
compiling stm32f4xx_can.c...
compiling system_stm32f4xx.c...
assembling startup_stm32f4xx.s...
linking...
Program Size: Code=40000 RO-data=6828 RW-data=712 ZI-data=129816  
FromELF: creating hex file...
".\Obj\project.axf" - 0 Error(s), 24 Warning(s).

<h2>Software Packages used:</h2>

Package Vendor: ARM
                http://www.keil.com/pack/ARM.CMSIS.3.20.4.pack
                ARM::CMSIS:CORE:3.20.0
                Cortex Microcontroller Software Interface Standard (CMSIS) CORE, DSP, RTOS, Driver
   * Component: CORE Version: 3.20.0

<h2>Collection of Component include folders:</h2>
  E:\タカラモノ\ROBOCON机器人队\F4板子和工程\三代车-蓝场-机构定点-正常跑车程序\三代车-蓝场-机构定点-正常跑车程序\三代车-蓝场\RVMDSK\V1\Project\RTE
  D:\Keil MDK5.01\ARM\PACK\ARM\CMSIS\3.20.4\CMSIS\Include
  D:\Keil MDK5.01\ARM\PACK\Keil\STM32F4xx_DFP\1.0.5\Device\Include

<h2>Collection of Component Files used:</h2>

   * Component: ARM::CMSIS:CORE:3.20.0
