ARM Linker, 5.03 [Build 76] [MDK-ARM Standard]

==============================================================================

Section Cross References

    main.o(.text) refers to ili9325.o(.text) for ili9320_SetCursor
    main.o(.text) refers to system_stm32f4xx.o(.text) for SystemInit
    main.o(.text) refers to misc.o(.text) for NVIC_PriorityGroupConfig
    main.o(.text) refers to led.o(.text) for Led_Config
    main.o(.text) refers to can1.o(.text) for Can1_Configuration
    main.o(.text) refers to delay.o(.text) for delay_ms
    main.o(.text) refers to ov7725.o(.text) for OV_Init
    main.o(.text) refers to stm32f4xx_gpio.o(.text) for GPIO_SetBits
    main.o(.text) refers to image.o(.text) for Transfer1Gray
    main.o(.text) refers to stm32f4xx_dma.o(.text) for DMA_GetITStatus
    main.o(.text) refers to stm32f4xx_dcmi.o(.text) for DCMI_CaptureCmd
    main.o(.text) refers to ov7725.o(.data) for Gray_Image_Buffer
    main.o(.text) refers to main.o(.data) for UpdataTFT_flag
    main.o(.text) refers to ov7725.o(.bss) for Image
    main.o(.text) refers to pid.o(.data) for Pulse
    led.o(.text) refers to stm32f4xx_rcc.o(.text) for RCC_AHB1PeriphClockCmd
    led.o(.text) refers to stm32f4xx_gpio.o(.text) for GPIO_Init
    ili9325.o(.text) refers to stm32f4xx_rcc.o(.text) for RCC_AHB3PeriphClockCmd
    ili9325.o(.text) refers to stm32f4xx_gpio.o(.text) for GPIO_PinAFConfig
    ili9325.o(.text) refers to stm32f4xx_fsmc.o(.text) for FSMC_NORSRAMInit
    ili9325.o(.text) refers to delay.o(.text) for delay_ms
    ili9325.o(.text) refers to ili9325.o(.data) for DeviceCode
    ili9325.o(.text) refers to ili9325.o(.constdata) for ascii_8x16
    ov7725.o(.text) refers to stm32f4xx_rcc.o(.text) for RCC_AHB1PeriphClockCmd
    ov7725.o(.text) refers to stm32f4xx_gpio.o(.text) for GPIO_PinAFConfig
    ov7725.o(.text) refers to sccb.o(.text) for SCCB_GPIO_Config
    ov7725.o(.text) refers to stm32f4xx_dcmi.o(.text) for DCMI_Init
    ov7725.o(.text) refers to misc.o(.text) for NVIC_Init
    ov7725.o(.text) refers to stm32f4xx_dma.o(.text) for DMA_DeInit
    ov7725.o(.text) refers to delay.o(.text) for delay_ms
    ov7725.o(.text) refers to ov7725.o(.constdata) for OV7725YUV_reg
    ov7725.o(.text) refers to ov7725.o(.bss) for Image
    sccb.o(.text) refers to stm32f4xx_rcc.o(.text) for RCC_AHB1PeriphClockCmd
    sccb.o(.text) refers to stm32f4xx_gpio.o(.text) for GPIO_Init
    can1.o(.text) refers to stm32f4xx_rcc.o(.text) for RCC_APB1PeriphClockCmd
    can1.o(.text) refers to stm32f4xx_gpio.o(.text) for GPIO_PinAFConfig
    can1.o(.text) refers to stm32f4xx_can.o(.text) for CAN_DeInit
    can1.o(.text) refers to mydataprocess.o(.text) for EncodeFloatData
    stm32f4xx_gpio.o(.text) refers to stm32f4xx_rcc.o(.text) for RCC_AHB1PeriphResetCmd
    stm32f4xx_rcc.o(.text) refers to stm32f4xx_rcc.o(.data) for APBAHBPrescTable
    stm32f4xx_tim.o(.text) refers to stm32f4xx_rcc.o(.text) for RCC_APB2PeriphResetCmd
    stm32f4xx_usart.o(.text) refers to stm32f4xx_rcc.o(.text) for RCC_APB2PeriphResetCmd
    stm32f4xx_adc.o(.text) refers to stm32f4xx_rcc.o(.text) for RCC_APB2PeriphResetCmd
    stm32f4xx_can.o(.text) refers to stm32f4xx_rcc.o(.text) for RCC_APB1PeriphResetCmd
    system_stm32f4xx.o(.text) refers to system_stm32f4xx.o(.data) for SystemCoreClock
    startup_stm32f4xx.o(RESET) refers to startup_stm32f4xx.o(STACK) for __initial_sp
    startup_stm32f4xx.o(RESET) refers to startup_stm32f4xx.o(.text) for Reset_Handler
    startup_stm32f4xx.o(RESET) refers to stm32f4xx_it.o(.text) for NMI_Handler
    startup_stm32f4xx.o(RESET) refers to main.o(.text) for DMA2_Stream1_IRQHandler
    startup_stm32f4xx.o(.text) refers to system_stm32f4xx.o(.text) for SystemInit
    startup_stm32f4xx.o(.text) refers to entry.o(.ARM.Collect$$$$00000000) for __main
    entry.o(.ARM.Collect$$$$00000000) refers (Special) to entry10a.o(.ARM.Collect$$$$0000000D) for __rt_final_cpp
    entry.o(.ARM.Collect$$$$00000000) refers (Special) to entry11a.o(.ARM.Collect$$$$0000000F) for __rt_final_exit
    entry.o(.ARM.Collect$$$$00000000) refers (Special) to entry7b.o(.ARM.Collect$$$$00000008) for _main_clock
    entry.o(.ARM.Collect$$$$00000000) refers (Special) to entry8b.o(.ARM.Collect$$$$0000000A) for _main_cpp_init
    entry.o(.ARM.Collect$$$$00000000) refers (Special) to entry9a.o(.ARM.Collect$$$$0000000B) for _main_init
    entry.o(.ARM.Collect$$$$00000000) refers (Special) to entry5.o(.ARM.Collect$$$$00000004) for _main_scatterload
    entry.o(.ARM.Collect$$$$00000000) refers (Special) to entry2.o(.ARM.Collect$$$$00000001) for _main_stk
    entry2.o(.ARM.Collect$$$$00000001) refers to entry2.o(.ARM.Collect$$$$00002712) for __lit__00000000
    entry2.o(.ARM.Collect$$$$00002712) refers to startup_stm32f4xx.o(STACK) for __initial_sp
    entry2.o(__vectab_stack_and_reset_area) refers to startup_stm32f4xx.o(STACK) for __initial_sp
    entry2.o(__vectab_stack_and_reset_area) refers to entry.o(.ARM.Collect$$$$00000000) for __main
    entry5.o(.ARM.Collect$$$$00000004) refers to init.o(.text) for __scatterload
    entry9a.o(.ARM.Collect$$$$0000000B) refers to main.o(.text) for main
    entry9b.o(.ARM.Collect$$$$0000000C) refers to main.o(.text) for main
    init.o(.text) refers to entry5.o(.ARM.Collect$$$$00000004) for __main_after_scatterload


==============================================================================

Removing Unused input sections from the image.

    Removing main.o(.rev16_text), (4 bytes).
    Removing main.o(.revsh_text), (4 bytes).
    Removing main.o(.constdata), (296 bytes).
    Removing stm32f4xx_it.o(.rev16_text), (4 bytes).
    Removing stm32f4xx_it.o(.revsh_text), (4 bytes).
    Removing delay.o(.rev16_text), (4 bytes).
    Removing delay.o(.revsh_text), (4 bytes).
    Removing led.o(.rev16_text), (4 bytes).
    Removing led.o(.revsh_text), (4 bytes).
    Removing ili9325.o(.rev16_text), (4 bytes).
    Removing ili9325.o(.revsh_text), (4 bytes).
    Removing ov7725.o(.rev16_text), (4 bytes).
    Removing ov7725.o(.revsh_text), (4 bytes).
    Removing sccb.o(.rev16_text), (4 bytes).
    Removing sccb.o(.revsh_text), (4 bytes).
    Removing image.o(.rev16_text), (4 bytes).
    Removing image.o(.revsh_text), (4 bytes).
    Removing image.o(.constdata), (296 bytes).
    Removing pid.o(.rev16_text), (4 bytes).
    Removing pid.o(.revsh_text), (4 bytes).
    Removing can1.o(.rev16_text), (4 bytes).
    Removing can1.o(.revsh_text), (4 bytes).
    Removing mydataprocess.o(.rev16_text), (4 bytes).
    Removing mydataprocess.o(.revsh_text), (4 bytes).
    Removing misc.o(.rev16_text), (4 bytes).
    Removing misc.o(.revsh_text), (4 bytes).
    Removing stm32f4xx_exti.o(.rev16_text), (4 bytes).
    Removing stm32f4xx_exti.o(.revsh_text), (4 bytes).
    Removing stm32f4xx_exti.o(.text), (284 bytes).
    Removing stm32f4xx_gpio.o(.rev16_text), (4 bytes).
    Removing stm32f4xx_gpio.o(.revsh_text), (4 bytes).
    Removing stm32f4xx_rcc.o(.rev16_text), (4 bytes).
    Removing stm32f4xx_rcc.o(.revsh_text), (4 bytes).
    Removing stm32f4xx_tim.o(.rev16_text), (4 bytes).
    Removing stm32f4xx_tim.o(.revsh_text), (4 bytes).
    Removing stm32f4xx_tim.o(.text), (3234 bytes).
    Removing stm32f4xx_usart.o(.rev16_text), (4 bytes).
    Removing stm32f4xx_usart.o(.revsh_text), (4 bytes).
    Removing stm32f4xx_usart.o(.text), (1050 bytes).
    Removing stm32f4xx_adc.o(.rev16_text), (4 bytes).
    Removing stm32f4xx_adc.o(.revsh_text), (4 bytes).
    Removing stm32f4xx_adc.o(.text), (1136 bytes).
    Removing stm32f4xx_can.o(.rev16_text), (4 bytes).
    Removing stm32f4xx_can.o(.revsh_text), (4 bytes).
    Removing stm32f4xx_dcmi.o(.rev16_text), (4 bytes).
    Removing stm32f4xx_dcmi.o(.revsh_text), (4 bytes).
    Removing stm32f4xx_dma.o(.rev16_text), (4 bytes).
    Removing stm32f4xx_dma.o(.revsh_text), (4 bytes).
    Removing stm32f4xx_fsmc.o(.rev16_text), (4 bytes).
    Removing stm32f4xx_fsmc.o(.revsh_text), (4 bytes).
    Removing system_stm32f4xx.o(.rev16_text), (4 bytes).
    Removing system_stm32f4xx.o(.revsh_text), (4 bytes).
    Removing startup_stm32f4xx.o(HEAP), (512 bytes).

53 unused section(s) (total 6992 bytes) removed from the image.

==============================================================================

Image Symbol Table

    Local Symbols

    Symbol Name                              Value     Ov Type        Size  Object(Section)

    ../clib/microlib/init/entry.s            0x00000000   Number         0  entry10b.o ABSOLUTE
    ../clib/microlib/init/entry.s            0x00000000   Number         0  entry10a.o ABSOLUTE
    ../clib/microlib/init/entry.s            0x00000000   Number         0  entry9b.o ABSOLUTE
    ../clib/microlib/init/entry.s            0x00000000   Number         0  entry8b.o ABSOLUTE
    ../clib/microlib/init/entry.s            0x00000000   Number         0  entry8a.o ABSOLUTE
    ../clib/microlib/init/entry.s            0x00000000   Number         0  entry11a.o ABSOLUTE
    ../clib/microlib/init/entry.s            0x00000000   Number         0  entry7b.o ABSOLUTE
    ../clib/microlib/init/entry.s            0x00000000   Number         0  entry7a.o ABSOLUTE
    ../clib/microlib/init/entry.s            0x00000000   Number         0  entry5.o ABSOLUTE
    ../clib/microlib/init/entry.s            0x00000000   Number         0  entry2.o ABSOLUTE
    ../clib/microlib/init/entry.s            0x00000000   Number         0  entry9a.o ABSOLUTE
    ../clib/microlib/init/entry.s            0x00000000   Number         0  entry.o ABSOLUTE
    ../clib/microlib/init/entry.s            0x00000000   Number         0  entry11b.o ABSOLUTE
    ..\Libraries\CMSIS\system_stm32f4xx.c    0x00000000   Number         0  system_stm32f4xx.o ABSOLUTE
    ..\Libraries\STM32F4xx_StdPeriph_Driver\src\misc.c 0x00000000   Number         0  misc.o ABSOLUTE
    ..\Libraries\STM32F4xx_StdPeriph_Driver\src\stm32f4xx_adc.c 0x00000000   Number         0  stm32f4xx_adc.o ABSOLUTE
    ..\Libraries\STM32F4xx_StdPeriph_Driver\src\stm32f4xx_can.c 0x00000000   Number         0  stm32f4xx_can.o ABSOLUTE
    ..\Libraries\STM32F4xx_StdPeriph_Driver\src\stm32f4xx_dcmi.c 0x00000000   Number         0  stm32f4xx_dcmi.o ABSOLUTE
    ..\Libraries\STM32F4xx_StdPeriph_Driver\src\stm32f4xx_dma.c 0x00000000   Number         0  stm32f4xx_dma.o ABSOLUTE
    ..\Libraries\STM32F4xx_StdPeriph_Driver\src\stm32f4xx_exti.c 0x00000000   Number         0  stm32f4xx_exti.o ABSOLUTE
    ..\Libraries\STM32F4xx_StdPeriph_Driver\src\stm32f4xx_fsmc.c 0x00000000   Number         0  stm32f4xx_fsmc.o ABSOLUTE
    ..\Libraries\STM32F4xx_StdPeriph_Driver\src\stm32f4xx_gpio.c 0x00000000   Number         0  stm32f4xx_gpio.o ABSOLUTE
    ..\Libraries\STM32F4xx_StdPeriph_Driver\src\stm32f4xx_rcc.c 0x00000000   Number         0  stm32f4xx_rcc.o ABSOLUTE
    ..\Libraries\STM32F4xx_StdPeriph_Driver\src\stm32f4xx_tim.c 0x00000000   Number         0  stm32f4xx_tim.o ABSOLUTE
    ..\Libraries\STM32F4xx_StdPeriph_Driver\src\stm32f4xx_usart.c 0x00000000   Number         0  stm32f4xx_usart.o ABSOLUTE
    ..\Libraries\Startup\startup_stm32f4xx.s 0x00000000   Number         0  startup_stm32f4xx.o ABSOLUTE
    ..\User\src\Can1.c                       0x00000000   Number         0  can1.o ABSOLUTE
    ..\User\src\ILI9325.c                    0x00000000   Number         0  ili9325.o ABSOLUTE
    ..\User\src\Image.c                      0x00000000   Number         0  image.o ABSOLUTE
    ..\User\src\MyDataProcess.c              0x00000000   Number         0  mydataprocess.o ABSOLUTE
    ..\User\src\OV7725.c                     0x00000000   Number         0  ov7725.o ABSOLUTE
    ..\User\src\PID.c                        0x00000000   Number         0  pid.o ABSOLUTE
    ..\User\src\Sccb.c                       0x00000000   Number         0  sccb.o ABSOLUTE
    ..\User\src\delay.c                      0x00000000   Number         0  delay.o ABSOLUTE
    ..\User\src\led.c                        0x00000000   Number         0  led.o ABSOLUTE
    ..\User\src\main.c                       0x00000000   Number         0  main.o ABSOLUTE
    ..\User\src\stm32f4xx_it.c               0x00000000   Number         0  stm32f4xx_it.o ABSOLUTE
    ..\\Libraries\\CMSIS\\system_stm32f4xx.c 0x00000000   Number         0  system_stm32f4xx.o ABSOLUTE
    ..\\Libraries\\STM32F4xx_StdPeriph_Driver\\src\\misc.c 0x00000000   Number         0  misc.o ABSOLUTE
    ..\\Libraries\\STM32F4xx_StdPeriph_Driver\\src\\stm32f4xx_adc.c 0x00000000   Number         0  stm32f4xx_adc.o ABSOLUTE
    ..\\Libraries\\STM32F4xx_StdPeriph_Driver\\src\\stm32f4xx_can.c 0x00000000   Number         0  stm32f4xx_can.o ABSOLUTE
    ..\\Libraries\\STM32F4xx_StdPeriph_Driver\\src\\stm32f4xx_dcmi.c 0x00000000   Number         0  stm32f4xx_dcmi.o ABSOLUTE
    ..\\Libraries\\STM32F4xx_StdPeriph_Driver\\src\\stm32f4xx_dma.c 0x00000000   Number         0  stm32f4xx_dma.o ABSOLUTE
    ..\\Libraries\\STM32F4xx_StdPeriph_Driver\\src\\stm32f4xx_exti.c 0x00000000   Number         0  stm32f4xx_exti.o ABSOLUTE
    ..\\Libraries\\STM32F4xx_StdPeriph_Driver\\src\\stm32f4xx_fsmc.c 0x00000000   Number         0  stm32f4xx_fsmc.o ABSOLUTE
    ..\\Libraries\\STM32F4xx_StdPeriph_Driver\\src\\stm32f4xx_gpio.c 0x00000000   Number         0  stm32f4xx_gpio.o ABSOLUTE
    ..\\Libraries\\STM32F4xx_StdPeriph_Driver\\src\\stm32f4xx_rcc.c 0x00000000   Number         0  stm32f4xx_rcc.o ABSOLUTE
    ..\\Libraries\\STM32F4xx_StdPeriph_Driver\\src\\stm32f4xx_tim.c 0x00000000   Number         0  stm32f4xx_tim.o ABSOLUTE
    ..\\Libraries\\STM32F4xx_StdPeriph_Driver\\src\\stm32f4xx_usart.c 0x00000000   Number         0  stm32f4xx_usart.o ABSOLUTE
    ..\\User\\src\\Can1.c                    0x00000000   Number         0  can1.o ABSOLUTE
    ..\\User\\src\\ILI9325.c                 0x00000000   Number         0  ili9325.o ABSOLUTE
    ..\\User\\src\\Image.c                   0x00000000   Number         0  image.o ABSOLUTE
    ..\\User\\src\\MyDataProcess.c           0x00000000   Number         0  mydataprocess.o ABSOLUTE
    ..\\User\\src\\OV7725.c                  0x00000000   Number         0  ov7725.o ABSOLUTE
    ..\\User\\src\\PID.c                     0x00000000   Number         0  pid.o ABSOLUTE
    ..\\User\\src\\Sccb.c                    0x00000000   Number         0  sccb.o ABSOLUTE
    ..\\User\\src\\delay.c                   0x00000000   Number         0  delay.o ABSOLUTE
    ..\\User\\src\\led.c                     0x00000000   Number         0  led.o ABSOLUTE
    ..\\User\\src\\main.c                    0x00000000   Number         0  main.o ABSOLUTE
    ..\\User\\src\\stm32f4xx_it.c            0x00000000   Number         0  stm32f4xx_it.o ABSOLUTE
    dc.s                                     0x00000000   Number         0  dc.o ABSOLUTE
    handlers.s                               0x00000000   Number         0  handlers.o ABSOLUTE
    init.s                                   0x00000000   Number         0  init.o ABSOLUTE
    RESET                                    0x08000000   Section      392  startup_stm32f4xx.o(RESET)
    .ARM.Collect$$$$00000000                 0x08000188   Section        0  entry.o(.ARM.Collect$$$$00000000)
    .ARM.Collect$$$$00000001                 0x08000188   Section        4  entry2.o(.ARM.Collect$$$$00000001)
    .ARM.Collect$$$$00000004                 0x0800018c   Section        4  entry5.o(.ARM.Collect$$$$00000004)
    .ARM.Collect$$$$00000008                 0x08000190   Section        0  entry7b.o(.ARM.Collect$$$$00000008)
    .ARM.Collect$$$$0000000A                 0x08000190   Section        0  entry8b.o(.ARM.Collect$$$$0000000A)
    .ARM.Collect$$$$0000000B                 0x08000190   Section        8  entry9a.o(.ARM.Collect$$$$0000000B)
    .ARM.Collect$$$$0000000D                 0x08000198   Section        0  entry10a.o(.ARM.Collect$$$$0000000D)
    .ARM.Collect$$$$0000000F                 0x08000198   Section        0  entry11a.o(.ARM.Collect$$$$0000000F)
    .ARM.Collect$$$$00002712                 0x08000198   Section        4  entry2.o(.ARM.Collect$$$$00002712)
    __lit__00000000                          0x08000198   Data           4  entry2.o(.ARM.Collect$$$$00002712)
    .text                                    0x0800019c   Section        0  main.o(.text)
    .text                                    0x080002bc   Section        0  stm32f4xx_it.o(.text)
    .text                                    0x080002d4   Section        0  delay.o(.text)
    .text                                    0x0800030c   Section        0  led.o(.text)
    .text                                    0x0800034c   Section        0  ili9325.o(.text)
    .text                                    0x080013fc   Section        0  ov7725.o(.text)
    .text                                    0x0800173c   Section        0  sccb.o(.text)
    .text                                    0x08001a6c   Section        0  image.o(.text)
    .text                                    0x08001b3c   Section        0  can1.o(.text)
    .text                                    0x08001c04   Section        0  mydataprocess.o(.text)
    .text                                    0x08001d28   Section        0  misc.o(.text)
    .text                                    0x08001e0c   Section        0  stm32f4xx_gpio.o(.text)
    .text                                    0x08002068   Section        0  stm32f4xx_rcc.o(.text)
    .text                                    0x080025f0   Section        0  stm32f4xx_can.o(.text)
    CheckITStatus                            0x08002df3   Thumb Code    16  stm32f4xx_can.o(.text)
    .text                                    0x08002fdc   Section        0  stm32f4xx_dcmi.o(.text)
    .text                                    0x08003168   Section        0  stm32f4xx_dma.o(.text)
    .text                                    0x0800350c   Section        0  stm32f4xx_fsmc.o(.text)
    .text                                    0x08003b28   Section        0  system_stm32f4xx.o(.text)
    SetSysClock                              0x08003b29   Thumb Code   218  system_stm32f4xx.o(.text)
    .text                                    0x08003d34   Section       36  startup_stm32f4xx.o(.text)
    $v0                                      0x08003d34   Number         0  startup_stm32f4xx.o(.text)
    .text                                    0x08003d58   Section       36  init.o(.text)
    i.__scatterload_copy                     0x08003d7c   Section       14  handlers.o(i.__scatterload_copy)
    i.__scatterload_null                     0x08003d8a   Section        2  handlers.o(i.__scatterload_null)
    i.__scatterload_zeroinit                 0x08003d8c   Section       14  handlers.o(i.__scatterload_zeroinit)
    .constdata                               0x08003d9a   Section     6096  ili9325.o(.constdata)
    .constdata                               0x0800556a   Section      296  ov7725.o(.constdata)
    OV7725RGB_reg                            0x0800556a   Data         148  ov7725.o(.constdata)
    OV7725YUV_reg                            0x080055fe   Data         148  ov7725.o(.constdata)
    .data                                    0x20000000   Section        1  main.o(.data)
    .data                                    0x20000002   Section        2  ili9325.o(.data)
    .data                                    0x20000004   Section        4  ov7725.o(.data)
    .data                                    0x20000008   Section       20  pid.o(.data)
    .data                                    0x2000001c   Section       16  stm32f4xx_rcc.o(.data)
    APBAHBPrescTable                         0x2000001c   Data          16  stm32f4xx_rcc.o(.data)
    .data                                    0x2000002c   Section       20  system_stm32f4xx.o(.data)
    .bss                                     0x20000040   Section    128000  ov7725.o(.bss)
    STACK                                    0x2001f440   Section     1024  startup_stm32f4xx.o(STACK)

    Global Symbols

    Symbol Name                              Value     Ov Type        Size  Object(Section)

    BuildAttributes$$THM_ISAv4$E$P$D$K$B$S$7EM$VFPi3$EXTD16$VFPS$VFMA$PE$A:L22UL41UL21$X:L11$S22US41US21$IEEE1$IW$USESV6$~STKCKD$USESV7$~SHL$OSPACE$EBA8$MICROLIB$REQ8$PRES8$EABIv2 0x00000000   Number         0  anon$$obj.o ABSOLUTE
    __ARM_use_no_argv                        0x00000000   Number         0  main.o ABSOLUTE
    __cpp_initialize__aeabi_                  - Undefined Weak Reference
    __cxa_finalize                            - Undefined Weak Reference
    __decompress                              - Undefined Weak Reference
    _clock_init                               - Undefined Weak Reference
    _microlib_exit                            - Undefined Weak Reference
    __Vectors_Size                           0x00000188   Number         0  startup_stm32f4xx.o ABSOLUTE
    __Vectors                                0x08000000   Data           4  startup_stm32f4xx.o(RESET)
    __Vectors_End                            0x08000188   Data           0  startup_stm32f4xx.o(RESET)
    __main                                   0x08000189   Thumb Code     0  entry.o(.ARM.Collect$$$$00000000)
    _main_stk                                0x08000189   Thumb Code     0  entry2.o(.ARM.Collect$$$$00000001)
    _main_scatterload                        0x0800018d   Thumb Code     0  entry5.o(.ARM.Collect$$$$00000004)
    __main_after_scatterload                 0x08000191   Thumb Code     0  entry5.o(.ARM.Collect$$$$00000004)
    _main_clock                              0x08000191   Thumb Code     0  entry7b.o(.ARM.Collect$$$$00000008)
    _main_cpp_init                           0x08000191   Thumb Code     0  entry8b.o(.ARM.Collect$$$$0000000A)
    _main_init                               0x08000191   Thumb Code     0  entry9a.o(.ARM.Collect$$$$0000000B)
    __rt_final_cpp                           0x08000199   Thumb Code     0  entry10a.o(.ARM.Collect$$$$0000000D)
    __rt_final_exit                          0x08000199   Thumb Code     0  entry11a.o(.ARM.Collect$$$$0000000F)
    Picture_Display                          0x0800019d   Thumb Code    84  main.o(.text)
    main                                     0x080001f1   Thumb Code   116  main.o(.text)
    DMA2_Stream1_IRQHandler                  0x08000265   Thumb Code    52  main.o(.text)
    NMI_Handler                              0x080002bd   Thumb Code     2  stm32f4xx_it.o(.text)
    HardFault_Handler                        0x080002bf   Thumb Code     4  stm32f4xx_it.o(.text)
    MemManage_Handler                        0x080002c3   Thumb Code     4  stm32f4xx_it.o(.text)
    BusFault_Handler                         0x080002c7   Thumb Code     4  stm32f4xx_it.o(.text)
    UsageFault_Handler                       0x080002cb   Thumb Code     4  stm32f4xx_it.o(.text)
    SVC_Handler                              0x080002cf   Thumb Code     2  stm32f4xx_it.o(.text)
    DebugMon_Handler                         0x080002d1   Thumb Code     2  stm32f4xx_it.o(.text)
    PendSV_Handler                           0x080002d3   Thumb Code     2  stm32f4xx_it.o(.text)
    delay_ms                                 0x080002d5   Thumb Code    28  delay.o(.text)
    delay_us                                 0x080002f1   Thumb Code    26  delay.o(.text)
    Led_Config                               0x0800030d   Thumb Code    58  led.o(.text)
    LCD_CtrlLinesConfig                      0x0800034d   Thumb Code   338  ili9325.o(.text)
    LCD_FSMCConfig                           0x0800049f   Thumb Code    88  ili9325.o(.text)
    LCD_X_Init                               0x080004f7   Thumb Code    12  ili9325.o(.text)
    LCD_WriteReg                             0x08000503   Thumb Code    10  ili9325.o(.text)
    LCD_ReadReg                              0x0800050d   Thumb Code    10  ili9325.o(.text)
    LCD_ReadSta                              0x08000517   Thumb Code     6  ili9325.o(.text)
    LCD_WriteCommand                         0x0800051d   Thumb Code     6  ili9325.o(.text)
    LCD_WriteRAM_Prepare                     0x08000523   Thumb Code     8  ili9325.o(.text)
    LCD_WriteRAM                             0x0800052b   Thumb Code     8  ili9325.o(.text)
    LCD_ReadRAM                              0x08000533   Thumb Code    20  ili9325.o(.text)
    LCD_SetCursor                            0x08000547   Thumb Code    40  ili9325.o(.text)
    Delay_nms                                0x0800056f   Thumb Code    24  ili9325.o(.text)
    ili9320_SetCursor                        0x08000587   Thumb Code    96  ili9325.o(.text)
    ili9320_SetWindows                       0x080005e7   Thumb Code    52  ili9325.o(.text)
    ili9320_Clear                            0x0800061b   Thumb Code    38  ili9325.o(.text)
    ili9320_Delay                            0x08000641   Thumb Code    10  ili9325.o(.text)
    ili9320_Initializtion                    0x0800064b   Thumb Code  3010  ili9325.o(.text)
    ili9320_BGR2RGB                          0x0800120d   Thumb Code    26  ili9325.o(.text)
    ili9320_GetPoint                         0x08001227   Thumb Code    26  ili9325.o(.text)
    ili9320_SetPoint                         0x08001241   Thumb Code    42  ili9325.o(.text)
    ili9320_DrawPicture                      0x0800126b   Thumb Code   184  ili9325.o(.text)
    ili9320_PutChar                          0x08001323   Thumb Code   182  ili9325.o(.text)
    ili9320_BackLight                        0x080013d9   Thumb Code    28  ili9325.o(.text)
    OV_GPIO_Init                             0x080013fd   Thumb Code   322  ov7725.o(.text)
    OV_DCMI_Init                             0x0800153f   Thumb Code    54  ov7725.o(.text)
    OV_DCMI_DMA_Init                         0x08001575   Thumb Code   128  ov7725.o(.text)
    OV_Window_Set                            0x080015f5   Thumb Code    94  ov7725.o(.text)
    OV_QVGAConfig                            0x08001653   Thumb Code    46  ov7725.o(.text)
    OV_Start                                 0x08001681   Thumb Code    24  ov7725.o(.text)
    OV_Stop                                  0x08001699   Thumb Code    24  ov7725.o(.text)
    OV_Init                                  0x080016b1   Thumb Code   104  ov7725.o(.text)
    SCCB_GPIO_Config                         0x0800173d   Thumb Code    48  sccb.o(.text)
    I2C_delay                                0x0800176d   Thumb Code    14  sccb.o(.text)
    I2C_Stop                                 0x0800177b   Thumb Code    60  sccb.o(.text)
    I2C_Start                                0x080017b7   Thumb Code    92  sccb.o(.text)
    I2C_Ack                                  0x08001813   Thumb Code    60  sccb.o(.text)
    I2C_NoAck                                0x0800184f   Thumb Code    60  sccb.o(.text)
    I2C_WaitAck                              0x0800188b   Thumb Code    92  sccb.o(.text)
    I2C_SendByte                             0x080018e7   Thumb Code    94  sccb.o(.text)
    I2C_ReadByte                             0x08001945   Thumb Code    88  sccb.o(.text)
    WR_SENSOR_Reg                            0x0800199d   Thumb Code    86  sccb.o(.text)
    RD_SENSOR_Reg                            0x080019f3   Thumb Code   118  sccb.o(.text)
    Fabs                                     0x08001a6d   Thumb Code    18  image.o(.text)
    Transfer1Gray                            0x08001a7f   Thumb Code    60  image.o(.text)
    Twovalue_Processing                      0x08001abb   Thumb Code   128  image.o(.text)
    Can1_Configuration                       0x08001b3d   Thumb Code   138  can1.o(.text)
    SendPulse                                0x08001bc7   Thumb Code    52  can1.o(.text)
    EncodeS32Data                            0x08001c05   Thumb Code    40  mydataprocess.o(.text)
    DecodeS32Data                            0x08001c2d   Thumb Code    36  mydataprocess.o(.text)
    EncodeFloatData                          0x08001c51   Thumb Code    44  mydataprocess.o(.text)
    DecodeFloatData                          0x08001c7d   Thumb Code    40  mydataprocess.o(.text)
    EncodeS16Data                            0x08001ca5   Thumb Code    12  mydataprocess.o(.text)
    DecodeS16Data                            0x08001cb1   Thumb Code    14  mydataprocess.o(.text)
    EncodeU16Data                            0x08001cbf   Thumb Code    12  mydataprocess.o(.text)
    DecodeU16Data                            0x08001ccb   Thumb Code    12  mydataprocess.o(.text)
    EncodeU12Data                            0x08001cd7   Thumb Code    22  mydataprocess.o(.text)
    DecodeU12Data                            0x08001ced   Thumb Code    16  mydataprocess.o(.text)
    EncodeU16to5Dec                          0x08001cfd   Thumb Code    42  mydataprocess.o(.text)
    NVIC_PriorityGroupConfig                 0x08001d29   Thumb Code    10  misc.o(.text)
    NVIC_Init                                0x08001d33   Thumb Code   108  misc.o(.text)
    NVIC_SetVectorTable                      0x08001d9f   Thumb Code    14  misc.o(.text)
    NVIC_SystemLPConfig                      0x08001dad   Thumb Code    34  misc.o(.text)
    SysTick_CLKSourceConfig                  0x08001dcf   Thumb Code    40  misc.o(.text)
    GPIO_DeInit                              0x08001e0d   Thumb Code   220  stm32f4xx_gpio.o(.text)
    GPIO_Init                                0x08001ee9   Thumb Code   144  stm32f4xx_gpio.o(.text)
    GPIO_StructInit                          0x08001f79   Thumb Code    18  stm32f4xx_gpio.o(.text)
    GPIO_PinLockConfig                       0x08001f8b   Thumb Code    34  stm32f4xx_gpio.o(.text)
    GPIO_ReadInputDataBit                    0x08001fad   Thumb Code    18  stm32f4xx_gpio.o(.text)
    GPIO_ReadInputData                       0x08001fbf   Thumb Code     8  stm32f4xx_gpio.o(.text)
    GPIO_ReadOutputDataBit                   0x08001fc7   Thumb Code    18  stm32f4xx_gpio.o(.text)
    GPIO_ReadOutputData                      0x08001fd9   Thumb Code     8  stm32f4xx_gpio.o(.text)
    GPIO_SetBits                             0x08001fe1   Thumb Code     4  stm32f4xx_gpio.o(.text)
    GPIO_ResetBits                           0x08001fe5   Thumb Code     4  stm32f4xx_gpio.o(.text)
    GPIO_WriteBit                            0x08001fe9   Thumb Code    10  stm32f4xx_gpio.o(.text)
    GPIO_Write                               0x08001ff3   Thumb Code     4  stm32f4xx_gpio.o(.text)
    GPIO_ToggleBits                          0x08001ff7   Thumb Code     8  stm32f4xx_gpio.o(.text)
    GPIO_PinAFConfig                         0x08001fff   Thumb Code    70  stm32f4xx_gpio.o(.text)
    RCC_DeInit                               0x08002069   Thumb Code    60  stm32f4xx_rcc.o(.text)
    RCC_HSEConfig                            0x080020a5   Thumb Code    14  stm32f4xx_rcc.o(.text)
    RCC_GetFlagStatus                        0x080020b3   Thumb Code    60  stm32f4xx_rcc.o(.text)
    RCC_WaitForHSEStartUp                    0x080020ef   Thumb Code    56  stm32f4xx_rcc.o(.text)
    RCC_AdjustHSICalibrationValue            0x08002127   Thumb Code    20  stm32f4xx_rcc.o(.text)
    RCC_HSICmd                               0x0800213b   Thumb Code     6  stm32f4xx_rcc.o(.text)
    RCC_LSEConfig                            0x08002141   Thumb Code    46  stm32f4xx_rcc.o(.text)
    RCC_LSICmd                               0x0800216f   Thumb Code     6  stm32f4xx_rcc.o(.text)
    RCC_PLLConfig                            0x08002175   Thumb Code    32  stm32f4xx_rcc.o(.text)
    RCC_PLLCmd                               0x08002195   Thumb Code     6  stm32f4xx_rcc.o(.text)
    RCC_PLLI2SConfig                         0x0800219b   Thumb Code    14  stm32f4xx_rcc.o(.text)
    RCC_PLLI2SCmd                            0x080021a9   Thumb Code     6  stm32f4xx_rcc.o(.text)
    RCC_ClockSecuritySystemCmd               0x080021af   Thumb Code     6  stm32f4xx_rcc.o(.text)
    RCC_MCO1Config                           0x080021b5   Thumb Code    28  stm32f4xx_rcc.o(.text)
    RCC_MCO2Config                           0x080021d1   Thumb Code    28  stm32f4xx_rcc.o(.text)
    RCC_SYSCLKConfig                         0x080021ed   Thumb Code    20  stm32f4xx_rcc.o(.text)
    RCC_GetSYSCLKSource                      0x08002201   Thumb Code    12  stm32f4xx_rcc.o(.text)
    RCC_HCLKConfig                           0x0800220d   Thumb Code    20  stm32f4xx_rcc.o(.text)
    RCC_PCLK1Config                          0x08002221   Thumb Code    20  stm32f4xx_rcc.o(.text)
    RCC_PCLK2Config                          0x08002235   Thumb Code    22  stm32f4xx_rcc.o(.text)
    RCC_GetClocksFreq                        0x0800224b   Thumb Code   222  stm32f4xx_rcc.o(.text)
    RCC_RTCCLKConfig                         0x08002329   Thumb Code    54  stm32f4xx_rcc.o(.text)
    RCC_RTCCLKCmd                            0x0800235f   Thumb Code     8  stm32f4xx_rcc.o(.text)
    RCC_BackupResetCmd                       0x08002367   Thumb Code     8  stm32f4xx_rcc.o(.text)
    RCC_I2SCLKConfig                         0x0800236f   Thumb Code     6  stm32f4xx_rcc.o(.text)
    RCC_AHB1PeriphClockCmd                   0x08002375   Thumb Code    34  stm32f4xx_rcc.o(.text)
    RCC_AHB2PeriphClockCmd                   0x08002397   Thumb Code    34  stm32f4xx_rcc.o(.text)
    RCC_AHB3PeriphClockCmd                   0x080023b9   Thumb Code    34  stm32f4xx_rcc.o(.text)
    RCC_APB1PeriphClockCmd                   0x080023db   Thumb Code    34  stm32f4xx_rcc.o(.text)
    RCC_APB2PeriphClockCmd                   0x080023fd   Thumb Code    34  stm32f4xx_rcc.o(.text)
    RCC_AHB1PeriphResetCmd                   0x0800241f   Thumb Code    34  stm32f4xx_rcc.o(.text)
    RCC_AHB2PeriphResetCmd                   0x08002441   Thumb Code    72  stm32f4xx_rcc.o(.text)
    RCC_AHB3PeriphResetCmd                   0x08002489   Thumb Code    34  stm32f4xx_rcc.o(.text)
    RCC_APB1PeriphResetCmd                   0x080024ab   Thumb Code    34  stm32f4xx_rcc.o(.text)
    RCC_APB2PeriphResetCmd                   0x080024cd   Thumb Code    34  stm32f4xx_rcc.o(.text)
    RCC_AHB1PeriphClockLPModeCmd             0x080024ef   Thumb Code    34  stm32f4xx_rcc.o(.text)
    RCC_AHB2PeriphClockLPModeCmd             0x08002511   Thumb Code    34  stm32f4xx_rcc.o(.text)
    RCC_AHB3PeriphClockLPModeCmd             0x08002533   Thumb Code    34  stm32f4xx_rcc.o(.text)
    RCC_APB1PeriphClockLPModeCmd             0x08002555   Thumb Code    34  stm32f4xx_rcc.o(.text)
    RCC_APB2PeriphClockLPModeCmd             0x08002577   Thumb Code    34  stm32f4xx_rcc.o(.text)
    RCC_ITConfig                             0x08002599   Thumb Code    34  stm32f4xx_rcc.o(.text)
    RCC_ClearFlag                            0x080025bb   Thumb Code    18  stm32f4xx_rcc.o(.text)
    RCC_GetITStatus                          0x080025cd   Thumb Code    22  stm32f4xx_rcc.o(.text)
    RCC_ClearITPendingBit                    0x080025e3   Thumb Code     8  stm32f4xx_rcc.o(.text)
    CAN_DeInit                               0x080025f1   Thumb Code    50  stm32f4xx_can.o(.text)
    CAN_Init                                 0x08002623   Thumb Code   276  stm32f4xx_can.o(.text)
    CAN_FilterInit                           0x08002737   Thumb Code   258  stm32f4xx_can.o(.text)
    CAN_StructInit                           0x08002839   Thumb Code    32  stm32f4xx_can.o(.text)
    CAN_SlaveStartBank                       0x08002859   Thumb Code    48  stm32f4xx_can.o(.text)
    CAN_DBGFreeze                            0x08002889   Thumb Code    22  stm32f4xx_can.o(.text)
    CAN_TTComModeCmd                         0x0800289f   Thumb Code   118  stm32f4xx_can.o(.text)
    CAN_Transmit                             0x08002915   Thumb Code   304  stm32f4xx_can.o(.text)
    CAN_TransmitStatus                       0x08002a45   Thumb Code   138  stm32f4xx_can.o(.text)
    CAN_CancelTransmit                       0x08002acf   Thumb Code    48  stm32f4xx_can.o(.text)
    CAN_Receive                              0x08002aff   Thumb Code   240  stm32f4xx_can.o(.text)
    CAN_FIFORelease                          0x08002bef   Thumb Code    22  stm32f4xx_can.o(.text)
    CAN_MessagePending                       0x08002c05   Thumb Code    30  stm32f4xx_can.o(.text)
    CAN_OperatingModeRequest                 0x08002c23   Thumb Code   162  stm32f4xx_can.o(.text)
    CAN_Sleep                                0x08002cc5   Thumb Code    30  stm32f4xx_can.o(.text)
    CAN_WakeUp                               0x08002ce3   Thumb Code    48  stm32f4xx_can.o(.text)
    CAN_GetLastErrorCode                     0x08002d13   Thumb Code    12  stm32f4xx_can.o(.text)
    CAN_GetReceiveErrorCounter               0x08002d1f   Thumb Code    10  stm32f4xx_can.o(.text)
    CAN_GetLSBTransmitErrorCounter           0x08002d29   Thumb Code    12  stm32f4xx_can.o(.text)
    CAN_ITConfig                             0x08002d35   Thumb Code    18  stm32f4xx_can.o(.text)
    CAN_GetFlagStatus                        0x08002d47   Thumb Code   120  stm32f4xx_can.o(.text)
    CAN_ClearFlag                            0x08002dbf   Thumb Code    52  stm32f4xx_can.o(.text)
    CAN_GetITStatus                          0x08002e03   Thumb Code   308  stm32f4xx_can.o(.text)
    CAN_ClearITPendingBit                    0x08002f37   Thumb Code   162  stm32f4xx_can.o(.text)
    DCMI_DeInit                              0x08002fdd   Thumb Code    24  stm32f4xx_dcmi.o(.text)
    DCMI_Init                                0x08002ff5   Thumb Code    60  stm32f4xx_dcmi.o(.text)
    DCMI_StructInit                          0x08003031   Thumb Code    18  stm32f4xx_dcmi.o(.text)
    DCMI_CROPConfig                          0x08003043   Thumb Code    26  stm32f4xx_dcmi.o(.text)
    DCMI_CROPCmd                             0x0800305d   Thumb Code    30  stm32f4xx_dcmi.o(.text)
    DCMI_SetEmbeddedSynchroCodes             0x0800307b   Thumb Code    26  stm32f4xx_dcmi.o(.text)
    DCMI_JPEGCmd                             0x08003095   Thumb Code    30  stm32f4xx_dcmi.o(.text)
    DCMI_Cmd                                 0x080030b3   Thumb Code    30  stm32f4xx_dcmi.o(.text)
    DCMI_CaptureCmd                          0x080030d1   Thumb Code    30  stm32f4xx_dcmi.o(.text)
    DCMI_ReadData                            0x080030ef   Thumb Code     6  stm32f4xx_dcmi.o(.text)
    DCMI_ITConfig                            0x080030f5   Thumb Code    30  stm32f4xx_dcmi.o(.text)
    DCMI_GetFlagStatus                       0x08003113   Thumb Code    44  stm32f4xx_dcmi.o(.text)
    DCMI_ClearFlag                           0x0800313f   Thumb Code     6  stm32f4xx_dcmi.o(.text)
    DCMI_GetITStatus                         0x08003145   Thumb Code    24  stm32f4xx_dcmi.o(.text)
    DCMI_ClearITPendingBit                   0x0800315d   Thumb Code     6  stm32f4xx_dcmi.o(.text)
    DMA_DeInit                               0x08003169   Thumb Code   324  stm32f4xx_dma.o(.text)
    DMA_Init                                 0x080032ad   Thumb Code    82  stm32f4xx_dma.o(.text)
    DMA_StructInit                           0x080032ff   Thumb Code    34  stm32f4xx_dma.o(.text)
    DMA_Cmd                                  0x08003321   Thumb Code    22  stm32f4xx_dma.o(.text)
    DMA_PeriphIncOffsetSizeConfig            0x08003337   Thumb Code    22  stm32f4xx_dma.o(.text)
    DMA_FlowControllerConfig                 0x0800334d   Thumb Code    22  stm32f4xx_dma.o(.text)
    DMA_SetCurrDataCounter                   0x08003363   Thumb Code     4  stm32f4xx_dma.o(.text)
    DMA_GetCurrDataCounter                   0x08003367   Thumb Code     8  stm32f4xx_dma.o(.text)
    DMA_DoubleBufferModeConfig               0x0800336f   Thumb Code    24  stm32f4xx_dma.o(.text)
    DMA_DoubleBufferModeCmd                  0x08003387   Thumb Code    22  stm32f4xx_dma.o(.text)
    DMA_MemoryTargetConfig                   0x0800339d   Thumb Code    10  stm32f4xx_dma.o(.text)
    DMA_GetCurrentMemoryTarget               0x080033a7   Thumb Code    20  stm32f4xx_dma.o(.text)
    DMA_GetCmdStatus                         0x080033bb   Thumb Code    20  stm32f4xx_dma.o(.text)
    DMA_GetFIFOStatus                        0x080033cf   Thumb Code    12  stm32f4xx_dma.o(.text)
    DMA_GetFlagStatus                        0x080033db   Thumb Code    54  stm32f4xx_dma.o(.text)
    DMA_ClearFlag                            0x08003411   Thumb Code    40  stm32f4xx_dma.o(.text)
    DMA_ITConfig                             0x08003439   Thumb Code    58  stm32f4xx_dma.o(.text)
    DMA_GetITStatus                          0x08003473   Thumb Code    82  stm32f4xx_dma.o(.text)
    DMA_ClearITPendingBit                    0x080034c5   Thumb Code    40  stm32f4xx_dma.o(.text)
    FSMC_NORSRAMDeInit                       0x0800350d   Thumb Code    56  stm32f4xx_fsmc.o(.text)
    FSMC_NORSRAMInit                         0x08003545   Thumb Code   224  stm32f4xx_fsmc.o(.text)
    FSMC_NORSRAMStructInit                   0x08003625   Thumb Code   114  stm32f4xx_fsmc.o(.text)
    FSMC_NORSRAMCmd                          0x08003697   Thumb Code    46  stm32f4xx_fsmc.o(.text)
    FSMC_NANDDeInit                          0x080036c5   Thumb Code    62  stm32f4xx_fsmc.o(.text)
    FSMC_NANDInit                            0x08003703   Thumb Code   130  stm32f4xx_fsmc.o(.text)
    FSMC_NANDStructInit                      0x08003785   Thumb Code    54  stm32f4xx_fsmc.o(.text)
    FSMC_NANDCmd                             0x080037bb   Thumb Code    86  stm32f4xx_fsmc.o(.text)
    FSMC_NANDECCCmd                          0x08003811   Thumb Code    86  stm32f4xx_fsmc.o(.text)
    FSMC_GetECC                              0x08003867   Thumb Code    22  stm32f4xx_fsmc.o(.text)
    FSMC_PCCARDDeInit                        0x0800387d   Thumb Code    40  stm32f4xx_fsmc.o(.text)
    FSMC_PCCARDInit                          0x080038a5   Thumb Code   124  stm32f4xx_fsmc.o(.text)
    FSMC_PCCARDStructInit                    0x08003921   Thumb Code    60  stm32f4xx_fsmc.o(.text)
    FSMC_PCCARDCmd                           0x0800395d   Thumb Code    40  stm32f4xx_fsmc.o(.text)
    FSMC_ITConfig                            0x08003985   Thumb Code   128  stm32f4xx_fsmc.o(.text)
    FSMC_GetFlagStatus                       0x08003a05   Thumb Code    48  stm32f4xx_fsmc.o(.text)
    FSMC_ClearFlag                           0x08003a35   Thumb Code    62  stm32f4xx_fsmc.o(.text)
    FSMC_GetITStatus                         0x08003a73   Thumb Code   110  stm32f4xx_fsmc.o(.text)
    FSMC_ClearITPendingBit                   0x08003ae1   Thumb Code    64  stm32f4xx_fsmc.o(.text)
    SystemInit                               0x08003c03   Thumb Code    88  system_stm32f4xx.o(.text)
    SystemCoreClockUpdate                    0x08003c5b   Thumb Code   174  system_stm32f4xx.o(.text)
    Reset_Handler                            0x08003d35   Thumb Code     8  startup_stm32f4xx.o(.text)
    SysTick_Handler                          0x08003d4d   Thumb Code     2  startup_stm32f4xx.o(.text)
    ADC_IRQHandler                           0x08003d4f   Thumb Code     0  startup_stm32f4xx.o(.text)
    CAN1_RX0_IRQHandler                      0x08003d4f   Thumb Code     0  startup_stm32f4xx.o(.text)
    CAN1_RX1_IRQHandler                      0x08003d4f   Thumb Code     0  startup_stm32f4xx.o(.text)
    CAN1_SCE_IRQHandler                      0x08003d4f   Thumb Code     0  startup_stm32f4xx.o(.text)
    CAN1_TX_IRQHandler                       0x08003d4f   Thumb Code     0  startup_stm32f4xx.o(.text)
    CAN2_RX0_IRQHandler                      0x08003d4f   Thumb Code     0  startup_stm32f4xx.o(.text)
    CAN2_RX1_IRQHandler                      0x08003d4f   Thumb Code     0  startup_stm32f4xx.o(.text)
    CAN2_SCE_IRQHandler                      0x08003d4f   Thumb Code     0  startup_stm32f4xx.o(.text)
    CAN2_TX_IRQHandler                       0x08003d4f   Thumb Code     0  startup_stm32f4xx.o(.text)
    CRYP_IRQHandler                          0x08003d4f   Thumb Code     0  startup_stm32f4xx.o(.text)
    DCMI_IRQHandler                          0x08003d4f   Thumb Code     0  startup_stm32f4xx.o(.text)
    DMA1_Stream0_IRQHandler                  0x08003d4f   Thumb Code     0  startup_stm32f4xx.o(.text)
    DMA1_Stream1_IRQHandler                  0x08003d4f   Thumb Code     0  startup_stm32f4xx.o(.text)
    DMA1_Stream2_IRQHandler                  0x08003d4f   Thumb Code     0  startup_stm32f4xx.o(.text)
    DMA1_Stream3_IRQHandler                  0x08003d4f   Thumb Code     0  startup_stm32f4xx.o(.text)
    DMA1_Stream4_IRQHandler                  0x08003d4f   Thumb Code     0  startup_stm32f4xx.o(.text)
    DMA1_Stream5_IRQHandler                  0x08003d4f   Thumb Code     0  startup_stm32f4xx.o(.text)
    DMA1_Stream6_IRQHandler                  0x08003d4f   Thumb Code     0  startup_stm32f4xx.o(.text)
    DMA1_Stream7_IRQHandler                  0x08003d4f   Thumb Code     0  startup_stm32f4xx.o(.text)
    DMA2_Stream0_IRQHandler                  0x08003d4f   Thumb Code     0  startup_stm32f4xx.o(.text)
    DMA2_Stream2_IRQHandler                  0x08003d4f   Thumb Code     0  startup_stm32f4xx.o(.text)
    DMA2_Stream3_IRQHandler                  0x08003d4f   Thumb Code     0  startup_stm32f4xx.o(.text)
    DMA2_Stream4_IRQHandler                  0x08003d4f   Thumb Code     0  startup_stm32f4xx.o(.text)
    DMA2_Stream5_IRQHandler                  0x08003d4f   Thumb Code     0  startup_stm32f4xx.o(.text)
    DMA2_Stream6_IRQHandler                  0x08003d4f   Thumb Code     0  startup_stm32f4xx.o(.text)
    DMA2_Stream7_IRQHandler                  0x08003d4f   Thumb Code     0  startup_stm32f4xx.o(.text)
    ETH_IRQHandler                           0x08003d4f   Thumb Code     0  startup_stm32f4xx.o(.text)
    ETH_WKUP_IRQHandler                      0x08003d4f   Thumb Code     0  startup_stm32f4xx.o(.text)
    EXTI0_IRQHandler                         0x08003d4f   Thumb Code     0  startup_stm32f4xx.o(.text)
    EXTI15_10_IRQHandler                     0x08003d4f   Thumb Code     0  startup_stm32f4xx.o(.text)
    EXTI1_IRQHandler                         0x08003d4f   Thumb Code     0  startup_stm32f4xx.o(.text)
    EXTI2_IRQHandler                         0x08003d4f   Thumb Code     0  startup_stm32f4xx.o(.text)
    EXTI3_IRQHandler                         0x08003d4f   Thumb Code     0  startup_stm32f4xx.o(.text)
    EXTI4_IRQHandler                         0x08003d4f   Thumb Code     0  startup_stm32f4xx.o(.text)
    EXTI9_5_IRQHandler                       0x08003d4f   Thumb Code     0  startup_stm32f4xx.o(.text)
    FLASH_IRQHandler                         0x08003d4f   Thumb Code     0  startup_stm32f4xx.o(.text)
    FPU_IRQHandler                           0x08003d4f   Thumb Code     0  startup_stm32f4xx.o(.text)
    FSMC_IRQHandler                          0x08003d4f   Thumb Code     0  startup_stm32f4xx.o(.text)
    HASH_RNG_IRQHandler                      0x08003d4f   Thumb Code     0  startup_stm32f4xx.o(.text)
    I2C1_ER_IRQHandler                       0x08003d4f   Thumb Code     0  startup_stm32f4xx.o(.text)
    I2C1_EV_IRQHandler                       0x08003d4f   Thumb Code     0  startup_stm32f4xx.o(.text)
    I2C2_ER_IRQHandler                       0x08003d4f   Thumb Code     0  startup_stm32f4xx.o(.text)
    I2C2_EV_IRQHandler                       0x08003d4f   Thumb Code     0  startup_stm32f4xx.o(.text)
    I2C3_ER_IRQHandler                       0x08003d4f   Thumb Code     0  startup_stm32f4xx.o(.text)
    I2C3_EV_IRQHandler                       0x08003d4f   Thumb Code     0  startup_stm32f4xx.o(.text)
    OTG_FS_IRQHandler                        0x08003d4f   Thumb Code     0  startup_stm32f4xx.o(.text)
    OTG_FS_WKUP_IRQHandler                   0x08003d4f   Thumb Code     0  startup_stm32f4xx.o(.text)
    OTG_HS_EP1_IN_IRQHandler                 0x08003d4f   Thumb Code     0  startup_stm32f4xx.o(.text)
    OTG_HS_EP1_OUT_IRQHandler                0x08003d4f   Thumb Code     0  startup_stm32f4xx.o(.text)
    OTG_HS_IRQHandler                        0x08003d4f   Thumb Code     0  startup_stm32f4xx.o(.text)
    OTG_HS_WKUP_IRQHandler                   0x08003d4f   Thumb Code     0  startup_stm32f4xx.o(.text)
    PVD_IRQHandler                           0x08003d4f   Thumb Code     0  startup_stm32f4xx.o(.text)
    RCC_IRQHandler                           0x08003d4f   Thumb Code     0  startup_stm32f4xx.o(.text)
    RTC_Alarm_IRQHandler                     0x08003d4f   Thumb Code     0  startup_stm32f4xx.o(.text)
    RTC_WKUP_IRQHandler                      0x08003d4f   Thumb Code     0  startup_stm32f4xx.o(.text)
    SDIO_IRQHandler                          0x08003d4f   Thumb Code     0  startup_stm32f4xx.o(.text)
    SPI1_IRQHandler                          0x08003d4f   Thumb Code     0  startup_stm32f4xx.o(.text)
    SPI2_IRQHandler                          0x08003d4f   Thumb Code     0  startup_stm32f4xx.o(.text)
    SPI3_IRQHandler                          0x08003d4f   Thumb Code     0  startup_stm32f4xx.o(.text)
    TAMP_STAMP_IRQHandler                    0x08003d4f   Thumb Code     0  startup_stm32f4xx.o(.text)
    TIM1_BRK_TIM9_IRQHandler                 0x08003d4f   Thumb Code     0  startup_stm32f4xx.o(.text)
    TIM1_CC_IRQHandler                       0x08003d4f   Thumb Code     0  startup_stm32f4xx.o(.text)
    TIM1_TRG_COM_TIM11_IRQHandler            0x08003d4f   Thumb Code     0  startup_stm32f4xx.o(.text)
    TIM1_UP_TIM10_IRQHandler                 0x08003d4f   Thumb Code     0  startup_stm32f4xx.o(.text)
    TIM2_IRQHandler                          0x08003d4f   Thumb Code     0  startup_stm32f4xx.o(.text)
    TIM3_IRQHandler                          0x08003d4f   Thumb Code     0  startup_stm32f4xx.o(.text)
    TIM4_IRQHandler                          0x08003d4f   Thumb Code     0  startup_stm32f4xx.o(.text)
    TIM5_IRQHandler                          0x08003d4f   Thumb Code     0  startup_stm32f4xx.o(.text)
    TIM6_DAC_IRQHandler                      0x08003d4f   Thumb Code     0  startup_stm32f4xx.o(.text)
    TIM7_IRQHandler                          0x08003d4f   Thumb Code     0  startup_stm32f4xx.o(.text)
    TIM8_BRK_TIM12_IRQHandler                0x08003d4f   Thumb Code     0  startup_stm32f4xx.o(.text)
    TIM8_CC_IRQHandler                       0x08003d4f   Thumb Code     0  startup_stm32f4xx.o(.text)
    TIM8_TRG_COM_TIM14_IRQHandler            0x08003d4f   Thumb Code     0  startup_stm32f4xx.o(.text)
    TIM8_UP_TIM13_IRQHandler                 0x08003d4f   Thumb Code     0  startup_stm32f4xx.o(.text)
    UART4_IRQHandler                         0x08003d4f   Thumb Code     0  startup_stm32f4xx.o(.text)
    UART5_IRQHandler                         0x08003d4f   Thumb Code     0  startup_stm32f4xx.o(.text)
    USART1_IRQHandler                        0x08003d4f   Thumb Code     0  startup_stm32f4xx.o(.text)
    USART2_IRQHandler                        0x08003d4f   Thumb Code     0  startup_stm32f4xx.o(.text)
    USART3_IRQHandler                        0x08003d4f   Thumb Code     0  startup_stm32f4xx.o(.text)
    USART6_IRQHandler                        0x08003d4f   Thumb Code     0  startup_stm32f4xx.o(.text)
    WWDG_IRQHandler                          0x08003d4f   Thumb Code     0  startup_stm32f4xx.o(.text)
    __scatterload                            0x08003d59   Thumb Code    28  init.o(.text)
    __scatterload_rt2                        0x08003d59   Thumb Code     0  init.o(.text)
    __scatterload_copy                       0x08003d7d   Thumb Code    14  handlers.o(i.__scatterload_copy)
    __scatterload_null                       0x08003d8b   Thumb Code     2  handlers.o(i.__scatterload_null)
    __scatterload_zeroinit                   0x08003d8d   Thumb Code    14  handlers.o(i.__scatterload_zeroinit)
    ascii_8x16                               0x08003d9a   Data        1536  ili9325.o(.constdata)
    ASCII_Table_16x24                        0x0800439a   Data        4560  ili9325.o(.constdata)
    Region$$Table$$Base                      0x08005694   Number         0  anon$$obj.o(Region$$Table)
    Region$$Table$$Limit                     0x080056b4   Number         0  anon$$obj.o(Region$$Table)
    UpdataTFT_flag                           0x20000000   Data           1  main.o(.data)
    DeviceCode                               0x20000002   Data           2  ili9325.o(.data)
    Gray_Image_Buffer                        0x20000004   Data           4  ov7725.o(.data)
    p1                                       0x20000008   Data           4  pid.o(.data)
    p3                                       0x2000000c   Data           4  pid.o(.data)
    p2                                       0x20000010   Data           4  pid.o(.data)
    p4                                       0x20000014   Data           4  pid.o(.data)
    Pulse                                    0x20000018   Data           4  pid.o(.data)
    SystemCoreClock                          0x2000002c   Data           4  system_stm32f4xx.o(.data)
    AHBPrescTable                            0x20000030   Data          16  system_stm32f4xx.o(.data)
    Image                                    0x20000040   Data       128000  ov7725.o(.bss)
    __initial_sp                             0x2001f840   Data           0  startup_stm32f4xx.o(STACK)



==============================================================================

Memory Map of the image

  Image Entry point : 0x08000189

  Load Region LR_IROM1 (Base: 0x08000000, Size: 0x000056f4, Max: 0x00100000, ABSOLUTE)

    Execution Region ER_IROM1 (Base: 0x08000000, Size: 0x000056b4, Max: 0x00100000, ABSOLUTE)

    Base Addr    Size         Type   Attr      Idx    E Section Name        Object

    0x08000000   0x00000188   Data   RO          604    RESET               startup_stm32f4xx.o
    0x08000188   0x00000000   Code   RO          609  * .ARM.Collect$$$$00000000  mc_w.l(entry.o)
    0x08000188   0x00000004   Code   RO          612    .ARM.Collect$$$$00000001  mc_w.l(entry2.o)
    0x0800018c   0x00000004   Code   RO          615    .ARM.Collect$$$$00000004  mc_w.l(entry5.o)
    0x08000190   0x00000000   Code   RO          617    .ARM.Collect$$$$00000008  mc_w.l(entry7b.o)
    0x08000190   0x00000000   Code   RO          619    .ARM.Collect$$$$0000000A  mc_w.l(entry8b.o)
    0x08000190   0x00000008   Code   RO          620    .ARM.Collect$$$$0000000B  mc_w.l(entry9a.o)
    0x08000198   0x00000000   Code   RO          622    .ARM.Collect$$$$0000000D  mc_w.l(entry10a.o)
    0x08000198   0x00000000   Code   RO          624    .ARM.Collect$$$$0000000F  mc_w.l(entry11a.o)
    0x08000198   0x00000004   Code   RO          613    .ARM.Collect$$$$00002712  mc_w.l(entry2.o)
    0x0800019c   0x00000120   Code   RO            3    .text               main.o
    0x080002bc   0x00000018   Code   RO          133    .text               stm32f4xx_it.o
    0x080002d4   0x00000036   Code   RO          156    .text               delay.o
    0x0800030a   0x00000002   PAD
    0x0800030c   0x00000040   Code   RO          176    .text               led.o
    0x0800034c   0x000010b0   Code   RO          196    .text               ili9325.o
    0x080013fc   0x00000340   Code   RO          226    .text               ov7725.o
    0x0800173c   0x00000330   Code   RO          254    .text               sccb.o
    0x08001a6c   0x000000ce   Code   RO          274    .text               image.o
    0x08001b3a   0x00000002   PAD
    0x08001b3c   0x000000c8   Code   RO          316    .text               can1.o
    0x08001c04   0x00000122   Code   RO          336    .text               mydataprocess.o
    0x08001d26   0x00000002   PAD
    0x08001d28   0x000000e4   Code   RO          356    .text               misc.o
    0x08001e0c   0x0000025c   Code   RO          396    .text               stm32f4xx_gpio.o
    0x08002068   0x00000588   Code   RO          416    .text               stm32f4xx_rcc.o
    0x080025f0   0x000009ec   Code   RO          498    .text               stm32f4xx_can.o
    0x08002fdc   0x0000018c   Code   RO          518    .text               stm32f4xx_dcmi.o
    0x08003168   0x000003a4   Code   RO          538    .text               stm32f4xx_dma.o
    0x0800350c   0x0000061c   Code   RO          558    .text               stm32f4xx_fsmc.o
    0x08003b28   0x0000020c   Code   RO          578    .text               system_stm32f4xx.o
    0x08003d34   0x00000024   Code   RO          605    .text               startup_stm32f4xx.o
    0x08003d58   0x00000024   Code   RO          626    .text               mc_w.l(init.o)
    0x08003d7c   0x0000000e   Code   RO          630    i.__scatterload_copy  mc_w.l(handlers.o)
    0x08003d8a   0x00000002   Code   RO          631    i.__scatterload_null  mc_w.l(handlers.o)
    0x08003d8c   0x0000000e   Code   RO          632    i.__scatterload_zeroinit  mc_w.l(handlers.o)
    0x08003d9a   0x000017d0   Data   RO          197    .constdata          ili9325.o
    0x0800556a   0x00000128   Data   RO          228    .constdata          ov7725.o
    0x08005692   0x00000002   PAD
    0x08005694   0x00000020   Data   RO          628    Region$$Table       anon$$obj.o


    Execution Region RW_IRAM1 (Base: 0x20000000, Size: 0x0001f840, Max: 0x00020000, ABSOLUTE)

    Base Addr    Size         Type   Attr      Idx    E Section Name        Object

    0x20000000   0x00000001   Data   RW            5    .data               main.o
    0x20000001   0x00000001   PAD
    0x20000002   0x00000002   Data   RW          198    .data               ili9325.o
    0x20000004   0x00000004   Data   RW          229    .data               ov7725.o
    0x20000008   0x00000014   Data   RW          296    .data               pid.o
    0x2000001c   0x00000010   Data   RW          417    .data               stm32f4xx_rcc.o
    0x2000002c   0x00000014   Data   RW          579    .data               system_stm32f4xx.o
    0x20000040   0x0001f400   Zero   RW          227    .bss                ov7725.o
    0x2001f440   0x00000400   Zero   RW          602    STACK               startup_stm32f4xx.o


==============================================================================

Image component sizes


      Code (inc. data)   RO Data    RW Data    ZI Data      Debug   Object Name

       200         10          0          0          0        903   can1.o
        54          0          0          0          0        864   delay.o
      4272         44       6096          2          0      16889   ili9325.o
       206          0          0          0          0       1649   image.o
        64          6          0          0          0        577   led.o
       288         36          0          1          0     259840   main.o
       228         22          0          0          0       2109   misc.o
       290          0          0          0          0       3198   mydataprocess.o
       832         36        296          4     128000       3124   ov7725.o
         0          0          0         20          0        360   pid.o
       816          4          0          0          0       2952   sccb.o
        36          8        392          0       1024        844   startup_stm32f4xx.o
      2540         38          0          0          0       8256   stm32f4xx_can.o
       396          6          0          0          0       3742   stm32f4xx_dcmi.o
       932         32          0          0          0       6585   stm32f4xx_dma.o
      1564         58          0          0          0       5699   stm32f4xx_fsmc.o
       604         36          0          0          0       4349   stm32f4xx_gpio.o
        24          0          0          0          0       1214   stm32f4xx_it.o
      1416         48          0         16          0      11335   stm32f4xx_rcc.o
       524         44          0         20          0       2083   system_stm32f4xx.o

    ----------------------------------------------------------------------
     15292        428       6818         64     129024     336572   Object Totals
         0          0         32          0          0          0   (incl. Generated)
         6          0          2          1          0          0   (incl. Padding)

    ----------------------------------------------------------------------

      Code (inc. data)   RO Data    RW Data    ZI Data      Debug   Library Member Name

         0          0          0          0          0          0   entry.o
         0          0          0          0          0          0   entry10a.o
         0          0          0          0          0          0   entry11a.o
         8          4          0          0          0          0   entry2.o
         4          0          0          0          0          0   entry5.o
         0          0          0          0          0          0   entry7b.o
         0          0          0          0          0          0   entry8b.o
         8          4          0          0          0          0   entry9a.o
        30          0          0          0          0          0   handlers.o
        36          8          0          0          0         68   init.o

    ----------------------------------------------------------------------
        86         16          0          0          0         68   Library Totals
         0          0          0          0          0          0   (incl. Padding)

    ----------------------------------------------------------------------

      Code (inc. data)   RO Data    RW Data    ZI Data      Debug   Library Name

        86         16          0          0          0         68   mc_w.l

    ----------------------------------------------------------------------
        86         16          0          0          0         68   Library Totals

    ----------------------------------------------------------------------

==============================================================================


      Code (inc. data)   RO Data    RW Data    ZI Data      Debug   

     15378        444       6818         64     129024     332940   Grand Totals
     15378        444       6818         64     129024     332940   ELF Image Totals
     15378        444       6818         64          0          0   ROM Totals

==============================================================================

    Total RO  Size (Code + RO Data)                22196 (  21.68kB)
    Total RW  Size (RW Data + ZI Data)            129088 ( 126.06kB)
    Total ROM Size (Code + RO Data + RW Data)      22260 (  21.74kB)

==============================================================================

